Archive member included to satisfy reference by file (symbol)

c:/st/stm32cubeide_1.9.0/stm32cubeide/plugins/com.st.stm32cube.ide.mcu.externaltools.gnu-tools-for-stm32.10.3-2021.10.win32_1.0.0.202111181127/tools/bin/../lib/gcc/arm-none-eabi/10.3.1/../../../../arm-none-eabi/lib/thumb/v7e-m+fp/hard\libc_nano.a(lib_a-errno.o)
                              ./Core/Src/syscalls.o (__errno)
c:/st/stm32cubeide_1.9.0/stm32cubeide/plugins/com.st.stm32cube.ide.mcu.externaltools.gnu-tools-for-stm32.10.3-2021.10.win32_1.0.0.202111181127/tools/bin/../lib/gcc/arm-none-eabi/10.3.1/../../../../arm-none-eabi/lib/thumb/v7e-m+fp/hard\libc_nano.a(lib_a-exit.o)
                              c:/st/stm32cubeide_1.9.0/stm32cubeide/plugins/com.st.stm32cube.ide.mcu.externaltools.gnu-tools-for-stm32.10.3-2021.10.win32_1.0.0.202111181127/tools/bin/../lib/gcc/arm-none-eabi/10.3.1/../../../../arm-none-eabi/lib/thumb/v7e-m+fp/hard/crt0.o (exit)
c:/st/stm32cubeide_1.9.0/stm32cubeide/plugins/com.st.stm32cube.ide.mcu.externaltools.gnu-tools-for-stm32.10.3-2021.10.win32_1.0.0.202111181127/tools/bin/../lib/gcc/arm-none-eabi/10.3.1/../../../../arm-none-eabi/lib/thumb/v7e-m+fp/hard\libc_nano.a(lib_a-findfp.o)
                              ./Middlewares/Third_Party/FreeRTOS/Source/tasks.o (__sf_fake_stderr)
c:/st/stm32cubeide_1.9.0/stm32cubeide/plugins/com.st.stm32cube.ide.mcu.externaltools.gnu-tools-for-stm32.10.3-2021.10.win32_1.0.0.202111181127/tools/bin/../lib/gcc/arm-none-eabi/10.3.1/../../../../arm-none-eabi/lib/thumb/v7e-m+fp/hard\libc_nano.a(lib_a-fwalk.o)
                              c:/st/stm32cubeide_1.9.0/stm32cubeide/plugins/com.st.stm32cube.ide.mcu.externaltools.gnu-tools-for-stm32.10.3-2021.10.win32_1.0.0.202111181127/tools/bin/../lib/gcc/arm-none-eabi/10.3.1/../../../../arm-none-eabi/lib/thumb/v7e-m+fp/hard\libc_nano.a(lib_a-findfp.o) (_fwalk)
c:/st/stm32cubeide_1.9.0/stm32cubeide/plugins/com.st.stm32cube.ide.mcu.externaltools.gnu-tools-for-stm32.10.3-2021.10.win32_1.0.0.202111181127/tools/bin/../lib/gcc/arm-none-eabi/10.3.1/../../../../arm-none-eabi/lib/thumb/v7e-m+fp/hard\libc_nano.a(lib_a-impure.o)
                              c:/st/stm32cubeide_1.9.0/stm32cubeide/plugins/com.st.stm32cube.ide.mcu.externaltools.gnu-tools-for-stm32.10.3-2021.10.win32_1.0.0.202111181127/tools/bin/../lib/gcc/arm-none-eabi/10.3.1/../../../../arm-none-eabi/lib/thumb/v7e-m+fp/hard\libc_nano.a(lib_a-exit.o) (_global_impure_ptr)
c:/st/stm32cubeide_1.9.0/stm32cubeide/plugins/com.st.stm32cube.ide.mcu.externaltools.gnu-tools-for-stm32.10.3-2021.10.win32_1.0.0.202111181127/tools/bin/../lib/gcc/arm-none-eabi/10.3.1/../../../../arm-none-eabi/lib/thumb/v7e-m+fp/hard\libc_nano.a(lib_a-init.o)
                              c:/st/stm32cubeide_1.9.0/stm32cubeide/plugins/com.st.stm32cube.ide.mcu.externaltools.gnu-tools-for-stm32.10.3-2021.10.win32_1.0.0.202111181127/tools/bin/../lib/gcc/arm-none-eabi/10.3.1/../../../../arm-none-eabi/lib/thumb/v7e-m+fp/hard/crt0.o (__libc_init_array)
c:/st/stm32cubeide_1.9.0/stm32cubeide/plugins/com.st.stm32cube.ide.mcu.externaltools.gnu-tools-for-stm32.10.3-2021.10.win32_1.0.0.202111181127/tools/bin/../lib/gcc/arm-none-eabi/10.3.1/../../../../arm-none-eabi/lib/thumb/v7e-m+fp/hard\libc_nano.a(lib_a-lock.o)
                              c:/st/stm32cubeide_1.9.0/stm32cubeide/plugins/com.st.stm32cube.ide.mcu.externaltools.gnu-tools-for-stm32.10.3-2021.10.win32_1.0.0.202111181127/tools/bin/../lib/gcc/arm-none-eabi/10.3.1/../../../../arm-none-eabi/lib/thumb/v7e-m+fp/hard\libc_nano.a(lib_a-findfp.o) (__retarget_lock_init_recursive)
c:/st/stm32cubeide_1.9.0/stm32cubeide/plugins/com.st.stm32cube.ide.mcu.externaltools.gnu-tools-for-stm32.10.3-2021.10.win32_1.0.0.202111181127/tools/bin/../lib/gcc/arm-none-eabi/10.3.1/../../../../arm-none-eabi/lib/thumb/v7e-m+fp/hard\libc_nano.a(lib_a-malloc.o)
                              ./Core/Src/st7735.o (malloc)
c:/st/stm32cubeide_1.9.0/stm32cubeide/plugins/com.st.stm32cube.ide.mcu.externaltools.gnu-tools-for-stm32.10.3-2021.10.win32_1.0.0.202111181127/tools/bin/../lib/gcc/arm-none-eabi/10.3.1/../../../../arm-none-eabi/lib/thumb/v7e-m+fp/hard\libc_nano.a(lib_a-memcpy-stub.o)
                              ./Middlewares/Third_Party/FreeRTOS/Source/CMSIS_RTOS_V2/cmsis_os2.o (memcpy)
c:/st/stm32cubeide_1.9.0/stm32cubeide/plugins/com.st.stm32cube.ide.mcu.externaltools.gnu-tools-for-stm32.10.3-2021.10.win32_1.0.0.202111181127/tools/bin/../lib/gcc/arm-none-eabi/10.3.1/../../../../arm-none-eabi/lib/thumb/v7e-m+fp/hard\libc_nano.a(lib_a-memset.o)
                              c:/st/stm32cubeide_1.9.0/stm32cubeide/plugins/com.st.stm32cube.ide.mcu.externaltools.gnu-tools-for-stm32.10.3-2021.10.win32_1.0.0.202111181127/tools/bin/../lib/gcc/arm-none-eabi/10.3.1/../../../../arm-none-eabi/lib/thumb/v7e-m+fp/hard/crt0.o (memset)
[...]
Memory Configuration

Name             Origin             Length             Attributes
RAM              0x0000000020000000 0x0000000000020000 xrw
FLASH            0x0000000008000000 0x0000000000080000 xr
*default*        0x0000000000000000 0xffffffffffffffff

Linker script and memory map

LOAD c:/st/stm32cubeide_1.9.0/stm32cubeide/plugins/com.st.stm32cube.ide.mcu.externaltools.gnu-tools-for-stm32.10.3-2021.10.win32_1.0.0.202111181127/tools/bin/../lib/gcc/arm-none-eabi/10.3.1/thumb/v7e-m+fp/hard/crti.o
LOAD c:/st/stm32cubeide_1.9.0/stm32cubeide/plugins/com.st.stm32cube.ide.mcu.externaltools.gnu-tools-for-stm32.10.3-2021.10.win32_1.0.0.202111181127/tools/bin/../lib/gcc/arm-none-eabi/10.3.1/thumb/v7e-m+fp/hard/crtbegin.o
LOAD c:/st/stm32cubeide_1.9.0/stm32cubeide/plugins/com.st.stm32cube.ide.mcu.externaltools.gnu-tools-for-stm32.10.3-2021.10.win32_1.0.0.202111181127/tools/bin/../lib/gcc/arm-none-eabi/10.3.1/../../../../arm-none-eabi/lib/thumb/v7e-m+fp/hard/crt0.o
LOAD ./Core/Src/bands.o
LOAD ./Core/Src/crc.o
LOAD ./Core/Src/fonts.o
LOAD ./Core/Src/freertos.o
LOAD ./Core/Src/gpio.o
LOAD ./Core/Src/i2c.o
LOAD ./Core/Src/main.o
LOAD ./Core/Src/spi.o
LOAD ./Core/Src/st7735.o
LOAD ./Core/Src/stm32f4xx_hal_msp.o
LOAD ./Core/Src/stm32f4xx_hal_timebase_tim.o
LOAD ./Core/Src/stm32f4xx_it.o
LOAD ./Core/Src/syscalls.o
LOAD ./Core/Src/sysmem.o
LOAD ./Core/Src/system_stm32f4xx.o
LOAD ./Core/Src/tim.o
LOAD ./Core/Startup/startup_stm32f411ceux.o
LOAD ./Drivers/STM32F4xx_HAL_Driver/Src/stm32f4xx_hal.o
LOAD ./Drivers/STM32F4xx_HAL_Driver/Src/stm32f4xx_hal_cortex.o
LOAD ./Drivers/STM32F4xx_HAL_Driver/Src/stm32f4xx_hal_crc.o
LOAD ./Drivers/STM32F4xx_HAL_Driver/Src/stm32f4xx_hal_dma.o
LOAD ./Drivers/STM32F4xx_HAL_Driver/Src/stm32f4xx_hal_dma_ex.o
LOAD ./Drivers/STM32F4xx_HAL_Driver/Src/stm32f4xx_hal_exti.o
LOAD ./Drivers/STM32F4xx_HAL_Driver/Src/stm32f4xx_hal_flash.o
LOAD ./Drivers/STM32F4xx_HAL_Driver/Src/stm32f4xx_hal_flash_ex.o
LOAD ./Drivers/STM32F4xx_HAL_Driver/Src/stm32f4xx_hal_flash_ramfunc.o
LOAD ./Drivers/STM32F4xx_HAL_Driver/Src/stm32f4xx_hal_gpio.o
LOAD ./Drivers/STM32F4xx_HAL_Driver/Src/stm32f4xx_hal_i2c.o
LOAD ./Drivers/STM32F4xx_HAL_Driver/Src/stm32f4xx_hal_i2c_ex.o
LOAD ./Drivers/STM32F4xx_HAL_Driver/Src/stm32f4xx_hal_pwr.o
LOAD ./Drivers/STM32F4xx_HAL_Driver/Src/stm32f4xx_hal_pwr_ex.o
LOAD ./Drivers/STM32F4xx_HAL_Driver/Src/stm32f4xx_hal_rcc.o
LOAD ./Drivers/STM32F4xx_HAL_Driver/Src/stm32f4xx_hal_rcc_ex.o
LOAD ./Drivers/STM32F4xx_HAL_Driver/Src/stm32f4xx_hal_spi.o
LOAD ./Drivers/STM32F4xx_HAL_Driver/Src/stm32f4xx_hal_tim.o
LOAD ./Drivers/STM32F4xx_HAL_Driver/Src/stm32f4xx_hal_tim_ex.o
LOAD ./Middlewares/Third_Party/FreeRTOS/Source/CMSIS_RTOS_V2/cmsis_os2.o
LOAD ./Middlewares/Third_Party/FreeRTOS/Source/croutine.o
LOAD ./Middlewares/Third_Party/FreeRTOS/Source/event_groups.o
LOAD ./Middlewares/Third_Party/FreeRTOS/Source/list.o
LOAD ./Middlewares/Third_Party/FreeRTOS/Source/queue.o
LOAD ./Middlewares/Third_Party/FreeRTOS/Source/stream_buffer.o
LOAD ./Middlewares/Third_Party/FreeRTOS/Source/tasks.o
LOAD ./Middlewares/Third_Party/FreeRTOS/Source/timers.o
LOAD ./Middlewares/Third_Party/FreeRTOS/Source/portable/GCC/ARM_CM4F/port.o
LOAD ./Middlewares/Third_Party/FreeRTOS/Source/portable/MemMang/heap_4.o
START GROUP
LOAD c:/st/stm32cubeide_1.9.0/stm32cubeide/plugins/com.st.stm32cube.ide.mcu.externaltools.gnu-tools-for-stm32.10.3-2021.10.win32_1.0.0.202111181127/tools/bin/../lib/gcc/arm-none-eabi/10.3.1/../../../../arm-none-eabi/lib/thumb/v7e-m+fp/hard\libstdc++_nano.a
LOAD c:/st/stm32cubeide_1.9.0/stm32cubeide/plugins/com.st.stm32cube.ide.mcu.externaltools.gnu-tools-for-stm32.10.3-2021.10.win32_1.0.0.202111181127/tools/bin/../lib/gcc/arm-none-eabi/10.3.1/../../../../arm-none-eabi/lib/thumb/v7e-m+fp/hard\libsupc++_nano.a
END GROUP
LOAD c:/st/stm32cubeide_1.9.0/stm32cubeide/plugins/com.st.stm32cube.ide.mcu.externaltools.gnu-tools-for-stm32.10.3-2021.10.win32_1.0.0.202111181127/tools/bin/../lib/gcc/arm-none-eabi/10.3.1/../../../../arm-none-eabi/lib/thumb/v7e-m+fp/hard\libstdc++_nano.a
LOAD c:/st/stm32cubeide_1.9.0/stm32cubeide/plugins/com.st.stm32cube.ide.mcu.externaltools.gnu-tools-for-stm32.10.3-2021.10.win32_1.0.0.202111181127/tools/bin/../lib/gcc/arm-none-eabi/10.3.1/../../../../arm-none-eabi/lib/thumb/v7e-m+fp/hard\libm.a
LOAD c:/st/stm32cubeide_1.9.0/stm32cubeide/plugins/com.st.stm32cube.ide.mcu.externaltools.gnu-tools-for-stm32.10.3-2021.10.win32_1.0.0.202111181127/tools/bin/../lib/gcc/arm-none-eabi/10.3.1/../../../../arm-none-eabi/lib/thumb/v7e-m+fp/hard\libc_nano.a
START GROUP
LOAD c:/st/stm32cubeide_1.9.0/stm32cubeide/plugins/com.st.stm32cube.ide.mcu.externaltools.gnu-tools-for-stm32.10.3-2021.10.win32_1.0.0.202111181127/tools/bin/../lib/gcc/arm-none-eabi/10.3.1/thumb/v7e-m+fp/hard\libgcc.a
LOAD c:/st/stm32cubeide_1.9.0/stm32cubeide/plugins/com.st.stm32cube.ide.mcu.externaltools.gnu-tools-for-stm32.10.3-2021.10.win32_1.0.0.202111181127/tools/bin/../lib/gcc/arm-none-eabi/10.3.1/../../../../arm-none-eabi/lib/thumb/v7e-m+fp/hard\libc_nano.a
END GROUP
START GROUP
LOAD c:/st/stm32cubeide_1.9.0/stm32cubeide/plugins/com.st.stm32cube.ide.mcu.externaltools.gnu-tools-for-stm32.10.3-2021.10.win32_1.0.0.202111181127/tools/bin/../lib/gcc/arm-none-eabi/10.3.1/thumb/v7e-m+fp/hard\libgcc.a
LOAD c:/st/stm32cubeide_1.9.0/stm32cubeide/plugins/com.st.stm32cube.ide.mcu.externaltools.gnu-tools-for-stm32.10.3-2021.10.win32_1.0.0.202111181127/tools/bin/../lib/gcc/arm-none-eabi/10.3.1/../../../../arm-none-eabi/lib/thumb/v7e-m+fp/hard\libc_nano.a
LOAD c:/st/stm32cubeide_1.9.0/stm32cubeide/plugins/com.st.stm32cube.ide.mcu.externaltools.gnu-tools-for-stm32.10.3-2021.10.win32_1.0.0.202111181127/tools/bin/../lib/gcc/arm-none-eabi/10.3.1/../../../../arm-none-eabi/lib/thumb/v7e-m+fp/hard\libnosys.a
END GROUP
START GROUP
LOAD c:/st/stm32cubeide_1.9.0/stm32cubeide/plugins/com.st.stm32cube.ide.mcu.externaltools.gnu-tools-for-stm32.10.3-2021.10.win32_1.0.0.202111181127/tools/bin/../lib/gcc/arm-none-eabi/10.3.1/thumb/v7e-m+fp/hard\libgcc.a
LOAD c:/st/stm32cubeide_1.9.0/stm32cubeide/plugins/com.st.stm32cube.ide.mcu.externaltools.gnu-tools-for-stm32.10.3-2021.10.win32_1.0.0.202111181127/tools/bin/../lib/gcc/arm-none-eabi/10.3.1/../../../../arm-none-eabi/lib/thumb/v7e-m+fp/hard\libc_nano.a
LOAD c:/st/stm32cubeide_1.9.0/stm32cubeide/plugins/com.st.stm32cube.ide.mcu.externaltools.gnu-tools-for-stm32.10.3-2021.10.win32_1.0.0.202111181127/tools/bin/../lib/gcc/arm-none-eabi/10.3.1/../../../../arm-none-eabi/lib/thumb/v7e-m+fp/hard\libnosys.a
END GROUP
LOAD c:/st/stm32cubeide_1.9.0/stm32cubeide/plugins/com.st.stm32cube.ide.mcu.externaltools.gnu-tools-for-stm32.10.3-2021.10.win32_1.0.0.202111181127/tools/bin/../lib/gcc/arm-none-eabi/10.3.1/thumb/v7e-m+fp/hard/crtend.o
LOAD c:/st/stm32cubeide_1.9.0/stm32cubeide/plugins/com.st.stm32cube.ide.mcu.externaltools.gnu-tools-for-stm32.10.3-2021.10.win32_1.0.0.202111181127/tools/bin/../lib/gcc/arm-none-eabi/10.3.1/thumb/v7e-m+fp/hard/crtn.o
                0x0000000020020000                _estack = (ORIGIN (RAM) + LENGTH (RAM))
                0x0000000000000200                _Min_Heap_Size = 0x200
                0x0000000000000400                _Min_Stack_Size = 0x400

.isr_vector     0x0000000008000000      0x198
                0x0000000008000000                . = ALIGN (0x4)
 *(.isr_vector)
 .isr_vector    0x0000000008000000      0x198 ./Core/Startup/startup_stm32f411ceux.o
                0x0000000008000000                g_pfnVectors
                0x0000000008000198                . = ALIGN (0x4)

.text           0x00000000080001a0     0x7590
                0x00000000080001a0                . = ALIGN (0x4)
 *(.text)
 .text          0x00000000080001a0       0x40 c:/st/stm32cubeide_1.9.0/stm32cubeide/plugins/com.st.stm32cube.ide.mcu.externaltools.gnu-tools-for-stm32.10.3-2021.10.win32_1.0.0.202111181127/tools/bin/../lib/gcc/arm-none-eabi/10.3.1/thumb/v7e-m+fp/hard/crtbegin.o
 .text          0x00000000080001e0       0xa0 c:/st/stm32cubeide_1.9.0/stm32cubeide/plugins/com.st.stm32cube.ide.mcu.externaltools.gnu-tools-for-stm32.10.3-2021.10.win32_1.0.0.202111181127/tools/bin/../lib/gcc/arm-none-eabi/10.3.1/../../../../arm-none-eabi/lib/thumb/v7e-m+fp/hard\libc_nano.a(lib_a-memchr.o)
                0x00000000080001e0                memchr
 .text          0x0000000008000280       0x30 c:/st/stm32cubeide_1.9.0/stm32cubeide/plugins/com.st.stm32cube.ide.mcu.externaltools.gnu-tools-for-stm32.10.3-2021.10.win32_1.0.0.202111181127/tools/bin/../lib/gcc/arm-none-eabi/10.3.1/thumb/v7e-m+fp/hard\libgcc.a(_aeabi_uldivmod.o)
                0x0000000008000280                __aeabi_uldivmod
 .text          0x00000000080002b0      0x2d0 c:/st/stm32cubeide_1.9.0/stm32cubeide/plugins/com.st.stm32cube.ide.mcu.externaltools.gnu-tools-for-stm32.10.3-2021.10.win32_1.0.0.202111181127/tools/bin/../lib/gcc/arm-none-eabi/10.3.1/thumb/v7e-m+fp/hard\libgcc.a(_udivmoddi4.o)
                0x00000000080002b0                __udivmoddi4
 .text          0x0000000008000580        0x4 c:/st/stm32cubeide_1.9.0/stm32cubeide/plugins/com.st.stm32cube.ide.mcu.externaltools.gnu-tools-for-stm32.10.3-2021.10.win32_1.0.0.202111181127/tools/bin/../lib/gcc/arm-none-eabi/10.3.1/thumb/v7e-m+fp/hard\libgcc.a(_dvmd_tls.o)
                0x0000000008000580                __aeabi_idiv0
                0x0000000008000580                __aeabi_ldiv0
 *(.text*)
 .text.displayBand
                0x0000000008000584       0xf8 ./Core/Src/bands.o
                0x0000000008000584                displayBand
 .text.MX_CRC_Init
                0x000000000800067c       0x28 ./Core/Src/crc.o
                0x000000000800067c                MX_CRC_Init
 .text.HAL_CRC_MspInit
                0x00000000080006a4       0x44 ./Core/Src/crc.o
                0x00000000080006a4                HAL_CRC_MspInit
 .text.MX_FREERTOS_Init
                0x00000000080006e8       0x8c ./Core/Src/freertos.o
                0x00000000080006e8                MX_FREERTOS_Init
 .text.StartDefaultTask
                0x0000000008000774       0x10 ./Core/Src/freertos.o
                0x0000000008000774                StartDefaultTask
 .text.StartDisplayTask
                0x0000000008000784      0x150 ./Core/Src/freertos.o
                0x0000000008000784                StartDisplayTask
 .text.StartEncoderTask
                0x00000000080008d4       0xf4 ./Core/Src/freertos.o
                0x00000000080008d4                StartEncoderTask
 .text.MX_GPIO_Init
                0x00000000080009c8       0xe8 ./Core/Src/gpio.o
                0x00000000080009c8                MX_GPIO_Init
 .text.MX_I2C1_Init
                0x0000000008000ab0       0x5c ./Core/Src/i2c.o
                0x0000000008000ab0                MX_I2C1_Init
 .text.HAL_I2C_MspInit
                0x0000000008000b0c       0x90 ./Core/Src/i2c.o
                0x0000000008000b0c                HAL_I2C_MspInit
 .text.Display_Init
                0x0000000008000b9c       0x68 ./Core/Src/main.o
                0x0000000008000b9c                Display_Init
 .text.main     0x0000000008000c04       0x44 ./Core/Src/main.o
                0x0000000008000c04                main
 .text.SystemClock_Config
                0x0000000008000c48       0xd0 ./Core/Src/main.o
                0x0000000008000c48                SystemClock_Config
 .text.HAL_TIM_PeriodElapsedCallback
                0x0000000008000d18       0x24 ./Core/Src/main.o
                0x0000000008000d18                HAL_TIM_PeriodElapsedCallback
 .text.Error_Handler
                0x0000000008000d3c        0xa ./Core/Src/main.o
                0x0000000008000d3c                Error_Handler
 *fill*         0x0000000008000d46        0x2 
 .text.MX_SPI1_Init
                0x0000000008000d48       0x6c ./Core/Src/spi.o
                0x0000000008000d48                MX_SPI1_Init
 .text.HAL_SPI_MspInit
                0x0000000008000db4       0x90 ./Core/Src/spi.o
                0x0000000008000db4                HAL_SPI_MspInit
 .text.ST7735_Select
                0x0000000008000e44       0x18 ./Core/Src/st7735.o
 .text.ST7735_Unselect
                0x0000000008000e5c       0x18 ./Core/Src/st7735.o
                0x0000000008000e5c                ST7735_Unselect
 .text.ST7735_Reset
                0x0000000008000e74       0x28 ./Core/Src/st7735.o
 .text.ST7735_WriteCommand
                0x0000000008000e9c       0x34 ./Core/Src/st7735.o
 .text.ST7735_WriteData
                0x0000000008000ed0       0x34 ./Core/Src/st7735.o
 .text.ST7735_ExecuteCommandList
                0x0000000008000f04       0x92 ./Core/Src/st7735.o
 .text.ST7735_SetAddressWindow
                0x0000000008000f96       0x78 ./Core/Src/st7735.o
 *fill*         0x000000000800100e        0x2 
 .text.ST7735_Init
                0x0000000008001010       0x34 ./Core/Src/st7735.o
                0x0000000008001010                ST7735_Init
 .text.ST7735_WriteChar
                0x0000000008001044       0xee ./Core/Src/st7735.o
 .text.ST7735_WriteString
                0x0000000008001132       0x94 ./Core/Src/st7735.o
                0x0000000008001132                ST7735_WriteString
 *fill*         0x00000000080011c6        0x2 
 .text.ST7735_FillRectangle
                0x00000000080011c8       0xe4 ./Core/Src/st7735.o
                0x00000000080011c8                ST7735_FillRectangle
 .text.ST7735_FillScreen
                0x00000000080012ac       0x22 ./Core/Src/st7735.o
                0x00000000080012ac                ST7735_FillScreen
 *fill*         0x00000000080012ce        0x2 
 .text.HAL_MspInit
                0x00000000080012d0       0x78 ./Core/Src/stm32f4xx_hal_msp.o
                0x00000000080012d0                HAL_MspInit
 .text.HAL_InitTick
                0x0000000008001348       0xb0 ./Core/Src/stm32f4xx_hal_timebase_tim.o
                0x0000000008001348                HAL_InitTick
 .text.NMI_Handler
                0x00000000080013f8        0x6 ./Core/Src/stm32f4xx_it.o
                0x00000000080013f8                NMI_Handler
 .text.HardFault_Handler
                0x00000000080013fe        0x6 ./Core/Src/stm32f4xx_it.o
                0x00000000080013fe                HardFault_Handler
 .text.MemManage_Handler
                0x0000000008001404        0x6 ./Core/Src/stm32f4xx_it.o
                0x0000000008001404                MemManage_Handler
 .text.BusFault_Handler
                0x000000000800140a        0x6 ./Core/Src/stm32f4xx_it.o
                0x000000000800140a                BusFault_Handler
 .text.UsageFault_Handler
                0x0000000008001410        0x6 ./Core/Src/stm32f4xx_it.o
                0x0000000008001410                UsageFault_Handler
 .text.DebugMon_Handler
                0x0000000008001416        0xe ./Core/Src/stm32f4xx_it.o
                0x0000000008001416                DebugMon_Handler
 .text.RCC_IRQHandler
                0x0000000008001424        0xe ./Core/Src/stm32f4xx_it.o
                0x0000000008001424                RCC_IRQHandler
 .text.EXTI0_IRQHandler
                0x0000000008001432        0xe ./Core/Src/stm32f4xx_it.o
                0x0000000008001432                EXTI0_IRQHandler
 .text.TIM1_UP_TIM10_IRQHandler
                0x0000000008001440       0x14 ./Core/Src/stm32f4xx_it.o
                0x0000000008001440                TIM1_UP_TIM10_IRQHandler
 .text.TIM2_IRQHandler
                0x0000000008001454       0x14 ./Core/Src/stm32f4xx_it.o
                0x0000000008001454                TIM2_IRQHandler
 .text.TIM3_IRQHandler
                0x0000000008001468       0x30 ./Core/Src/stm32f4xx_it.o
                0x0000000008001468                TIM3_IRQHandler
 .text.HAL_GPIO_EXTI_Callback
                0x0000000008001498       0x58 ./Core/Src/stm32f4xx_it.o
                0x0000000008001498                HAL_GPIO_EXTI_Callback
 .text._sbrk    0x00000000080014f0       0x6c ./Core/Src/sysmem.o
                0x00000000080014f0                _sbrk
 .text.SystemInit
                0x000000000800155c       0x24 ./Core/Src/system_stm32f4xx.o
                0x000000000800155c                SystemInit
 .text.MX_TIM2_Init
                0x0000000008001580       0xb0 ./Core/Src/tim.o
                0x0000000008001580                MX_TIM2_Init
 .text.MX_TIM3_Init
                0x0000000008001630       0xa8 ./Core/Src/tim.o
                0x0000000008001630                MX_TIM3_Init
 .text.HAL_TIM_PWM_MspInit
                0x00000000080016d8       0x4c ./Core/Src/tim.o
                0x00000000080016d8                HAL_TIM_PWM_MspInit
 .text.HAL_TIM_Encoder_MspInit
                0x0000000008001724       0xe0 ./Core/Src/tim.o
                0x0000000008001724                HAL_TIM_Encoder_MspInit
 .text.HAL_TIM_MspPostInit
                0x0000000008001804       0x70 ./Core/Src/tim.o
                0x0000000008001804                HAL_TIM_MspPostInit
 .text.Reset_Handler
                0x0000000008001874       0x50 ./Core/Startup/startup_stm32f411ceux.o
                0x0000000008001874                Reset_Handler
 .text.Default_Handler
                0x00000000080018c4        0x2 ./Core/Startup/startup_stm32f411ceux.o
                0x00000000080018c4                RTC_Alarm_IRQHandler
                0x00000000080018c4                EXTI2_IRQHandler
                0x00000000080018c4                SPI4_IRQHandler
                0x00000000080018c4                TIM1_CC_IRQHandler
                0x00000000080018c4                DMA2_Stream5_IRQHandler
                0x00000000080018c4                DMA1_Stream5_IRQHandler
                0x00000000080018c4                PVD_IRQHandler
                0x00000000080018c4                SDIO_IRQHandler
                0x00000000080018c4                TAMP_STAMP_IRQHandler
                0x00000000080018c4                EXTI3_IRQHandler
                0x00000000080018c4                I2C3_ER_IRQHandler
                0x00000000080018c4                I2C2_EV_IRQHandler
                0x00000000080018c4                DMA1_Stream2_IRQHandler
                0x00000000080018c4                FPU_IRQHandler
                0x00000000080018c4                DMA2_Stream2_IRQHandler
                0x00000000080018c4                SPI1_IRQHandler
                0x00000000080018c4                TIM1_BRK_TIM9_IRQHandler
                0x00000000080018c4                DMA2_Stream3_IRQHandler
                0x00000000080018c4                USART6_IRQHandler
                0x00000000080018c4                DMA2_Stream0_IRQHandler
                0x00000000080018c4                TIM4_IRQHandler
                0x00000000080018c4                I2C1_EV_IRQHandler
                0x00000000080018c4                DMA1_Stream6_IRQHandler
                0x00000000080018c4                DMA1_Stream1_IRQHandler
                0x00000000080018c4                Default_Handler
                0x00000000080018c4                EXTI15_10_IRQHandler
                0x00000000080018c4                ADC_IRQHandler
                0x00000000080018c4                DMA1_Stream7_IRQHandler
                0x00000000080018c4                SPI5_IRQHandler
                0x00000000080018c4                TIM5_IRQHandler
                0x00000000080018c4                DMA2_Stream7_IRQHandler
                0x00000000080018c4                I2C3_EV_IRQHandler
                0x00000000080018c4                EXTI9_5_IRQHandler
                0x00000000080018c4                RTC_WKUP_IRQHandler
                0x00000000080018c4                SPI2_IRQHandler
                0x00000000080018c4                DMA1_Stream0_IRQHandler
                0x00000000080018c4                EXTI4_IRQHandler
                0x00000000080018c4                WWDG_IRQHandler
                0x00000000080018c4                OTG_FS_WKUP_IRQHandler
                0x00000000080018c4                TIM1_TRG_COM_TIM11_IRQHandler
                0x00000000080018c4                EXTI1_IRQHandler
                0x00000000080018c4                USART2_IRQHandler
                0x00000000080018c4                I2C2_ER_IRQHandler
                0x00000000080018c4                DMA2_Stream1_IRQHandler
                0x00000000080018c4                FLASH_IRQHandler
                0x00000000080018c4                DMA2_Stream4_IRQHandler
                0x00000000080018c4                USART1_IRQHandler
                0x00000000080018c4                OTG_FS_IRQHandler
                0x00000000080018c4                SPI3_IRQHandler
                0x00000000080018c4                DMA1_Stream4_IRQHandler
                0x00000000080018c4                I2C1_ER_IRQHandler
                0x00000000080018c4                DMA2_Stream6_IRQHandler
                0x00000000080018c4                DMA1_Stream3_IRQHandler
 *fill*         0x00000000080018c6        0x2 
 .text.HAL_Init
                0x00000000080018c8       0x44 ./Drivers/STM32F4xx_HAL_Driver/Src/stm32f4xx_hal.o
                0x00000000080018c8                HAL_Init
 .text.HAL_IncTick
                0x000000000800190c       0x28 ./Drivers/STM32F4xx_HAL_Driver/Src/stm32f4xx_hal.o
                0x000000000800190c                HAL_IncTick
 .text.HAL_GetTick
                0x0000000008001934       0x18 ./Drivers/STM32F4xx_HAL_Driver/Src/stm32f4xx_hal.o
                0x0000000008001934                HAL_GetTick
 .text.HAL_Delay
                0x000000000800194c       0x48 ./Drivers/STM32F4xx_HAL_Driver/Src/stm32f4xx_hal.o
                0x000000000800194c                HAL_Delay
 .text.__NVIC_SetPriorityGrouping
                0x0000000008001994       0x48 ./Drivers/STM32F4xx_HAL_Driver/Src/stm32f4xx_hal_cortex.o
 .text.__NVIC_GetPriorityGrouping
                0x00000000080019dc       0x1c ./Drivers/STM32F4xx_HAL_Driver/Src/stm32f4xx_hal_cortex.o
 .text.__NVIC_EnableIRQ
                0x00000000080019f8       0x3c ./Drivers/STM32F4xx_HAL_Driver/Src/stm32f4xx_hal_cortex.o
 .text.__NVIC_SetPriority
                0x0000000008001a34       0x54 ./Drivers/STM32F4xx_HAL_Driver/Src/stm32f4xx_hal_cortex.o
 .text.NVIC_EncodePriority
                0x0000000008001a88       0x66 ./Drivers/STM32F4xx_HAL_Driver/Src/stm32f4xx_hal_cortex.o
 .text.HAL_NVIC_SetPriorityGrouping
                0x0000000008001aee       0x16 ./Drivers/STM32F4xx_HAL_Driver/Src/stm32f4xx_hal_cortex.o
                0x0000000008001aee                HAL_NVIC_SetPriorityGrouping
 .text.HAL_NVIC_SetPriority
                0x0000000008001b04       0x38 ./Drivers/STM32F4xx_HAL_Driver/Src/stm32f4xx_hal_cortex.o
                0x0000000008001b04                HAL_NVIC_SetPriority
 .text.HAL_NVIC_EnableIRQ
                0x0000000008001b3c       0x1c ./Drivers/STM32F4xx_HAL_Driver/Src/stm32f4xx_hal_cortex.o
                0x0000000008001b3c                HAL_NVIC_EnableIRQ
 .text.HAL_CRC_Init
                0x0000000008001b58       0x38 ./Drivers/STM32F4xx_HAL_Driver/Src/stm32f4xx_hal_crc.o
                0x0000000008001b58                HAL_CRC_Init
 .text.HAL_GPIO_Init
                0x0000000008001b90      0x308 ./Drivers/STM32F4xx_HAL_Driver/Src/stm32f4xx_hal_gpio.o
                0x0000000008001b90                HAL_GPIO_Init
 .text.HAL_GPIO_WritePin
                0x0000000008001e98       0x32 ./Drivers/STM32F4xx_HAL_Driver/Src/stm32f4xx_hal_gpio.o
                0x0000000008001e98                HAL_GPIO_WritePin
 *fill*         0x0000000008001eca        0x2 
 .text.HAL_GPIO_EXTI_IRQHandler
                0x0000000008001ecc       0x30 ./Drivers/STM32F4xx_HAL_Driver/Src/stm32f4xx_hal_gpio.o
                0x0000000008001ecc                HAL_GPIO_EXTI_IRQHandler
 .text.HAL_I2C_Init
                0x0000000008001efc      0x288 ./Drivers/STM32F4xx_HAL_Driver/Src/stm32f4xx_hal_i2c.o
                0x0000000008001efc                HAL_I2C_Init
 .text.HAL_RCC_OscConfig
                0x0000000008002184      0x4f0 ./Drivers/STM32F4xx_HAL_Driver/Src/stm32f4xx_hal_rcc.o
                0x0000000008002184                HAL_RCC_OscConfig
 .text.HAL_RCC_ClockConfig
                0x0000000008002674      0x1cc ./Drivers/STM32F4xx_HAL_Driver/Src/stm32f4xx_hal_rcc.o
                0x0000000008002674                HAL_RCC_ClockConfig
 .text.HAL_RCC_GetSysClockFreq
                0x0000000008002840      0x18c ./Drivers/STM32F4xx_HAL_Driver/Src/stm32f4xx_hal_rcc.o
                0x0000000008002840                HAL_RCC_GetSysClockFreq
 .text.HAL_RCC_GetHCLKFreq
                0x00000000080029cc       0x18 ./Drivers/STM32F4xx_HAL_Driver/Src/stm32f4xx_hal_rcc.o
                0x00000000080029cc                HAL_RCC_GetHCLKFreq
 .text.HAL_RCC_GetPCLK1Freq
                0x00000000080029e4       0x28 ./Drivers/STM32F4xx_HAL_Driver/Src/stm32f4xx_hal_rcc.o
                0x00000000080029e4                HAL_RCC_GetPCLK1Freq
 .text.HAL_RCC_GetPCLK2Freq
                0x0000000008002a0c       0x28 ./Drivers/STM32F4xx_HAL_Driver/Src/stm32f4xx_hal_rcc.o
                0x0000000008002a0c                HAL_RCC_GetPCLK2Freq
 .text.HAL_RCC_GetClockConfig
                0x0000000008002a34       0x64 ./Drivers/STM32F4xx_HAL_Driver/Src/stm32f4xx_hal_rcc.o
                0x0000000008002a34                HAL_RCC_GetClockConfig
 .text.HAL_SPI_Init
                0x0000000008002a98      0x112 ./Drivers/STM32F4xx_HAL_Driver/Src/stm32f4xx_hal_spi.o
                0x0000000008002a98                HAL_SPI_Init
 .text.HAL_SPI_Transmit
                0x0000000008002baa      0x278 ./Drivers/STM32F4xx_HAL_Driver/Src/stm32f4xx_hal_spi.o
                0x0000000008002baa                HAL_SPI_Transmit
 *fill*         0x0000000008002e22        0x2 
 .text.SPI_WaitFlagStateUntilTimeout
                0x0000000008002e24      0x110 ./Drivers/STM32F4xx_HAL_Driver/Src/stm32f4xx_hal_spi.o
 .text.SPI_EndRxTxTransaction
                0x0000000008002f34       0x84 ./Drivers/STM32F4xx_HAL_Driver/Src/stm32f4xx_hal_spi.o
 .text.HAL_TIM_Base_Init
                0x0000000008002fb8       0x9e ./Drivers/STM32F4xx_HAL_Driver/Src/stm32f4xx_hal_tim.o
                0x0000000008002fb8                HAL_TIM_Base_Init
 .text.HAL_TIM_Base_MspInit
                0x0000000008003056       0x14 ./Drivers/STM32F4xx_HAL_Driver/Src/stm32f4xx_hal_tim.o
                0x0000000008003056                HAL_TIM_Base_MspInit
 *fill*         0x000000000800306a        0x2 
 .text.HAL_TIM_Base_Start_IT
                0x000000000800306c       0xc4 ./Drivers/STM32F4xx_HAL_Driver/Src/stm32f4xx_hal_tim.o
                0x000000000800306c                HAL_TIM_Base_Start_IT
 .text.HAL_TIM_PWM_Init
                0x0000000008003130       0x9e ./Drivers/STM32F4xx_HAL_Driver/Src/stm32f4xx_hal_tim.o
                0x0000000008003130                HAL_TIM_PWM_Init
 .text.HAL_TIM_Encoder_Init
                0x00000000080031ce      0x14c ./Drivers/STM32F4xx_HAL_Driver/Src/stm32f4xx_hal_tim.o
                0x00000000080031ce                HAL_TIM_Encoder_Init
 .text.HAL_TIM_Encoder_Start
                0x000000000800331a      0x11c ./Drivers/STM32F4xx_HAL_Driver/Src/stm32f4xx_hal_tim.o
                0x000000000800331a                HAL_TIM_Encoder_Start
 .text.HAL_TIM_IRQHandler
                0x0000000008003436      0x210 ./Drivers/STM32F4xx_HAL_Driver/Src/stm32f4xx_hal_tim.o
                0x0000000008003436                HAL_TIM_IRQHandler
 *fill*         0x0000000008003646        0x2 
 .text.HAL_TIM_PWM_ConfigChannel
                0x0000000008003648      0x184 ./Drivers/STM32F4xx_HAL_Driver/Src/stm32f4xx_hal_tim.o
                0x0000000008003648                HAL_TIM_PWM_ConfigChannel
 .text.HAL_TIM_OC_DelayElapsedCallback
                0x00000000080037cc       0x14 ./Drivers/STM32F4xx_HAL_Driver/Src/stm32f4xx_hal_tim.o
                0x00000000080037cc                HAL_TIM_OC_DelayElapsedCallback
 .text.HAL_TIM_IC_CaptureCallback
                0x00000000080037e0       0x14 ./Drivers/STM32F4xx_HAL_Driver/Src/stm32f4xx_hal_tim.o
                0x00000000080037e0                HAL_TIM_IC_CaptureCallback
 .text.HAL_TIM_PWM_PulseFinishedCallback
                0x00000000080037f4       0x14 ./Drivers/STM32F4xx_HAL_Driver/Src/stm32f4xx_hal_tim.o
                0x00000000080037f4                HAL_TIM_PWM_PulseFinishedCallback
 .text.HAL_TIM_TriggerCallback
                0x0000000008003808       0x14 ./Drivers/STM32F4xx_HAL_Driver/Src/stm32f4xx_hal_tim.o
                0x0000000008003808                HAL_TIM_TriggerCallback
 .text.TIM_Base_SetConfig
                0x000000000800381c      0x100 ./Drivers/STM32F4xx_HAL_Driver/Src/stm32f4xx_hal_tim.o
                0x000000000800381c                TIM_Base_SetConfig
 .text.TIM_OC1_SetConfig
                0x000000000800391c       0xcc ./Drivers/STM32F4xx_HAL_Driver/Src/stm32f4xx_hal_tim.o
 .text.TIM_OC2_SetConfig
                0x00000000080039e8       0xd8 ./Drivers/STM32F4xx_HAL_Driver/Src/stm32f4xx_hal_tim.o
                0x00000000080039e8                TIM_OC2_SetConfig
 .text.TIM_OC3_SetConfig
                0x0000000008003ac0       0xd4 ./Drivers/STM32F4xx_HAL_Driver/Src/stm32f4xx_hal_tim.o
 .text.TIM_OC4_SetConfig
                0x0000000008003b94       0xa0 ./Drivers/STM32F4xx_HAL_Driver/Src/stm32f4xx_hal_tim.o
 .text.TIM_CCxChannelCmd
                0x0000000008003c34       0x4a ./Drivers/STM32F4xx_HAL_Driver/Src/stm32f4xx_hal_tim.o
                0x0000000008003c34                TIM_CCxChannelCmd
 *fill*         0x0000000008003c7e        0x2 
 .text.HAL_TIMEx_MasterConfigSynchronization
                0x0000000008003c80       0xdc ./Drivers/STM32F4xx_HAL_Driver/Src/stm32f4xx_hal_tim_ex.o
                0x0000000008003c80                HAL_TIMEx_MasterConfigSynchronization
 .text.HAL_TIMEx_CommutCallback
                0x0000000008003d5c       0x14 ./Drivers/STM32F4xx_HAL_Driver/Src/stm32f4xx_hal_tim_ex.o
                0x0000000008003d5c                HAL_TIMEx_CommutCallback
 .text.HAL_TIMEx_BreakCallback
                0x0000000008003d70       0x14 ./Drivers/STM32F4xx_HAL_Driver/Src/stm32f4xx_hal_tim_ex.o
                0x0000000008003d70                HAL_TIMEx_BreakCallback
 .text.__NVIC_SetPriority
                0x0000000008003d84       0x54 ./Middlewares/Third_Party/FreeRTOS/Source/CMSIS_RTOS_V2/cmsis_os2.o
 .text.SysTick_Handler
                0x0000000008003dd8       0x20 ./Middlewares/Third_Party/FreeRTOS/Source/CMSIS_RTOS_V2/cmsis_os2.o
                0x0000000008003dd8                SysTick_Handler
 .text.SVC_Setup
                0x0000000008003df8       0x12 ./Middlewares/Third_Party/FreeRTOS/Source/CMSIS_RTOS_V2/cmsis_os2.o
 *fill*         0x0000000008003e0a        0x2 
 .text.osKernelInitialize
                0x0000000008003e0c       0x48 ./Middlewares/Third_Party/FreeRTOS/Source/CMSIS_RTOS_V2/cmsis_os2.o
                0x0000000008003e0c                osKernelInitialize
 .text.osKernelStart
                0x0000000008003e54       0x4c ./Middlewares/Third_Party/FreeRTOS/Source/CMSIS_RTOS_V2/cmsis_os2.o
                0x0000000008003e54                osKernelStart
 .text.osThreadNew
                0x0000000008003ea0      0x124 ./Middlewares/Third_Party/FreeRTOS/Source/CMSIS_RTOS_V2/cmsis_os2.o
                0x0000000008003ea0                osThreadNew
 .text.osDelay  0x0000000008003fc4       0x36 ./Middlewares/Third_Party/FreeRTOS/Source/CMSIS_RTOS_V2/cmsis_os2.o
                0x0000000008003fc4                osDelay
 .text.osMessageQueueNew
                0x0000000008003ffa       0xe6 ./Middlewares/Third_Party/FreeRTOS/Source/CMSIS_RTOS_V2/cmsis_os2.o
                0x0000000008003ffa                osMessageQueueNew
 .text.osMessageQueuePut
                0x00000000080040e0       0xc0 ./Middlewares/Third_Party/FreeRTOS/Source/CMSIS_RTOS_V2/cmsis_os2.o
                0x00000000080040e0                osMessageQueuePut
 .text.osMessageQueueGet
                0x00000000080041a0       0xbc ./Middlewares/Third_Party/FreeRTOS/Source/CMSIS_RTOS_V2/cmsis_os2.o
                0x00000000080041a0                osMessageQueueGet
 .text.vApplicationGetIdleTaskMemory
                0x000000000800425c       0x34 ./Middlewares/Third_Party/FreeRTOS/Source/CMSIS_RTOS_V2/cmsis_os2.o
                0x000000000800425c                vApplicationGetIdleTaskMemory
 .text.vApplicationGetTimerTaskMemory
                0x0000000008004290       0x34 ./Middlewares/Third_Party/FreeRTOS/Source/CMSIS_RTOS_V2/cmsis_os2.o
                0x0000000008004290                vApplicationGetTimerTaskMemory
 .text.vListInitialise
                0x00000000080042c4       0x40 ./Middlewares/Third_Party/FreeRTOS/Source/list.o
                0x00000000080042c4                vListInitialise
 .text.vListInitialiseItem
                0x0000000008004304       0x1a ./Middlewares/Third_Party/FreeRTOS/Source/list.o
                0x0000000008004304                vListInitialiseItem
 .text.vListInsertEnd
                0x000000000800431e       0x48 ./Middlewares/Third_Party/FreeRTOS/Source/list.o
                0x000000000800431e                vListInsertEnd
 .text.vListInsert
                0x0000000008004366       0x72 ./Middlewares/Third_Party/FreeRTOS/Source/list.o
                0x0000000008004366                vListInsert
 .text.uxListRemove
                0x00000000080043d8       0x54 ./Middlewares/Third_Party/FreeRTOS/Source/list.o
                0x00000000080043d8                uxListRemove
 .text.xQueueGenericReset
                0x000000000800442c       0xd0 ./Middlewares/Third_Party/FreeRTOS/Source/queue.o
                0x000000000800442c                xQueueGenericReset
 .text.xQueueGenericCreateStatic
                0x00000000080044fc       0xf0 ./Middlewares/Third_Party/FreeRTOS/Source/queue.o
                0x00000000080044fc                xQueueGenericCreateStatic
 .text.xQueueGenericCreate
                0x00000000080045ec       0x74 ./Middlewares/Third_Party/FreeRTOS/Source/queue.o
                0x00000000080045ec                xQueueGenericCreate
 .text.prvInitialiseNewQueue
                0x0000000008004660       0x46 ./Middlewares/Third_Party/FreeRTOS/Source/queue.o
 *fill*         0x00000000080046a6        0x2 
 .text.xQueueGenericSend
                0x00000000080046a8      0x1fc ./Middlewares/Third_Party/FreeRTOS/Source/queue.o
                0x00000000080046a8                xQueueGenericSend
 .text.xQueueGenericSendFromISR
                0x00000000080048a4      0x136 ./Middlewares/Third_Party/FreeRTOS/Source/queue.o
                0x00000000080048a4                xQueueGenericSendFromISR
 *fill*         0x00000000080049da        0x2 
 .text.xQueueReceive
                0x00000000080049dc      0x1c0 ./Middlewares/Third_Party/FreeRTOS/Source/queue.o
                0x00000000080049dc                xQueueReceive
 .text.xQueueReceiveFromISR
                0x0000000008004b9c      0x100 ./Middlewares/Third_Party/FreeRTOS/Source/queue.o
                0x0000000008004b9c                xQueueReceiveFromISR
 .text.prvCopyDataToQueue
                0x0000000008004c9c       0xd4 ./Middlewares/Third_Party/FreeRTOS/Source/queue.o
 .text.prvCopyDataFromQueue
                0x0000000008004d70       0x4c ./Middlewares/Third_Party/FreeRTOS/Source/queue.o
 .text.prvUnlockQueue
                0x0000000008004dbc       0xa4 ./Middlewares/Third_Party/FreeRTOS/Source/queue.o
 .text.prvIsQueueEmpty
                0x0000000008004e60       0x2c ./Middlewares/Third_Party/FreeRTOS/Source/queue.o
 .text.prvIsQueueFull
                0x0000000008004e8c       0x30 ./Middlewares/Third_Party/FreeRTOS/Source/queue.o
 .text.vQueueAddToRegistry
                0x0000000008004ebc       0x54 ./Middlewares/Third_Party/FreeRTOS/Source/queue.o
                0x0000000008004ebc                vQueueAddToRegistry
 .text.vQueueWaitForMessageRestricted
                0x0000000008004f10       0x68 ./Middlewares/Third_Party/FreeRTOS/Source/queue.o
                0x0000000008004f10                vQueueWaitForMessageRestricted
 .text.xTaskCreateStatic
                0x0000000008004f78       0xba ./Middlewares/Third_Party/FreeRTOS/Source/tasks.o
                0x0000000008004f78                xTaskCreateStatic
 .text.xTaskCreate
                0x0000000008005032       0x8a ./Middlewares/Third_Party/FreeRTOS/Source/tasks.o
                0x0000000008005032                xTaskCreate
 .text.prvInitialiseNewTask
                0x00000000080050bc      0x14c ./Middlewares/Third_Party/FreeRTOS/Source/tasks.o
 .text.prvAddNewTaskToReadyList
                0x0000000008005208       0xe0 ./Middlewares/Third_Party/FreeRTOS/Source/tasks.o
 .text.vTaskDelay
                0x00000000080052e8       0x68 ./Middlewares/Third_Party/FreeRTOS/Source/tasks.o
                0x00000000080052e8                vTaskDelay
 .text.vTaskStartScheduler
                0x0000000008005350       0xe0 ./Middlewares/Third_Party/FreeRTOS/Source/tasks.o
                0x0000000008005350                vTaskStartScheduler
 .text.vTaskSuspendAll
                0x0000000008005430       0x1c ./Middlewares/Third_Party/FreeRTOS/Source/tasks.o
                0x0000000008005430                vTaskSuspendAll
 .text.xTaskResumeAll
                0x000000000800544c      0x13c ./Middlewares/Third_Party/FreeRTOS/Source/tasks.o
                0x000000000800544c                xTaskResumeAll
 .text.xTaskGetTickCount
                0x0000000008005588       0x20 ./Middlewares/Third_Party/FreeRTOS/Source/tasks.o
                0x0000000008005588                xTaskGetTickCount
 .text.xTaskIncrementTick
                0x00000000080055a8      0x174 ./Middlewares/Third_Party/FreeRTOS/Source/tasks.o
                0x00000000080055a8                xTaskIncrementTick
 .text.vTaskSwitchContext
                0x000000000800571c       0xc8 ./Middlewares/Third_Party/FreeRTOS/Source/tasks.o
                0x000000000800571c                vTaskSwitchContext
 .text.vTaskPlaceOnEventList
                0x00000000080057e4       0x48 ./Middlewares/Third_Party/FreeRTOS/Source/tasks.o
                0x00000000080057e4                vTaskPlaceOnEventList
 .text.vTaskPlaceOnEventListRestricted
                0x000000000800582c       0x58 ./Middlewares/Third_Party/FreeRTOS/Source/tasks.o
                0x000000000800582c                vTaskPlaceOnEventListRestricted
 .text.xTaskRemoveFromEventList
                0x0000000008005884       0xc8 ./Middlewares/Third_Party/FreeRTOS/Source/tasks.o
                0x0000000008005884                xTaskRemoveFromEventList
 .text.vTaskInternalSetTimeOutState
                0x000000000800594c       0x2c ./Middlewares/Third_Party/FreeRTOS/Source/tasks.o
                0x000000000800594c                vTaskInternalSetTimeOutState
 .text.xTaskCheckForTimeOut
                0x0000000008005978       0xc4 ./Middlewares/Third_Party/FreeRTOS/Source/tasks.o
                0x0000000008005978                xTaskCheckForTimeOut
 .text.vTaskMissedYield
                0x0000000008005a3c       0x18 ./Middlewares/Third_Party/FreeRTOS/Source/tasks.o
                0x0000000008005a3c                vTaskMissedYield
 .text.prvIdleTask
                0x0000000008005a54       0x30 ./Middlewares/Third_Party/FreeRTOS/Source/tasks.o
 .text.prvInitialiseTaskLists
                0x0000000008005a84       0x80 ./Middlewares/Third_Party/FreeRTOS/Source/tasks.o
 .text.prvCheckTasksWaitingTermination
                0x0000000008005b04       0x5c ./Middlewares/Third_Party/FreeRTOS/Source/tasks.o
 .text.prvDeleteTCB
                0x0000000008005b60       0x68 ./Middlewares/Third_Party/FreeRTOS/Source/tasks.o
 .text.prvResetNextTaskUnblockTime
                0x0000000008005bc8       0x40 ./Middlewares/Third_Party/FreeRTOS/Source/tasks.o
 .text.xTaskGetSchedulerState
                0x0000000008005c08       0x3c ./Middlewares/Third_Party/FreeRTOS/Source/tasks.o
                0x0000000008005c08                xTaskGetSchedulerState
 .text.xTaskPriorityDisinherit
                0x0000000008005c44       0xdc ./Middlewares/Third_Party/FreeRTOS/Source/tasks.o
                0x0000000008005c44                xTaskPriorityDisinherit
 .text.prvAddCurrentTaskToDelayedList
                0x0000000008005d20       0xa8 ./Middlewares/Third_Party/FreeRTOS/Source/tasks.o
 .text.xTimerCreateTimerTask
                0x0000000008005dc8       0x90 ./Middlewares/Third_Party/FreeRTOS/Source/timers.o
                0x0000000008005dc8                xTimerCreateTimerTask
 .text.xTimerGenericCommand
                0x0000000008005e58       0x9c ./Middlewares/Third_Party/FreeRTOS/Source/timers.o
                0x0000000008005e58                xTimerGenericCommand
 .text.prvProcessExpiredTimer
                0x0000000008005ef4       0x98 ./Middlewares/Third_Party/FreeRTOS/Source/timers.o
 .text.prvTimerTask
                0x0000000008005f8c       0x24 ./Middlewares/Third_Party/FreeRTOS/Source/timers.o
 .text.prvProcessTimerOrBlockTask
                0x0000000008005fb0       0x9c ./Middlewares/Third_Party/FreeRTOS/Source/timers.o
 .text.prvGetNextExpireTime
                0x000000000800604c       0x48 ./Middlewares/Third_Party/FreeRTOS/Source/timers.o
 .text.prvSampleTimeNow
                0x0000000008006094       0x40 ./Middlewares/Third_Party/FreeRTOS/Source/timers.o
 .text.prvInsertTimerInActiveList
                0x00000000080060d4       0x84 ./Middlewares/Third_Party/FreeRTOS/Source/timers.o
 .text.prvProcessReceivedCommands
                0x0000000008006158      0x1c4 ./Middlewares/Third_Party/FreeRTOS/Source/timers.o
 .text.prvSwitchTimerLists
                0x000000000800631c       0xc8 ./Middlewares/Third_Party/FreeRTOS/Source/timers.o
 .text.prvCheckForValidListAndQueue
                0x00000000080063e4       0x80 ./Middlewares/Third_Party/FreeRTOS/Source/timers.o
 .text.pxPortInitialiseStack
                0x0000000008006464       0x68 ./Middlewares/Third_Party/FreeRTOS/Source/portable/GCC/ARM_CM4F/port.o
                0x0000000008006464                pxPortInitialiseStack
 .text.prvTaskExitError
                0x00000000080064cc       0x58 ./Middlewares/Third_Party/FreeRTOS/Source/portable/GCC/ARM_CM4F/port.o
 *fill*         0x0000000008006524        0xc 
 .text.SVC_Handler
                0x0000000008006530       0x28 ./Middlewares/Third_Party/FreeRTOS/Source/portable/GCC/ARM_CM4F/port.o
                0x0000000008006530                SVC_Handler
 .text.prvPortStartFirstTask
                0x0000000008006558       0x28 ./Middlewares/Third_Party/FreeRTOS/Source/portable/GCC/ARM_CM4F/port.o
 .text.xPortStartScheduler
                0x0000000008006580      0x144 ./Middlewares/Third_Party/FreeRTOS/Source/portable/GCC/ARM_CM4F/port.o
                0x0000000008006580                xPortStartScheduler
 .text.vPortEnterCritical
                0x00000000080066c4       0x60 ./Middlewares/Third_Party/FreeRTOS/Source/portable/GCC/ARM_CM4F/port.o
                0x00000000080066c4                vPortEnterCritical
 .text.vPortExitCritical
                0x0000000008006724       0x54 ./Middlewares/Third_Party/FreeRTOS/Source/portable/GCC/ARM_CM4F/port.o
                0x0000000008006724                vPortExitCritical
 *fill*         0x0000000008006778        0x8 
 .text.PendSV_Handler
                0x0000000008006780       0x68 ./Middlewares/Third_Party/FreeRTOS/Source/portable/GCC/ARM_CM4F/port.o
                0x0000000008006780                PendSV_Handler
 .text.xPortSysTickHandler
                0x00000000080067e8       0x44 ./Middlewares/Third_Party/FreeRTOS/Source/portable/GCC/ARM_CM4F/port.o
                0x00000000080067e8                xPortSysTickHandler
 .text.vPortSetupTimerInterrupt
                0x000000000800682c       0x48 ./Middlewares/Third_Party/FreeRTOS/Source/portable/GCC/ARM_CM4F/port.o
                0x000000000800682c                vPortSetupTimerInterrupt
 .text.vPortEnableVFP
                0x0000000008006874       0x14 ./Middlewares/Third_Party/FreeRTOS/Source/portable/GCC/ARM_CM4F/port.o
 .text.vPortValidateInterruptPriority
                0x0000000008006888       0x80 ./Middlewares/Third_Party/FreeRTOS/Source/portable/GCC/ARM_CM4F/port.o
                0x0000000008006888                vPortValidateInterruptPriority
 .text.pvPortMalloc
                0x0000000008006908      0x198 ./Middlewares/Third_Party/FreeRTOS/Source/portable/MemMang/heap_4.o
                0x0000000008006908                pvPortMalloc
 .text.vPortFree
                0x0000000008006aa0       0xc4 ./Middlewares/Third_Party/FreeRTOS/Source/portable/MemMang/heap_4.o
                0x0000000008006aa0                vPortFree
 .text.prvHeapInit
                0x0000000008006b64       0xc4 ./Middlewares/Third_Party/FreeRTOS/Source/portable/MemMang/heap_4.o
 .text.prvInsertBlockIntoFreeList
                0x0000000008006c28       0xb4 ./Middlewares/Third_Party/FreeRTOS/Source/portable/MemMang/heap_4.o
 .text.__errno  0x0000000008006cdc        0xc c:/st/stm32cubeide_1.9.0/stm32cubeide/plugins/com.st.stm32cube.ide.mcu.externaltools.gnu-tools-for-stm32.10.3-2021.10.win32_1.0.0.202111181127/tools/bin/../lib/gcc/arm-none-eabi/10.3.1/../../../../arm-none-eabi/lib/thumb/v7e-m+fp/hard\libc_nano.a(lib_a-errno.o)
                0x0000000008006cdc                __errno
 .text.__libc_init_array
                0x0000000008006ce8       0x48 c:/st/stm32cubeide_1.9.0/stm32cubeide/plugins/com.st.stm32cube.ide.mcu.externaltools.gnu-tools-for-stm32.10.3-2021.10.win32_1.0.0.202111181127/tools/bin/../lib/gcc/arm-none-eabi/10.3.1/../../../../arm-none-eabi/lib/thumb/v7e-m+fp/hard\libc_nano.a(lib_a-init.o)
                0x0000000008006ce8                __libc_init_array
 .text.__retarget_lock_acquire_recursive
                0x0000000008006d30        0x2 c:/st/stm32cubeide_1.9.0/stm32cubeide/plugins/com.st.stm32cube.ide.mcu.externaltools.gnu-tools-for-stm32.10.3-2021.10.win32_1.0.0.202111181127/tools/bin/../lib/gcc/arm-none-eabi/10.3.1/../../../../arm-none-eabi/lib/thumb/v7e-m+fp/hard\libc_nano.a(lib_a-lock.o)
                0x0000000008006d30                __retarget_lock_acquire_recursive
 .text.__retarget_lock_release_recursive
                0x0000000008006d32        0x2 c:/st/stm32cubeide_1.9.0/stm32cubeide/plugins/com.st.stm32cube.ide.mcu.externaltools.gnu-tools-for-stm32.10.3-2021.10.win32_1.0.0.202111181127/tools/bin/../lib/gcc/arm-none-eabi/10.3.1/../../../../arm-none-eabi/lib/thumb/v7e-m+fp/hard\libc_nano.a(lib_a-lock.o)
                0x0000000008006d32                __retarget_lock_release_recursive
 .text.memcpy   0x0000000008006d34       0x1c c:/st/stm32cubeide_1.9.0/stm32cubeide/plugins/com.st.stm32cube.ide.mcu.externaltools.gnu-tools-for-stm32.10.3-2021.10.win32_1.0.0.202111181127/tools/bin/../lib/gcc/arm-none-eabi/10.3.1/../../../../arm-none-eabi/lib/thumb/v7e-m+fp/hard\libc_nano.a(lib_a-memcpy-stub.o)
                0x0000000008006d34                memcpy
 .text.memset   0x0000000008006d50       0x10 c:/st/stm32cubeide_1.9.0/stm32cubeide/plugins/com.st.stm32cube.ide.mcu.externaltools.gnu-tools-for-stm32.10.3-2021.10.win32_1.0.0.202111181127/tools/bin/../lib/gcc/arm-none-eabi/10.3.1/../../../../arm-none-eabi/lib/thumb/v7e-m+fp/hard\libc_nano.a(lib_a-memset.o)
                0x0000000008006d50                memset
 .text._free_r  0x0000000008006d60       0x98 c:/st/stm32cubeide_1.9.0/stm32cubeide/plugins/com.st.stm32cube.ide.mcu.externaltools.gnu-tools-for-stm32.10.3-2021.10.win32_1.0.0.202111181127/tools/bin/../lib/gcc/arm-none-eabi/10.3.1/../../../../arm-none-eabi/lib/thumb/v7e-m+fp/hard\libc_nano.a(lib_a-nano-freer.o)
                0x0000000008006d60                _free_r
 .text.sbrk_aligned
                0x0000000008006df8       0x40 c:/st/stm32cubeide_1.9.0/stm32cubeide/plugins/com.st.stm32cube.ide.mcu.externaltools.gnu-tools-for-stm32.10.3-2021.10.win32_1.0.0.202111181127/tools/bin/../lib/gcc/arm-none-eabi/10.3.1/../../../../arm-none-eabi/lib/thumb/v7e-m+fp/hard\libc_nano.a(lib_a-nano-mallocr.o)
 .text._malloc_r
                0x0000000008006e38       0xe8 c:/st/stm32cubeide_1.9.0/stm32cubeide/plugins/com.st.stm32cube.ide.mcu.externaltools.gnu-tools-for-stm32.10.3-2021.10.win32_1.0.0.202111181127/tools/bin/../lib/gcc/arm-none-eabi/10.3.1/../../../../arm-none-eabi/lib/thumb/v7e-m+fp/hard\libc_nano.a(lib_a-nano-mallocr.o)
                0x0000000008006e38                _malloc_r
 .text.cleanup_glue
                0x0000000008006f20       0x1a c:/st/stm32cubeide_1.9.0/stm32cubeide/plugins/com.st.stm32cube.ide.mcu.externaltools.gnu-tools-for-stm32.10.3-2021.10.win32_1.0.0.202111181127/tools/bin/../lib/gcc/arm-none-eabi/10.3.1/../../../../arm-none-eabi/lib/thumb/v7e-m+fp/hard\libc_nano.a(lib_a-reent.o)
                0x0000000008006f20                cleanup_glue
 *fill*         0x0000000008006f3a        0x2 
 .text._reclaim_reent
                0x0000000008006f3c       0xb8 c:/st/stm32cubeide_1.9.0/stm32cubeide/plugins/com.st.stm32cube.ide.mcu.externaltools.gnu-tools-for-stm32.10.3-2021.10.win32_1.0.0.202111181127/tools/bin/../lib/gcc/arm-none-eabi/10.3.1/../../../../arm-none-eabi/lib/thumb/v7e-m+fp/hard\libc_nano.a(lib_a-reent.o)
                0x0000000008006f3c                _reclaim_reent
 .text._sbrk_r  0x0000000008006ff4       0x20 c:/st/stm32cubeide_1.9.0/stm32cubeide/plugins/com.st.stm32cube.ide.mcu.externaltools.gnu-tools-for-stm32.10.3-2021.10.win32_1.0.0.202111181127/tools/bin/../lib/gcc/arm-none-eabi/10.3.1/../../../../arm-none-eabi/lib/thumb/v7e-m+fp/hard\libc_nano.a(lib_a-sbrkr.o)
                0x0000000008006ff4                _sbrk_r
 .text.snprintf
                0x0000000008007014       0x68 c:/st/stm32cubeide_1.9.0/stm32cubeide/plugins/com.st.stm32cube.ide.mcu.externaltools.gnu-tools-for-stm32.10.3-2021.10.win32_1.0.0.202111181127/tools/bin/../lib/gcc/arm-none-eabi/10.3.1/../../../../arm-none-eabi/lib/thumb/v7e-m+fp/hard\libc_nano.a(lib_a-snprintf.o)
                0x0000000008007014                sniprintf
                0x0000000008007014                snprintf
 .text.__malloc_lock
                0x000000000800707c        0xc c:/st/stm32cubeide_1.9.0/stm32cubeide/plugins/com.st.stm32cube.ide.mcu.externaltools.gnu-tools-for-stm32.10.3-2021.10.win32_1.0.0.202111181127/tools/bin/../lib/gcc/arm-none-eabi/10.3.1/../../../../arm-none-eabi/lib/thumb/v7e-m+fp/hard\libc_nano.a(lib_a-mlock.o)
                0x000000000800707c                __malloc_lock
 .text.__malloc_unlock
                0x0000000008007088        0xc c:/st/stm32cubeide_1.9.0/stm32cubeide/plugins/com.st.stm32cube.ide.mcu.externaltools.gnu-tools-for-stm32.10.3-2021.10.win32_1.0.0.202111181127/tools/bin/../lib/gcc/arm-none-eabi/10.3.1/../../../../arm-none-eabi/lib/thumb/v7e-m+fp/hard\libc_nano.a(lib_a-mlock.o)
                0x0000000008007088                __malloc_unlock
 .text.__ssputs_r
                0x0000000008007094       0xb6 c:/st/stm32cubeide_1.9.0/stm32cubeide/plugins/com.st.stm32cube.ide.mcu.externaltools.gnu-tools-for-stm32.10.3-2021.10.win32_1.0.0.202111181127/tools/bin/../lib/gcc/arm-none-eabi/10.3.1/../../../../arm-none-eabi/lib/thumb/v7e-m+fp/hard\libc_nano.a(lib_a-nano-svfprintf.o)
                0x0000000008007094                __ssputs_r
 *fill*         0x000000000800714a        0x2 
 .text._svfprintf_r
                0x000000000800714c      0x200 c:/st/stm32cubeide_1.9.0/stm32cubeide/plugins/com.st.stm32cube.ide.mcu.externaltools.gnu-tools-for-stm32.10.3-2021.10.win32_1.0.0.202111181127/tools/bin/../lib/gcc/arm-none-eabi/10.3.1/../../../../arm-none-eabi/lib/thumb/v7e-m+fp/hard\libc_nano.a(lib_a-nano-svfprintf.o)
                0x000000000800714c                _svfiprintf_r
                0x000000000800714c                _svfprintf_r
 .text._printf_common
                0x000000000800734c       0xda c:/st/stm32cubeide_1.9.0/stm32cubeide/plugins/com.st.stm32cube.ide.mcu.externaltools.gnu-tools-for-stm32.10.3-2021.10.win32_1.0.0.202111181127/tools/bin/../lib/gcc/arm-none-eabi/10.3.1/../../../../arm-none-eabi/lib/thumb/v7e-m+fp/hard\libc_nano.a(lib_a-nano-vfprintf_i.o)
                0x000000000800734c                _printf_common
 *fill*         0x0000000008007426        0x2 
 .text._printf_i
                0x0000000008007428      0x24c c:/st/stm32cubeide_1.9.0/stm32cubeide/plugins/com.st.stm32cube.ide.mcu.externaltools.gnu-tools-for-stm32.10.3-2021.10.win32_1.0.0.202111181127/tools/bin/../lib/gcc/arm-none-eabi/10.3.1/../../../../arm-none-eabi/lib/thumb/v7e-m+fp/hard\libc_nano.a(lib_a-nano-vfprintf_i.o)
                0x0000000008007428                _printf_i
 .text.memmove  0x0000000008007674       0x34 c:/st/stm32cubeide_1.9.0/stm32cubeide/plugins/com.st.stm32cube.ide.mcu.externaltools.gnu-tools-for-stm32.10.3-2021.10.win32_1.0.0.202111181127/tools/bin/../lib/gcc/arm-none-eabi/10.3.1/../../../../arm-none-eabi/lib/thumb/v7e-m+fp/hard\libc_nano.a(lib_a-memmove.o)
                0x0000000008007674                memmove
 .text._realloc_r
                0x00000000080076a8       0x5e c:/st/stm32cubeide_1.9.0/stm32cubeide/plugins/com.st.stm32cube.ide.mcu.externaltools.gnu-tools-for-stm32.10.3-2021.10.win32_1.0.0.202111181127/tools/bin/../lib/gcc/arm-none-eabi/10.3.1/../../../../arm-none-eabi/lib/thumb/v7e-m+fp/hard\libc_nano.a(lib_a-nano-reallocr.o)
                0x00000000080076a8                _realloc_r
 .text._malloc_usable_size_r
                0x0000000008007706       0x10 c:/st/stm32cubeide_1.9.0/stm32cubeide/plugins/com.st.stm32cube.ide.mcu.externaltools.gnu-tools-for-stm32.10.3-2021.10.win32_1.0.0.202111181127/tools/bin/../lib/gcc/arm-none-eabi/10.3.1/../../../../arm-none-eabi/lib/thumb/v7e-m+fp/hard\libc_nano.a(lib_a-nano-msizer.o)
                0x0000000008007706                _malloc_usable_size_r
 *(.glue_7)
 .glue_7        0x0000000008007716        0x0 linker stubs
 *(.glue_7t)
 .glue_7t       0x0000000008007716        0x0 linker stubs
 *(.eh_frame)
 *fill*         0x0000000008007716        0x2 
 .eh_frame      0x0000000008007718        0x0 c:/st/stm32cubeide_1.9.0/stm32cubeide/plugins/com.st.stm32cube.ide.mcu.externaltools.gnu-tools-for-stm32.10.3-2021.10.win32_1.0.0.202111181127/tools/bin/../lib/gcc/arm-none-eabi/10.3.1/thumb/v7e-m+fp/hard/crtbegin.o
 *(.init)
 .init          0x0000000008007718        0x4 c:/st/stm32cubeide_1.9.0/stm32cubeide/plugins/com.st.stm32cube.ide.mcu.externaltools.gnu-tools-for-stm32.10.3-2021.10.win32_1.0.0.202111181127/tools/bin/../lib/gcc/arm-none-eabi/10.3.1/thumb/v7e-m+fp/hard/crti.o
                0x0000000008007718                _init
 .init          0x000000000800771c        0x8 c:/st/stm32cubeide_1.9.0/stm32cubeide/plugins/com.st.stm32cube.ide.mcu.externaltools.gnu-tools-for-stm32.10.3-2021.10.win32_1.0.0.202111181127/tools/bin/../lib/gcc/arm-none-eabi/10.3.1/thumb/v7e-m+fp/hard/crtn.o
 *(.fini)
 .fini          0x0000000008007724        0x4 c:/st/stm32cubeide_1.9.0/stm32cubeide/plugins/com.st.stm32cube.ide.mcu.externaltools.gnu-tools-for-stm32.10.3-2021.10.win32_1.0.0.202111181127/tools/bin/../lib/gcc/arm-none-eabi/10.3.1/thumb/v7e-m+fp/hard/crti.o
                0x0000000008007724                _fini
 .fini          0x0000000008007728        0x8 c:/st/stm32cubeide_1.9.0/stm32cubeide/plugins/com.st.stm32cube.ide.mcu.externaltools.gnu-tools-for-stm32.10.3-2021.10.win32_1.0.0.202111181127/tools/bin/../lib/gcc/arm-none-eabi/10.3.1/thumb/v7e-m+fp/hard/crtn.o
                0x0000000008007730                . = ALIGN (0x4)
                0x0000000008007730                _etext = .

.vfp11_veneer   0x0000000008007730        0x0
 .vfp11_veneer  0x0000000008007730        0x0 linker stubs

.v4_bx          0x0000000008007730        0x0
 .v4_bx         0x0000000008007730        0x0 linker stubs

.iplt           0x0000000008007730        0x0
 .iplt          0x0000000008007730        0x0 c:/st/stm32cubeide_1.9.0/stm32cubeide/plugins/com.st.stm32cube.ide.mcu.externaltools.gnu-tools-for-stm32.10.3-2021.10.win32_1.0.0.202111181127/tools/bin/../lib/gcc/arm-none-eabi/10.3.1/thumb/v7e-m+fp/hard/crtbegin.o

.rodata         0x0000000008007730     0x2a80
                0x0000000008007730                . = ALIGN (0x4)
 *(.rodata)
 .rodata        0x0000000008007730       0x19 ./Core/Src/bands.o
 *fill*         0x0000000008007749        0x3 
 .rodata        0x000000000800774c       0x5d ./Core/Src/freertos.o
 *fill*         0x00000000080077a9        0x3 
 .rodata        0x00000000080077ac       0x15 ./Core/Src/main.o
 *fill*         0x00000000080077c1        0x3 
 .rodata        0x00000000080077c4        0x5 ./Middlewares/Third_Party/FreeRTOS/Source/tasks.o
 *fill*         0x00000000080077c9        0x3 
 .rodata        0x00000000080077cc        0xd ./Middlewares/Third_Party/FreeRTOS/Source/timers.o
 *(.rodata*)
 *fill*         0x00000000080077d9        0x3 
 .rodata.Font7x10
                0x00000000080077dc      0x76c ./Core/Src/fonts.o
 .rodata.Font11x18
                0x0000000008007f48      0xd5c ./Core/Src/fonts.o
 .rodata.Font16x26
                0x0000000008008ca4     0x134c ./Core/Src/fonts.o
 .rodata.defaultTask_attributes
                0x0000000008009ff0       0x24 ./Core/Src/freertos.o
                0x0000000008009ff0                defaultTask_attributes
 .rodata.displayTask_attributes
                0x000000000800a014       0x24 ./Core/Src/freertos.o
                0x000000000800a014                displayTask_attributes
 .rodata.encoderTask_attributes
                0x000000000800a038       0x24 ./Core/Src/freertos.o
                0x000000000800a038                encoderTask_attributes
 .rodata.EncoderQueue_attributes
                0x000000000800a05c       0x18 ./Core/Src/freertos.o
                0x000000000800a05c                EncoderQueue_attributes
 .rodata.ButtonQueue_attributes
                0x000000000800a074       0x18 ./Core/Src/freertos.o
                0x000000000800a074                ButtonQueue_attributes
 .rodata.init_cmds1
                0x000000000800a08c       0x3b ./Core/Src/st7735.o
 *fill*         0x000000000800a0c7        0x1 
 .rodata.init_cmds2
                0x000000000800a0c8        0xf ./Core/Src/st7735.o
 *fill*         0x000000000800a0d7        0x1 
 .rodata.init_cmds3
                0x000000000800a0d8       0x2b ./Core/Src/st7735.o
 *fill*         0x000000000800a103        0x1 
 .rodata.AHBPrescTable
                0x000000000800a104       0x10 ./Core/Src/system_stm32f4xx.o
                0x000000000800a104                AHBPrescTable
 .rodata.APBPrescTable
                0x000000000800a114        0x8 ./Core/Src/system_stm32f4xx.o
                0x000000000800a114                APBPrescTable
 .rodata.__sf_fake_stderr
                0x000000000800a11c       0x20 c:/st/stm32cubeide_1.9.0/stm32cubeide/plugins/com.st.stm32cube.ide.mcu.externaltools.gnu-tools-for-stm32.10.3-2021.10.win32_1.0.0.202111181127/tools/bin/../lib/gcc/arm-none-eabi/10.3.1/../../../../arm-none-eabi/lib/thumb/v7e-m+fp/hard\libc_nano.a(lib_a-findfp.o)
                0x000000000800a11c                __sf_fake_stderr
 .rodata.__sf_fake_stdin
                0x000000000800a13c       0x20 c:/st/stm32cubeide_1.9.0/stm32cubeide/plugins/com.st.stm32cube.ide.mcu.externaltools.gnu-tools-for-stm32.10.3-2021.10.win32_1.0.0.202111181127/tools/bin/../lib/gcc/arm-none-eabi/10.3.1/../../../../arm-none-eabi/lib/thumb/v7e-m+fp/hard\libc_nano.a(lib_a-findfp.o)
                0x000000000800a13c                __sf_fake_stdin
 .rodata.__sf_fake_stdout
                0x000000000800a15c       0x20 c:/st/stm32cubeide_1.9.0/stm32cubeide/plugins/com.st.stm32cube.ide.mcu.externaltools.gnu-tools-for-stm32.10.3-2021.10.win32_1.0.0.202111181127/tools/bin/../lib/gcc/arm-none-eabi/10.3.1/../../../../arm-none-eabi/lib/thumb/v7e-m+fp/hard\libc_nano.a(lib_a-findfp.o)
                0x000000000800a15c                __sf_fake_stdout
 .rodata._svfprintf_r.str1.1
                0x000000000800a17c       0x11 c:/st/stm32cubeide_1.9.0/stm32cubeide/plugins/com.st.stm32cube.ide.mcu.externaltools.gnu-tools-for-stm32.10.3-2021.10.win32_1.0.0.202111181127/tools/bin/../lib/gcc/arm-none-eabi/10.3.1/../../../../arm-none-eabi/lib/thumb/v7e-m+fp/hard\libc_nano.a(lib_a-nano-svfprintf.o)
 .rodata._printf_i.str1.1
                0x000000000800a18d       0x22 c:/st/stm32cubeide_1.9.0/stm32cubeide/plugins/com.st.stm32cube.ide.mcu.externaltools.gnu-tools-for-stm32.10.3-2021.10.win32_1.0.0.202111181127/tools/bin/../lib/gcc/arm-none-eabi/10.3.1/../../../../arm-none-eabi/lib/thumb/v7e-m+fp/hard\libc_nano.a(lib_a-nano-vfprintf_i.o)
                0x000000000800a1b0                . = ALIGN (0x4)
 *fill*         0x000000000800a1af        0x1 

.ARM.extab      0x000000000800a1b0        0x0
                0x000000000800a1b0                . = ALIGN (0x4)
 *(.ARM.extab* .gnu.linkonce.armextab.*)
                0x000000000800a1b0                . = ALIGN (0x4)

.ARM            0x000000000800a1b0        0x8
                0x000000000800a1b0                . = ALIGN (0x4)
                0x000000000800a1b0                __exidx_start = .
 *(.ARM.exidx*)
 .ARM.exidx     0x000000000800a1b0        0x8 c:/st/stm32cubeide_1.9.0/stm32cubeide/plugins/com.st.stm32cube.ide.mcu.externaltools.gnu-tools-for-stm32.10.3-2021.10.win32_1.0.0.202111181127/tools/bin/../lib/gcc/arm-none-eabi/10.3.1/thumb/v7e-m+fp/hard\libgcc.a(_udivmoddi4.o)
                0x000000000800a1b8                __exidx_end = .
                0x000000000800a1b8                . = ALIGN (0x4)

.rel.dyn        0x000000000800a1b8        0x0
 .rel.iplt      0x000000000800a1b8        0x0 c:/st/stm32cubeide_1.9.0/stm32cubeide/plugins/com.st.stm32cube.ide.mcu.externaltools.gnu-tools-for-stm32.10.3-2021.10.win32_1.0.0.202111181127/tools/bin/../lib/gcc/arm-none-eabi/10.3.1/thumb/v7e-m+fp/hard/crtbegin.o

.preinit_array  0x000000000800a1b8        0x0
                0x000000000800a1b8                . = ALIGN (0x4)
                0x000000000800a1b8                PROVIDE (__preinit_array_start = .)
 *(.preinit_array*)
                0x000000000800a1b8                PROVIDE (__preinit_array_end = .)
                0x000000000800a1b8                . = ALIGN (0x4)

.init_array     0x000000000800a1b8        0x4
                0x000000000800a1b8                . = ALIGN (0x4)
                0x000000000800a1b8                PROVIDE (__init_array_start = .)
 *(SORT_BY_NAME(.init_array.*))
 *(.init_array*)
 .init_array    0x000000000800a1b8        0x4 c:/st/stm32cubeide_1.9.0/stm32cubeide/plugins/com.st.stm32cube.ide.mcu.externaltools.gnu-tools-for-stm32.10.3-2021.10.win32_1.0.0.202111181127/tools/bin/../lib/gcc/arm-none-eabi/10.3.1/thumb/v7e-m+fp/hard/crtbegin.o
                0x000000000800a1bc                PROVIDE (__init_array_end = .)
                0x000000000800a1bc                . = ALIGN (0x4)

.fini_array     0x000000000800a1bc        0x4
                0x000000000800a1bc                . = ALIGN (0x4)
                [!provide]                        PROVIDE (__fini_array_start = .)
 *(SORT_BY_NAME(.fini_array.*))
 *(.fini_array*)
 .fini_array    0x000000000800a1bc        0x4 c:/st/stm32cubeide_1.9.0/stm32cubeide/plugins/com.st.stm32cube.ide.mcu.externaltools.gnu-tools-for-stm32.10.3-2021.10.win32_1.0.0.202111181127/tools/bin/../lib/gcc/arm-none-eabi/10.3.1/thumb/v7e-m+fp/hard/crtbegin.o
                [!provide]                        PROVIDE (__fini_array_end = .)
                0x000000000800a1c0                . = ALIGN (0x4)
                0x000000000800a1c0                _sidata = LOADADDR (.data)

.data           0x0000000020000000      0x104 load address 0x000000000800a1c0
                0x0000000020000000                . = ALIGN (0x4)
                0x0000000020000000                _sdata = .
 *(.data)
 *(.data*)
 .data.band     0x0000000020000000       0x78 ./Core/Src/bands.o
                0x0000000020000000                band
 .data.Font_7x10
                0x0000000020000078        0x8 ./Core/Src/fonts.o
                0x0000000020000078                Font_7x10
 .data.Font_11x18
                0x0000000020000080        0x8 ./Core/Src/fonts.o
                0x0000000020000080                Font_11x18
 .data.Font_16x26
                0x0000000020000088        0x8 ./Core/Src/fonts.o
                0x0000000020000088                Font_16x26
 .data.SystemCoreClock
                0x0000000020000090        0x4 ./Core/Src/system_stm32f4xx.o
                0x0000000020000090                SystemCoreClock
 .data.uwTickPrio
                0x0000000020000094        0x4 ./Drivers/STM32F4xx_HAL_Driver/Src/stm32f4xx_hal.o
                0x0000000020000094                uwTickPrio
 .data.uwTickFreq
                0x0000000020000098        0x1 ./Drivers/STM32F4xx_HAL_Driver/Src/stm32f4xx_hal.o
                0x0000000020000098                uwTickFreq
 *fill*         0x0000000020000099        0x3 
 .data.uxCriticalNesting
                0x000000002000009c        0x4 ./Middlewares/Third_Party/FreeRTOS/Source/portable/GCC/ARM_CM4F/port.o
 .data._impure_ptr
                0x00000000200000a0        0x4 c:/st/stm32cubeide_1.9.0/stm32cubeide/plugins/com.st.stm32cube.ide.mcu.externaltools.gnu-tools-for-stm32.10.3-2021.10.win32_1.0.0.202111181127/tools/bin/../lib/gcc/arm-none-eabi/10.3.1/../../../../arm-none-eabi/lib/thumb/v7e-m+fp/hard\libc_nano.a(lib_a-impure.o)
                0x00000000200000a0                _impure_ptr
 .data.impure_data
                0x00000000200000a4       0x60 c:/st/stm32cubeide_1.9.0/stm32cubeide/plugins/com.st.stm32cube.ide.mcu.externaltools.gnu-tools-for-stm32.10.3-2021.10.win32_1.0.0.202111181127/tools/bin/../lib/gcc/arm-none-eabi/10.3.1/../../../../arm-none-eabi/lib/thumb/v7e-m+fp/hard\libc_nano.a(lib_a-impure.o)
 *(.RamFunc)
 *(.RamFunc*)
                0x0000000020000104                . = ALIGN (0x4)
                0x0000000020000104                _edata = .

.igot.plt       0x0000000020000104        0x0 load address 0x000000000800a2c4
 .igot.plt      0x0000000020000104        0x0 c:/st/stm32cubeide_1.9.0/stm32cubeide/plugins/com.st.stm32cube.ide.mcu.externaltools.gnu-tools-for-stm32.10.3-2021.10.win32_1.0.0.202111181127/tools/bin/../lib/gcc/arm-none-eabi/10.3.1/thumb/v7e-m+fp/hard/crtbegin.o
                0x0000000020000104                . = ALIGN (0x4)

.bss            0x0000000020000104     0x4c0c load address 0x000000000800a2c4
                0x0000000020000104                _sbss = .
                0x0000000020000104                __bss_start__ = _sbss
 *(.bss)
 .bss           0x0000000020000104       0x1c c:/st/stm32cubeide_1.9.0/stm32cubeide/plugins/com.st.stm32cube.ide.mcu.externaltools.gnu-tools-for-stm32.10.3-2021.10.win32_1.0.0.202111181127/tools/bin/../lib/gcc/arm-none-eabi/10.3.1/thumb/v7e-m+fp/hard/crtbegin.o
 *(.bss*)
 .bss.freqMin   0x0000000020000120        0x4 ./Core/Src/bands.o
                0x0000000020000120                freqMin
 .bss.freqMax   0x0000000020000124        0x4 ./Core/Src/bands.o
                0x0000000020000124                freqMax
 .bss.freqName  0x0000000020000128        0x4 ./Core/Src/bands.o
                0x0000000020000128                freqName
 .bss.buff      0x000000002000012c       0x10 ./Core/Src/bands.o
                0x000000002000012c                buff
 .bss.hcrc      0x000000002000013c        0x8 ./Core/Src/crc.o
                0x000000002000013c                hcrc
 .bss.defaultTaskHandle
                0x0000000020000144        0x4 ./Core/Src/freertos.o
                0x0000000020000144                defaultTaskHandle
 .bss.displayTaskHandle
                0x0000000020000148        0x4 ./Core/Src/freertos.o
                0x0000000020000148                displayTaskHandle
 .bss.encoderTaskHandle
                0x000000002000014c        0x4 ./Core/Src/freertos.o
                0x000000002000014c                encoderTaskHandle
 .bss.EncoderQueueHandle
                0x0000000020000150        0x4 ./Core/Src/freertos.o
                0x0000000020000150                EncoderQueueHandle
 .bss.ButtonQueueHandle
                0x0000000020000154        0x4 ./Core/Src/freertos.o
                0x0000000020000154                ButtonQueueHandle
 .bss.hi2c1     0x0000000020000158       0x54 ./Core/Src/i2c.o
                0x0000000020000158                hi2c1
 .bss.hspi1     0x00000000200001ac       0x58 ./Core/Src/spi.o
                0x00000000200001ac                hspi1
 .bss.htim1     0x0000000020000204       0x48 ./Core/Src/stm32f4xx_hal_timebase_tim.o
                0x0000000020000204                htim1
 .bss.buttonPressed
                0x000000002000024c        0x5 ./Core/Src/stm32f4xx_it.o
                0x000000002000024c                buttonPressed
 *fill*         0x0000000020000251        0x3 
 .bss.lastPressed
                0x0000000020000254        0x4 ./Core/Src/stm32f4xx_it.o
                0x0000000020000254                lastPressed
 .bss.__sbrk_heap_end
                0x0000000020000258        0x4 ./Core/Src/sysmem.o
 .bss.htim2     0x000000002000025c       0x48 ./Core/Src/tim.o
                0x000000002000025c                htim2
 .bss.htim3     0x00000000200002a4       0x48 ./Core/Src/tim.o
                0x00000000200002a4                htim3
 .bss.uwTick    0x00000000200002ec        0x4 ./Drivers/STM32F4xx_HAL_Driver/Src/stm32f4xx_hal.o
                0x00000000200002ec                uwTick
 .bss.KernelState
                0x00000000200002f0        0x4 ./Middlewares/Third_Party/FreeRTOS/Source/CMSIS_RTOS_V2/cmsis_os2.o
 .bss.Idle_TCB.3
                0x00000000200002f4       0xbc ./Middlewares/Third_Party/FreeRTOS/Source/CMSIS_RTOS_V2/cmsis_os2.o
 .bss.Idle_Stack.2
                0x00000000200003b0      0x200 ./Middlewares/Third_Party/FreeRTOS/Source/CMSIS_RTOS_V2/cmsis_os2.o
 .bss.Timer_TCB.1
                0x00000000200005b0       0xbc ./Middlewares/Third_Party/FreeRTOS/Source/CMSIS_RTOS_V2/cmsis_os2.o
 .bss.Timer_Stack.0
                0x000000002000066c      0x400 ./Middlewares/Third_Party/FreeRTOS/Source/CMSIS_RTOS_V2/cmsis_os2.o
 .bss.xQueueRegistry
                0x0000000020000a6c       0x40 ./Middlewares/Third_Party/FreeRTOS/Source/queue.o
                0x0000000020000a6c                xQueueRegistry
 .bss.pxCurrentTCB
                0x0000000020000aac        0x4 ./Middlewares/Third_Party/FreeRTOS/Source/tasks.o
                0x0000000020000aac                pxCurrentTCB
 .bss.pxReadyTasksLists
                0x0000000020000ab0      0x460 ./Middlewares/Third_Party/FreeRTOS/Source/tasks.o
 .bss.xDelayedTaskList1
                0x0000000020000f10       0x14 ./Middlewares/Third_Party/FreeRTOS/Source/tasks.o
 .bss.xDelayedTaskList2
                0x0000000020000f24       0x14 ./Middlewares/Third_Party/FreeRTOS/Source/tasks.o
 .bss.pxDelayedTaskList
                0x0000000020000f38        0x4 ./Middlewares/Third_Party/FreeRTOS/Source/tasks.o
 .bss.pxOverflowDelayedTaskList
                0x0000000020000f3c        0x4 ./Middlewares/Third_Party/FreeRTOS/Source/tasks.o
 .bss.xPendingReadyList
                0x0000000020000f40       0x14 ./Middlewares/Third_Party/FreeRTOS/Source/tasks.o
 .bss.xTasksWaitingTermination
                0x0000000020000f54       0x14 ./Middlewares/Third_Party/FreeRTOS/Source/tasks.o
 .bss.uxDeletedTasksWaitingCleanUp
                0x0000000020000f68        0x4 ./Middlewares/Third_Party/FreeRTOS/Source/tasks.o
 .bss.xSuspendedTaskList
                0x0000000020000f6c       0x14 ./Middlewares/Third_Party/FreeRTOS/Source/tasks.o
 .bss.uxCurrentNumberOfTasks
                0x0000000020000f80        0x4 ./Middlewares/Third_Party/FreeRTOS/Source/tasks.o
 .bss.xTickCount
                0x0000000020000f84        0x4 ./Middlewares/Third_Party/FreeRTOS/Source/tasks.o
 .bss.uxTopReadyPriority
                0x0000000020000f88        0x4 ./Middlewares/Third_Party/FreeRTOS/Source/tasks.o
 .bss.xSchedulerRunning
                0x0000000020000f8c        0x4 ./Middlewares/Third_Party/FreeRTOS/Source/tasks.o
 .bss.xPendedTicks
                0x0000000020000f90        0x4 ./Middlewares/Third_Party/FreeRTOS/Source/tasks.o
 .bss.xYieldPending
                0x0000000020000f94        0x4 ./Middlewares/Third_Party/FreeRTOS/Source/tasks.o
 .bss.xNumOfOverflows
                0x0000000020000f98        0x4 ./Middlewares/Third_Party/FreeRTOS/Source/tasks.o
 .bss.uxTaskNumber
                0x0000000020000f9c        0x4 ./Middlewares/Third_Party/FreeRTOS/Source/tasks.o
 .bss.xNextTaskUnblockTime
                0x0000000020000fa0        0x4 ./Middlewares/Third_Party/FreeRTOS/Source/tasks.o
 .bss.xIdleTaskHandle
                0x0000000020000fa4        0x4 ./Middlewares/Third_Party/FreeRTOS/Source/tasks.o
 .bss.uxSchedulerSuspended
                0x0000000020000fa8        0x4 ./Middlewares/Third_Party/FreeRTOS/Source/tasks.o
 .bss.xActiveTimerList1
                0x0000000020000fac       0x14 ./Middlewares/Third_Party/FreeRTOS/Source/timers.o
 .bss.xActiveTimerList2
                0x0000000020000fc0       0x14 ./Middlewares/Third_Party/FreeRTOS/Source/timers.o
 .bss.pxCurrentTimerList
                0x0000000020000fd4        0x4 ./Middlewares/Third_Party/FreeRTOS/Source/timers.o
 .bss.pxOverflowTimerList
                0x0000000020000fd8        0x4 ./Middlewares/Third_Party/FreeRTOS/Source/timers.o
 .bss.xTimerQueue
                0x0000000020000fdc        0x4 ./Middlewares/Third_Party/FreeRTOS/Source/timers.o
 .bss.xTimerTaskHandle
                0x0000000020000fe0        0x4 ./Middlewares/Third_Party/FreeRTOS/Source/timers.o
 .bss.xLastTime.2
                0x0000000020000fe4        0x4 ./Middlewares/Third_Party/FreeRTOS/Source/timers.o
 .bss.ucStaticTimerQueueStorage.1
                0x0000000020000fe8       0xa0 ./Middlewares/Third_Party/FreeRTOS/Source/timers.o
 .bss.xStaticTimerQueue.0
                0x0000000020001088       0x50 ./Middlewares/Third_Party/FreeRTOS/Source/timers.o
 .bss.ucMaxSysCallPriority
                0x00000000200010d8        0x1 ./Middlewares/Third_Party/FreeRTOS/Source/portable/GCC/ARM_CM4F/port.o
 *fill*         0x00000000200010d9        0x3 
 .bss.ulMaxPRIGROUPValue
                0x00000000200010dc        0x4 ./Middlewares/Third_Party/FreeRTOS/Source/portable/GCC/ARM_CM4F/port.o
 .bss.ucHeap    0x00000000200010e0     0x3c00 ./Middlewares/Third_Party/FreeRTOS/Source/portable/MemMang/heap_4.o
 .bss.xStart    0x0000000020004ce0        0x8 ./Middlewares/Third_Party/FreeRTOS/Source/portable/MemMang/heap_4.o
 .bss.pxEnd     0x0000000020004ce8        0x4 ./Middlewares/Third_Party/FreeRTOS/Source/portable/MemMang/heap_4.o
 .bss.xFreeBytesRemaining
                0x0000000020004cec        0x4 ./Middlewares/Third_Party/FreeRTOS/Source/portable/MemMang/heap_4.o
 .bss.xMinimumEverFreeBytesRemaining
                0x0000000020004cf0        0x4 ./Middlewares/Third_Party/FreeRTOS/Source/portable/MemMang/heap_4.o
 .bss.xNumberOfSuccessfulAllocations
                0x0000000020004cf4        0x4 ./Middlewares/Third_Party/FreeRTOS/Source/portable/MemMang/heap_4.o
 .bss.xNumberOfSuccessfulFrees
                0x0000000020004cf8        0x4 ./Middlewares/Third_Party/FreeRTOS/Source/portable/MemMang/heap_4.o
 .bss.xBlockAllocatedBit
                0x0000000020004cfc        0x4 ./Middlewares/Third_Party/FreeRTOS/Source/portable/MemMang/heap_4.o
 .bss.__lock___malloc_recursive_mutex
                0x0000000020004d00        0x1 c:/st/stm32cubeide_1.9.0/stm32cubeide/plugins/com.st.stm32cube.ide.mcu.externaltools.gnu-tools-for-stm32.10.3-2021.10.win32_1.0.0.202111181127/tools/bin/../lib/gcc/arm-none-eabi/10.3.1/../../../../arm-none-eabi/lib/thumb/v7e-m+fp/hard\libc_nano.a(lib_a-lock.o)
                0x0000000020004d00                __lock___malloc_recursive_mutex
 *fill*         0x0000000020004d01        0x3 
 .bss.__malloc_free_list
                0x0000000020004d04        0x4 c:/st/stm32cubeide_1.9.0/stm32cubeide/plugins/com.st.stm32cube.ide.mcu.externaltools.gnu-tools-for-stm32.10.3-2021.10.win32_1.0.0.202111181127/tools/bin/../lib/gcc/arm-none-eabi/10.3.1/../../../../arm-none-eabi/lib/thumb/v7e-m+fp/hard\libc_nano.a(lib_a-nano-mallocr.o)
                0x0000000020004d04                __malloc_free_list
 .bss.__malloc_sbrk_start
                0x0000000020004d08        0x4 c:/st/stm32cubeide_1.9.0/stm32cubeide/plugins/com.st.stm32cube.ide.mcu.externaltools.gnu-tools-for-stm32.10.3-2021.10.win32_1.0.0.202111181127/tools/bin/../lib/gcc/arm-none-eabi/10.3.1/../../../../arm-none-eabi/lib/thumb/v7e-m+fp/hard\libc_nano.a(lib_a-nano-mallocr.o)
                0x0000000020004d08                __malloc_sbrk_start
 .bss.errno     0x0000000020004d0c        0x4 c:/st/stm32cubeide_1.9.0/stm32cubeide/plugins/com.st.stm32cube.ide.mcu.externaltools.gnu-tools-for-stm32.10.3-2021.10.win32_1.0.0.202111181127/tools/bin/../lib/gcc/arm-none-eabi/10.3.1/../../../../arm-none-eabi/lib/thumb/v7e-m+fp/hard\libc_nano.a(lib_a-reent.o)
                0x0000000020004d0c                errno
 *(COMMON)
                0x0000000020004d10                . = ALIGN (0x4)
                0x0000000020004d10                _ebss = .
                0x0000000020004d10                __bss_end__ = _ebss

._user_heap_stack
                0x0000000020004d10      0x600 load address 0x000000000800a2c4
                0x0000000020004d10                . = ALIGN (0x8)
                [!provide]                        PROVIDE (end = .)
                0x0000000020004d10                PROVIDE (_end = .)
                0x0000000020004f10                . = (. + _Min_Heap_Size)
 *fill*         0x0000000020004d10      0x200 
                0x0000000020005310                . = (. + _Min_Stack_Size)
 *fill*         0x0000000020004f10      0x400 
                0x0000000020005310                . = ALIGN (0x8)

/DISCARD/
 libc.a(*)
 libm.a(*)
 libgcc.a(*)

.ARM.attributes
                0x0000000000000000       0x30
 *(.ARM.attributes)
 .ARM.attributes
                0x0000000000000000       0x1e c:/st/stm32cubeide_1.9.0/stm32cubeide/plugins/com.st.stm32cube.ide.mcu.externaltools.gnu-tools-for-stm32.10.3-2021.10.win32_1.0.0.202111181127/tools/bin/../lib/gcc/arm-none-eabi/10.3.1/thumb/v7e-m+fp/hard/crti.o
 .ARM.attributes
                0x000000000000001e       0x34 c:/st/stm32cubeide_1.9.0/stm32cubeide/plugins/com.st.stm32cube.ide.mcu.externaltools.gnu-tools-for-stm32.10.3-2021.10.win32_1.0.0.202111181127/tools/bin/../lib/gcc/arm-none-eabi/10.3.1/thumb/v7e-m+fp/hard/crtbegin.o
 .ARM.attributes
                0x0000000000000052       0x34 ./Core/Src/bands.o
 .ARM.attributes
                0x0000000000000086       0x34 ./Core/Src/crc.o
 .ARM.attributes
                0x00000000000000ba       0x34 ./Core/Src/fonts.o
 .ARM.attributes
                0x00000000000000ee       0x34 ./Core/Src/freertos.o
 .ARM.attributes
                0x0000000000000122       0x34 ./Core/Src/gpio.o
 .ARM.attributes
                0x0000000000000156       0x34 ./Core/Src/i2c.o
 .ARM.attributes
                0x000000000000018a       0x34 ./Core/Src/main.o
 .ARM.attributes
                0x00000000000001be       0x34 ./Core/Src/spi.o
 .ARM.attributes
                0x00000000000001f2       0x34 ./Core/Src/st7735.o
 .ARM.attributes
                0x0000000000000226       0x34 ./Core/Src/stm32f4xx_hal_msp.o
 .ARM.attributes
                0x000000000000025a       0x34 ./Core/Src/stm32f4xx_hal_timebase_tim.o
 .ARM.attributes
                0x000000000000028e       0x34 ./Core/Src/stm32f4xx_it.o
 .ARM.attributes
                0x00000000000002c2       0x34 ./Core/Src/sysmem.o
 .ARM.attributes
                0x00000000000002f6       0x34 ./Core/Src/system_stm32f4xx.o
 .ARM.attributes
                0x000000000000032a       0x34 ./Core/Src/tim.o
 .ARM.attributes
                0x000000000000035e       0x21 ./Core/Startup/startup_stm32f411ceux.o
 .ARM.attributes
                0x000000000000037f       0x34 ./Drivers/STM32F4xx_HAL_Driver/Src/stm32f4xx_hal.o
 .ARM.attributes
                0x00000000000003b3       0x34 ./Drivers/STM32F4xx_HAL_Driver/Src/stm32f4xx_hal_cortex.o
 .ARM.attributes
                0x00000000000003e7       0x34 ./Drivers/STM32F4xx_HAL_Driver/Src/stm32f4xx_hal_crc.o
 .ARM.attributes
                0x000000000000041b       0x34 ./Drivers/STM32F4xx_HAL_Driver/Src/stm32f4xx_hal_gpio.o
 .ARM.attributes
                0x000000000000044f       0x34 ./Drivers/STM32F4xx_HAL_Driver/Src/stm32f4xx_hal_i2c.o
 .ARM.attributes
                0x0000000000000483       0x34 ./Drivers/STM32F4xx_HAL_Driver/Src/stm32f4xx_hal_rcc.o
 .ARM.attributes
                0x00000000000004b7       0x34 ./Drivers/STM32F4xx_HAL_Driver/Src/stm32f4xx_hal_spi.o
 .ARM.attributes
                0x00000000000004eb       0x34 ./Drivers/STM32F4xx_HAL_Driver/Src/stm32f4xx_hal_tim.o
 .ARM.attributes
                0x000000000000051f       0x34 ./Drivers/STM32F4xx_HAL_Driver/Src/stm32f4xx_hal_tim_ex.o
 .ARM.attributes
                0x0000000000000553       0x34 ./Middlewares/Third_Party/FreeRTOS/Source/CMSIS_RTOS_V2/cmsis_os2.o
 .ARM.attributes
                0x0000000000000587       0x34 ./Middlewares/Third_Party/FreeRTOS/Source/list.o
 .ARM.attributes
                0x00000000000005bb       0x34 ./Middlewares/Third_Party/FreeRTOS/Source/queue.o
 .ARM.attributes
                0x00000000000005ef       0x34 ./Middlewares/Third_Party/FreeRTOS/Source/tasks.o
 .ARM.attributes
                0x0000000000000623       0x34 ./Middlewares/Third_Party/FreeRTOS/Source/timers.o
 .ARM.attributes
                0x0000000000000657       0x34 ./Middlewares/Third_Party/FreeRTOS/Source/portable/GCC/ARM_CM4F/port.o
 .ARM.attributes
                0x000000000000068b       0x34 ./Middlewares/Third_Party/FreeRTOS/Source/portable/MemMang/heap_4.o
 .ARM.attributes
                0x00000000000006bf       0x34 c:/st/stm32cubeide_1.9.0/stm32cubeide/plugins/com.st.stm32cube.ide.mcu.externaltools.gnu-tools-for-stm32.10.3-2021.10.win32_1.0.0.202111181127/tools/bin/../lib/gcc/arm-none-eabi/10.3.1/../../../../arm-none-eabi/lib/thumb/v7e-m+fp/hard\libc_nano.a(lib_a-errno.o)
 .ARM.attributes
                0x00000000000006f3       0x34 c:/st/stm32cubeide_1.9.0/stm32cubeide/plugins/com.st.stm32cube.ide.mcu.externaltools.gnu-tools-for-stm32.10.3-2021.10.win32_1.0.0.202111181127/tools/bin/../lib/gcc/arm-none-eabi/10.3.1/../../../../arm-none-eabi/lib/thumb/v7e-m+fp/hard\libc_nano.a(lib_a-findfp.o)
 .ARM.attributes
                0x0000000000000727       0x34 c:/st/stm32cubeide_1.9.0/stm32cubeide/plugins/com.st.stm32cube.ide.mcu.externaltools.gnu-tools-for-stm32.10.3-2021.10.win32_1.0.0.202111181127/tools/bin/../lib/gcc/arm-none-eabi/10.3.1/../../../../arm-none-eabi/lib/thumb/v7e-m+fp/hard\libc_nano.a(lib_a-impure.o)
 .ARM.attributes
                0x000000000000075b       0x34 c:/st/stm32cubeide_1.9.0/stm32cubeide/plugins/com.st.stm32cube.ide.mcu.externaltools.gnu-tools-for-stm32.10.3-2021.10.win32_1.0.0.202111181127/tools/bin/../lib/gcc/arm-none-eabi/10.3.1/../../../../arm-none-eabi/lib/thumb/v7e-m+fp/hard\libc_nano.a(lib_a-init.o)
 .ARM.attributes
                0x000000000000078f       0x34 c:/st/stm32cubeide_1.9.0/stm32cubeide/plugins/com.st.stm32cube.ide.mcu.externaltools.gnu-tools-for-stm32.10.3-2021.10.win32_1.0.0.202111181127/tools/bin/../lib/gcc/arm-none-eabi/10.3.1/../../../../arm-none-eabi/lib/thumb/v7e-m+fp/hard\libc_nano.a(lib_a-lock.o)
 .ARM.attributes
                0x00000000000007c3       0x34 c:/st/stm32cubeide_1.9.0/stm32cubeide/plugins/com.st.stm32cube.ide.mcu.externaltools.gnu-tools-for-stm32.10.3-2021.10.win32_1.0.0.202111181127/tools/bin/../lib/gcc/arm-none-eabi/10.3.1/../../../../arm-none-eabi/lib/thumb/v7e-m+fp/hard\libc_nano.a(lib_a-memcpy-stub.o)
 .ARM.attributes
                0x00000000000007f7       0x34 c:/st/stm32cubeide_1.9.0/stm32cubeide/plugins/com.st.stm32cube.ide.mcu.externaltools.gnu-tools-for-stm32.10.3-2021.10.win32_1.0.0.202111181127/tools/bin/../lib/gcc/arm-none-eabi/10.3.1/../../../../arm-none-eabi/lib/thumb/v7e-m+fp/hard\libc_nano.a(lib_a-memset.o)
 .ARM.attributes
                0x000000000000082b       0x34 c:/st/stm32cubeide_1.9.0/stm32cubeide/plugins/com.st.stm32cube.ide.mcu.externaltools.gnu-tools-for-stm32.10.3-2021.10.win32_1.0.0.202111181127/tools/bin/../lib/gcc/arm-none-eabi/10.3.1/../../../../arm-none-eabi/lib/thumb/v7e-m+fp/hard\libc_nano.a(lib_a-nano-freer.o)
 .ARM.attributes
                0x000000000000085f       0x34 c:/st/stm32cubeide_1.9.0/stm32cubeide/plugins/com.st.stm32cube.ide.mcu.externaltools.gnu-tools-for-stm32.10.3-2021.10.win32_1.0.0.202111181127/tools/bin/../lib/gcc/arm-none-eabi/10.3.1/../../../../arm-none-eabi/lib/thumb/v7e-m+fp/hard\libc_nano.a(lib_a-nano-mallocr.o)
 .ARM.attributes
                0x0000000000000893       0x34 c:/st/stm32cubeide_1.9.0/stm32cubeide/plugins/com.st.stm32cube.ide.mcu.externaltools.gnu-tools-for-stm32.10.3-2021.10.win32_1.0.0.202111181127/tools/bin/../lib/gcc/arm-none-eabi/10.3.1/../../../../arm-none-eabi/lib/thumb/v7e-m+fp/hard\libc_nano.a(lib_a-reent.o)
 .ARM.attributes
                0x00000000000008c7       0x34 c:/st/stm32cubeide_1.9.0/stm32cubeide/plugins/com.st.stm32cube.ide.mcu.externaltools.gnu-tools-for-stm32.10.3-2021.10.win32_1.0.0.202111181127/tools/bin/../lib/gcc/arm-none-eabi/10.3.1/../../../../arm-none-eabi/lib/thumb/v7e-m+fp/hard\libc_nano.a(lib_a-sbrkr.o)
 .ARM.attributes
                0x00000000000008fb       0x34 c:/st/stm32cubeide_1.9.0/stm32cubeide/plugins/com.st.stm32cube.ide.mcu.externaltools.gnu-tools-for-stm32.10.3-2021.10.win32_1.0.0.202111181127/tools/bin/../lib/gcc/arm-none-eabi/10.3.1/../../../../arm-none-eabi/lib/thumb/v7e-m+fp/hard\libc_nano.a(lib_a-snprintf.o)
 .ARM.attributes
                0x000000000000092f       0x34 c:/st/stm32cubeide_1.9.0/stm32cubeide/plugins/com.st.stm32cube.ide.mcu.externaltools.gnu-tools-for-stm32.10.3-2021.10.win32_1.0.0.202111181127/tools/bin/../lib/gcc/arm-none-eabi/10.3.1/../../../../arm-none-eabi/lib/thumb/v7e-m+fp/hard\libc_nano.a(lib_a-mlock.o)
 .ARM.attributes
                0x0000000000000963       0x34 c:/st/stm32cubeide_1.9.0/stm32cubeide/plugins/com.st.stm32cube.ide.mcu.externaltools.gnu-tools-for-stm32.10.3-2021.10.win32_1.0.0.202111181127/tools/bin/../lib/gcc/arm-none-eabi/10.3.1/../../../../arm-none-eabi/lib/thumb/v7e-m+fp/hard\libc_nano.a(lib_a-nano-svfprintf.o)
 .ARM.attributes
                0x0000000000000997       0x34 c:/st/stm32cubeide_1.9.0/stm32cubeide/plugins/com.st.stm32cube.ide.mcu.externaltools.gnu-tools-for-stm32.10.3-2021.10.win32_1.0.0.202111181127/tools/bin/../lib/gcc/arm-none-eabi/10.3.1/../../../../arm-none-eabi/lib/thumb/v7e-m+fp/hard\libc_nano.a(lib_a-nano-vfprintf_i.o)
 .ARM.attributes
                0x00000000000009cb       0x1c c:/st/stm32cubeide_1.9.0/stm32cubeide/plugins/com.st.stm32cube.ide.mcu.externaltools.gnu-tools-for-stm32.10.3-2021.10.win32_1.0.0.202111181127/tools/bin/../lib/gcc/arm-none-eabi/10.3.1/../../../../arm-none-eabi/lib/thumb/v7e-m+fp/hard\libc_nano.a(lib_a-memchr.o)
 .ARM.attributes
                0x00000000000009e7       0x34 c:/st/stm32cubeide_1.9.0/stm32cubeide/plugins/com.st.stm32cube.ide.mcu.externaltools.gnu-tools-for-stm32.10.3-2021.10.win32_1.0.0.202111181127/tools/bin/../lib/gcc/arm-none-eabi/10.3.1/../../../../arm-none-eabi/lib/thumb/v7e-m+fp/hard\libc_nano.a(lib_a-memmove.o)
 .ARM.attributes
                0x0000000000000a1b       0x34 c:/st/stm32cubeide_1.9.0/stm32cubeide/plugins/com.st.stm32cube.ide.mcu.externaltools.gnu-tools-for-stm32.10.3-2021.10.win32_1.0.0.202111181127/tools/bin/../lib/gcc/arm-none-eabi/10.3.1/../../../../arm-none-eabi/lib/thumb/v7e-m+fp/hard\libc_nano.a(lib_a-nano-reallocr.o)
 .ARM.attributes
                0x0000000000000a4f       0x34 c:/st/stm32cubeide_1.9.0/stm32cubeide/plugins/com.st.stm32cube.ide.mcu.externaltools.gnu-tools-for-stm32.10.3-2021.10.win32_1.0.0.202111181127/tools/bin/../lib/gcc/arm-none-eabi/10.3.1/../../../../arm-none-eabi/lib/thumb/v7e-m+fp/hard\libc_nano.a(lib_a-nano-msizer.o)
 .ARM.attributes
                0x0000000000000a83       0x1e c:/st/stm32cubeide_1.9.0/stm32cubeide/plugins/com.st.stm32cube.ide.mcu.externaltools.gnu-tools-for-stm32.10.3-2021.10.win32_1.0.0.202111181127/tools/bin/../lib/gcc/arm-none-eabi/10.3.1/thumb/v7e-m+fp/hard\libgcc.a(_aeabi_uldivmod.o)
 .ARM.attributes
                0x0000000000000aa1       0x34 c:/st/stm32cubeide_1.9.0/stm32cubeide/plugins/com.st.stm32cube.ide.mcu.externaltools.gnu-tools-for-stm32.10.3-2021.10.win32_1.0.0.202111181127/tools/bin/../lib/gcc/arm-none-eabi/10.3.1/thumb/v7e-m+fp/hard\libgcc.a(_udivmoddi4.o)
 .ARM.attributes
                0x0000000000000ad5       0x1e c:/st/stm32cubeide_1.9.0/stm32cubeide/plugins/com.st.stm32cube.ide.mcu.externaltools.gnu-tools-for-stm32.10.3-2021.10.win32_1.0.0.202111181127/tools/bin/../lib/gcc/arm-none-eabi/10.3.1/thumb/v7e-m+fp/hard\libgcc.a(_dvmd_tls.o)
 .ARM.attributes
                0x0000000000000af3       0x1e c:/st/stm32cubeide_1.9.0/stm32cubeide/plugins/com.st.stm32cube.ide.mcu.externaltools.gnu-tools-for-stm32.10.3-2021.10.win32_1.0.0.202111181127/tools/bin/../lib/gcc/arm-none-eabi/10.3.1/thumb/v7e-m+fp/hard/crtn.o
OUTPUT(rcv_band_sw_freertos.elf elf32-littlearm)
LOAD linker stubs
LOAD c:/st/stm32cubeide_1.9.0/stm32cubeide/plugins/com.st.stm32cube.ide.mcu.externaltools.gnu-tools-for-stm32.10.3-2021.10.win32_1.0.0.202111181127/tools/bin/../lib/gcc/arm-none-eabi/10.3.1/../../../../arm-none-eabi/lib/thumb/v7e-m+fp/hard\libc.a
LOAD c:/st/stm32cubeide_1.9.0/stm32cubeide/plugins/com.st.stm32cube.ide.mcu.externaltools.gnu-tools-for-stm32.10.3-2021.10.win32_1.0.0.202111181127/tools/bin/../lib/gcc/arm-none-eabi/10.3.1/../../../../arm-none-eabi/lib/thumb/v7e-m+fp/hard\libm.a
LOAD c:/st/stm32cubeide_1.9.0/stm32cubeide/plugins/com.st.stm32cube.ide.mcu.externaltools.gnu-tools-for-stm32.10.3-2021.10.win32_1.0.0.202111181127/tools/bin/../lib/gcc/arm-none-eabi/10.3.1/thumb/v7e-m+fp/hard\libgcc.a

.debug_info     0x0000000000000000    0x1d972
 .debug_info    0x0000000000000000      0x2ec ./Core/Src/bands.o
 .debug_info    0x00000000000002ec      0x4a5 ./Core/Src/crc.o
 .debug_info    0x0000000000000791      0x1ae ./Core/Src/fonts.o
 .debug_info    0x000000000000093f      0xdef ./Core/Src/freertos.o
 .debug_info    0x000000000000172e      0x66e ./Core/Src/gpio.o
 .debug_info    0x0000000000001d9c      0xa40 ./Core/Src/i2c.o
 .debug_info    0x00000000000027dc      0xcf3 ./Core/Src/main.o
 .debug_info    0x00000000000034cf      0xa0f ./Core/Src/spi.o
 .debug_info    0x0000000000003ede      0xd47 ./Core/Src/st7735.o
 .debug_info    0x0000000000004c25      0x4a5 ./Core/Src/stm32f4xx_hal_msp.o
 .debug_info    0x00000000000050ca      0xbb5 ./Core/Src/stm32f4xx_hal_timebase_tim.o
 .debug_info    0x0000000000005c7f      0x838 ./Core/Src/stm32f4xx_it.o
 .debug_info    0x00000000000064b7      0x171 ./Core/Src/sysmem.o
 .debug_info    0x0000000000006628      0x54f ./Core/Src/system_stm32f4xx.o
 .debug_info    0x0000000000006b77      0xf7e ./Core/Src/tim.o
 .debug_info    0x0000000000007af5       0x22 ./Core/Startup/startup_stm32f411ceux.o
 .debug_info    0x0000000000007b17      0x90d ./Drivers/STM32F4xx_HAL_Driver/Src/stm32f4xx_hal.o
 .debug_info    0x0000000000008424      0xd8b ./Drivers/STM32F4xx_HAL_Driver/Src/stm32f4xx_hal_cortex.o
 .debug_info    0x00000000000091af      0x39f ./Drivers/STM32F4xx_HAL_Driver/Src/stm32f4xx_hal_crc.o
 .debug_info    0x000000000000954e      0x78e ./Drivers/STM32F4xx_HAL_Driver/Src/stm32f4xx_hal_gpio.o
 .debug_info    0x0000000000009cdc     0x260f ./Drivers/STM32F4xx_HAL_Driver/Src/stm32f4xx_hal_i2c.o
 .debug_info    0x000000000000c2eb      0x98d ./Drivers/STM32F4xx_HAL_Driver/Src/stm32f4xx_hal_rcc.o
 .debug_info    0x000000000000cc78     0x1750 ./Drivers/STM32F4xx_HAL_Driver/Src/stm32f4xx_hal_spi.o
 .debug_info    0x000000000000e3c8     0x2bb6 ./Drivers/STM32F4xx_HAL_Driver/Src/stm32f4xx_hal_tim.o
 .debug_info    0x0000000000010f7e     0x15d8 ./Drivers/STM32F4xx_HAL_Driver/Src/stm32f4xx_hal_tim_ex.o
 .debug_info    0x0000000000012556     0x42b1 ./Middlewares/Third_Party/FreeRTOS/Source/CMSIS_RTOS_V2/cmsis_os2.o
 .debug_info    0x0000000000016807      0x2d1 ./Middlewares/Third_Party/FreeRTOS/Source/list.o
 .debug_info    0x0000000000016ad8     0x1cbf ./Middlewares/Third_Party/FreeRTOS/Source/queue.o
 .debug_info    0x0000000000018797     0x2b40 ./Middlewares/Third_Party/FreeRTOS/Source/tasks.o
 .debug_info    0x000000000001b2d7     0x1c89 ./Middlewares/Third_Party/FreeRTOS/Source/timers.o
 .debug_info    0x000000000001cf60      0x507 ./Middlewares/Third_Party/FreeRTOS/Source/portable/GCC/ARM_CM4F/port.o
 .debug_info    0x000000000001d467      0x50b ./Middlewares/Third_Party/FreeRTOS/Source/portable/MemMang/heap_4.o

.debug_abbrev   0x0000000000000000     0x43a5
 .debug_abbrev  0x0000000000000000      0x123 ./Core/Src/bands.o
 .debug_abbrev  0x0000000000000123      0x19f ./Core/Src/crc.o
 .debug_abbrev  0x00000000000002c2       0xad ./Core/Src/fonts.o
 .debug_abbrev  0x000000000000036f      0x257 ./Core/Src/freertos.o
 .debug_abbrev  0x00000000000005c6      0x164 ./Core/Src/gpio.o
 .debug_abbrev  0x000000000000072a      0x1e0 ./Core/Src/i2c.o
 .debug_abbrev  0x000000000000090a      0x297 ./Core/Src/main.o
 .debug_abbrev  0x0000000000000ba1      0x1e0 ./Core/Src/spi.o
 .debug_abbrev  0x0000000000000d81      0x295 ./Core/Src/st7735.o
 .debug_abbrev  0x0000000000001016      0x115 ./Core/Src/stm32f4xx_hal_msp.o
 .debug_abbrev  0x000000000000112b      0x1e4 ./Core/Src/stm32f4xx_hal_timebase_tim.o
 .debug_abbrev  0x000000000000130f      0x1fd ./Core/Src/stm32f4xx_it.o
 .debug_abbrev  0x000000000000150c       0xbb ./Core/Src/sysmem.o
 .debug_abbrev  0x00000000000015c7      0x116 ./Core/Src/system_stm32f4xx.o
 .debug_abbrev  0x00000000000016dd      0x211 ./Core/Src/tim.o
 .debug_abbrev  0x00000000000018ee       0x12 ./Core/Startup/startup_stm32f411ceux.o
 .debug_abbrev  0x0000000000001900      0x23e ./Drivers/STM32F4xx_HAL_Driver/Src/stm32f4xx_hal.o
 .debug_abbrev  0x0000000000001b3e      0x316 ./Drivers/STM32F4xx_HAL_Driver/Src/stm32f4xx_hal_cortex.o
 .debug_abbrev  0x0000000000001e54      0x16f ./Drivers/STM32F4xx_HAL_Driver/Src/stm32f4xx_hal_crc.o
 .debug_abbrev  0x0000000000001fc3      0x1c4 ./Drivers/STM32F4xx_HAL_Driver/Src/stm32f4xx_hal_gpio.o
 .debug_abbrev  0x0000000000002187      0x2a8 ./Drivers/STM32F4xx_HAL_Driver/Src/stm32f4xx_hal_i2c.o
 .debug_abbrev  0x000000000000242f      0x2aa ./Drivers/STM32F4xx_HAL_Driver/Src/stm32f4xx_hal_rcc.o
 .debug_abbrev  0x00000000000026d9      0x26e ./Drivers/STM32F4xx_HAL_Driver/Src/stm32f4xx_hal_spi.o
 .debug_abbrev  0x0000000000002947      0x26e ./Drivers/STM32F4xx_HAL_Driver/Src/stm32f4xx_hal_tim.o
 .debug_abbrev  0x0000000000002bb5      0x276 ./Drivers/STM32F4xx_HAL_Driver/Src/stm32f4xx_hal_tim_ex.o