Archive member included to satisfy reference by file (symbol)

c:/st/stm32cubeide_1.9.0/stm32cubeide/plugins/com.st.stm32cube.ide.mcu.externaltools.gnu-tools-for-stm32.10.3-2021.10.win32_1.0.0.202111181127/tools/bin/../lib/gcc/arm-none-eabi/10.3.1/../../../../arm-none-eabi/lib/thumb/v7e-m+fp/hard\libc_nano.a(lib_a-errno.o)
                              ./Core/Src/syscalls.o (__errno)
c:/st/stm32cubeide_1.9.0/stm32cubeide/plugins/com.st.stm32cube.ide.mcu.externaltools.gnu-tools-for-stm32.10.3-2021.10.win32_1.0.0.202111181127/tools/bin/../lib/gcc/arm-none-eabi/10.3.1/../../../../arm-none-eabi/lib/thumb/v7e-m+fp/hard\libc_nano.a(lib_a-exit.o)
                              c:/st/stm32cubeide_1.9.0/stm32cubeide/plugins/com.st.stm32cube.ide.mcu.externaltools.gnu-tools-for-stm32.10.3-2021.10.win32_1.0.0.202111181127/tools/bin/../lib/gcc/arm-none-eabi/10.3.1/../../../../arm-none-eabi/lib/thumb/v7e-m+fp/hard/crt0.o (exit)
c:/st/stm32cubeide_1.9.0/stm32cubeide/plugins/com.st.stm32cube.ide.mcu.externaltools.gnu-tools-for-stm32.10.3-2021.10.win32_1.0.0.202111181127/tools/bin/../lib/gcc/arm-none-eabi/10.3.1/../../../../arm-none-eabi/lib/thumb/v7e-m+fp/hard\libc_nano.a(lib_a-findfp.o)
                              ./Middlewares/Third_Party/FreeRTOS/Source/tasks.o (__sf_fake_stderr)
c:/st/stm32cubeide_1.9.0/stm32cubeide/plugins/com.st.stm32cube.ide.mcu.externaltools.gnu-tools-for-stm32.10.3-2021.10.win32_1.0.0.202111181127/tools/bin/../lib/gcc/arm-none-eabi/10.3.1/../../../../arm-none-eabi/lib/thumb/v7e-m+fp/hard\libc_nano.a(lib_a-fwalk.o)
                              c:/st/stm32cubeide_1.9.0/stm32cubeide/plugins/com.st.stm32cube.ide.mcu.externaltools.gnu-tools-for-stm32.10.3-2021.10.win32_1.0.0.202111181127/tools/bin/../lib/gcc/arm-none-eabi/10.3.1/../../../../arm-none-eabi/lib/thumb/v7e-m+fp/hard\libc_nano.a(lib_a-findfp.o) (_fwalk)
c:/st/stm32cubeide_1.9.0/stm32cubeide/plugins/com.st.stm32cube.ide.mcu.externaltools.gnu-tools-for-stm32.10.3-2021.10.win32_1.0.0.202111181127/tools/bin/../lib/gcc/arm-none-eabi/10.3.1/../../../../arm-none-eabi/lib/thumb/v7e-m+fp/hard\libc_nano.a(lib_a-impure.o)
                              c:/st/stm32cubeide_1.9.0/stm32cubeide/plugins/com.st.stm32cube.ide.mcu.externaltools.gnu-tools-for-stm32.10.3-2021.10.win32_1.0.0.202111181127/tools/bin/../lib/gcc/arm-none-eabi/10.3.1/../../../../arm-none-eabi/lib/thumb/v7e-m+fp/hard\libc_nano.a(lib_a-exit.o) (_global_impure_ptr)
c:/st/stm32cubeide_1.9.0/stm32cubeide/plugins/com.st.stm32cube.ide.mcu.externaltools.gnu-tools-for-stm32.10.3-2021.10.win32_1.0.0.202111181127/tools/bin/../lib/gcc/arm-none-eabi/10.3.1/../../../../arm-none-eabi/lib/thumb/v7e-m+fp/hard\libc_nano.a(lib_a-init.o)
                              c:/st/stm32cubeide_1.9.0/stm32cubeide/plugins/com.st.stm32cube.ide.mcu.externaltools.gnu-tools-for-stm32.10.3-2021.10.win32_1.0.0.202111181127/tools/bin/../lib/gcc/arm-none-eabi/10.3.1/../../../../arm-none-eabi/lib/thumb/v7e-m+fp/hard/crt0.o (__libc_init_array)
c:/st/stm32cubeide_1.9.0/stm32cubeide/plugins/com.st.stm32cube.ide.mcu.externaltools.gnu-tools-for-stm32.10.3-2021.10.win32_1.0.0.202111181127/tools/bin/../lib/gcc/arm-none-eabi/10.3.1/../../../../arm-none-eabi/lib/thumb/v7e-m+fp/hard\libc_nano.a(lib_a-lock.o)
                              c:/st/stm32cubeide_1.9.0/stm32cubeide/plugins/com.st.stm32cube.ide.mcu.externaltools.gnu-tools-for-stm32.10.3-2021.10.win32_1.0.0.202111181127/tools/bin/../lib/gcc/arm-none-eabi/10.3.1/../../../../arm-none-eabi/lib/thumb/v7e-m+fp/hard\libc_nano.a(lib_a-findfp.o) (__retarget_lock_init_recursive)
c:/st/stm32cubeide_1.9.0/stm32cubeide/plugins/com.st.stm32cube.ide.mcu.externaltools.gnu-tools-for-stm32.10.3-2021.10.win32_1.0.0.202111181127/tools/bin/../lib/gcc/arm-none-eabi/10.3.1/../../../../arm-none-eabi/lib/thumb/v7e-m+fp/hard\libc_nano.a(lib_a-malloc.o)
                              ./Core/Src/st7735.o (malloc)
c:/st/stm32cubeide_1.9.0/stm32cubeide/plugins/com.st.stm32cube.ide.mcu.externaltools.gnu-tools-for-stm32.10.3-2021.10.win32_1.0.0.202111181127/tools/bin/../lib/gcc/arm-none-eabi/10.3.1/../../../../arm-none-eabi/lib/thumb/v7e-m+fp/hard\libc_nano.a(lib_a-memcpy-stub.o)
                              ./Middlewares/Third_Party/FreeRTOS/Source/CMSIS_RTOS_V2/cmsis_os2.o (memcpy)
c:/st/stm32cubeide_1.9.0/stm32cubeide/plugins/com.st.stm32cube.ide.mcu.externaltools.gnu-tools-for-stm32.10.3-2021.10.win32_1.0.0.202111181127/tools/bin/../lib/gcc/arm-none-eabi/10.3.1/../../../../arm-none-eabi/lib/thumb/v7e-m+fp/hard\libc_nano.a(lib_a-memset.o)
                              c:/st/stm32cubeide_1.9.0/stm32cubeide/plugins/com.st.stm32cube.ide.mcu.externaltools.gnu-tools-for-stm32.10.3-2021.10.win32_1.0.0.202111181127/tools/bin/../lib/gcc/arm-none-eabi/10.3.1/../../../../arm-none-eabi/lib/thumb/v7e-m+fp/hard/crt0.o (memset)
[...]
Memory Configuration

Name             Origin             Length             Attributes
RAM              0x0000000020000000 0x0000000000020000 xrw
FLASH            0x0000000008000000 0x0000000000080000 xr
*default*        0x0000000000000000 0xffffffffffffffff

Linker script and memory map

LOAD c:/st/stm32cubeide_1.9.0/stm32cubeide/plugins/com.st.stm32cube.ide.mcu.externaltools.gnu-tools-for-stm32.10.3-2021.10.win32_1.0.0.202111181127/tools/bin/../lib/gcc/arm-none-eabi/10.3.1/thumb/v7e-m+fp/hard/crti.o
LOAD c:/st/stm32cubeide_1.9.0/stm32cubeide/plugins/com.st.stm32cube.ide.mcu.externaltools.gnu-tools-for-stm32.10.3-2021.10.win32_1.0.0.202111181127/tools/bin/../lib/gcc/arm-none-eabi/10.3.1/thumb/v7e-m+fp/hard/crtbegin.o
LOAD c:/st/stm32cubeide_1.9.0/stm32cubeide/plugins/com.st.stm32cube.ide.mcu.externaltools.gnu-tools-for-stm32.10.3-2021.10.win32_1.0.0.202111181127/tools/bin/../lib/gcc/arm-none-eabi/10.3.1/../../../../arm-none-eabi/lib/thumb/v7e-m+fp/hard/crt0.o
LOAD ./Core/Src/display.o
LOAD ./Core/Src/fonts.o
LOAD ./Core/Src/freertos.o
LOAD ./Core/Src/gpio.o
LOAD ./Core/Src/i2c.o
LOAD ./Core/Src/main.o
LOAD ./Core/Src/rtc.o
LOAD ./Core/Src/spi.o
LOAD ./Core/Src/st7735.o
LOAD ./Core/Src/stm32f4xx_hal_msp.o
LOAD ./Core/Src/stm32f4xx_hal_timebase_tim.o
LOAD ./Core/Src/stm32f4xx_it.o
LOAD ./Core/Src/syscalls.o
LOAD ./Core/Src/sysmem.o
LOAD ./Core/Src/system_stm32f4xx.o
LOAD ./Core/Src/tim.o
LOAD ./Core/Startup/startup_stm32f411ceux.o
LOAD ./Drivers/STM32F4xx_HAL_Driver/Src/stm32f4xx_hal.o
LOAD ./Drivers/STM32F4xx_HAL_Driver/Src/stm32f4xx_hal_cortex.o
LOAD ./Drivers/STM32F4xx_HAL_Driver/Src/stm32f4xx_hal_dma.o
LOAD ./Drivers/STM32F4xx_HAL_Driver/Src/stm32f4xx_hal_dma_ex.o
LOAD ./Drivers/STM32F4xx_HAL_Driver/Src/stm32f4xx_hal_exti.o
LOAD ./Drivers/STM32F4xx_HAL_Driver/Src/stm32f4xx_hal_flash.o
LOAD ./Drivers/STM32F4xx_HAL_Driver/Src/stm32f4xx_hal_flash_ex.o
LOAD ./Drivers/STM32F4xx_HAL_Driver/Src/stm32f4xx_hal_flash_ramfunc.o
LOAD ./Drivers/STM32F4xx_HAL_Driver/Src/stm32f4xx_hal_gpio.o
LOAD ./Drivers/STM32F4xx_HAL_Driver/Src/stm32f4xx_hal_i2c.o
LOAD ./Drivers/STM32F4xx_HAL_Driver/Src/stm32f4xx_hal_i2c_ex.o
LOAD ./Drivers/STM32F4xx_HAL_Driver/Src/stm32f4xx_hal_pcd.o
LOAD ./Drivers/STM32F4xx_HAL_Driver/Src/stm32f4xx_hal_pcd_ex.o
LOAD ./Drivers/STM32F4xx_HAL_Driver/Src/stm32f4xx_hal_pwr.o
LOAD ./Drivers/STM32F4xx_HAL_Driver/Src/stm32f4xx_hal_pwr_ex.o
LOAD ./Drivers/STM32F4xx_HAL_Driver/Src/stm32f4xx_hal_rcc.o
LOAD ./Drivers/STM32F4xx_HAL_Driver/Src/stm32f4xx_hal_rcc_ex.o
LOAD ./Drivers/STM32F4xx_HAL_Driver/Src/stm32f4xx_hal_rtc.o
LOAD ./Drivers/STM32F4xx_HAL_Driver/Src/stm32f4xx_hal_rtc_ex.o
LOAD ./Drivers/STM32F4xx_HAL_Driver/Src/stm32f4xx_hal_spi.o
LOAD ./Drivers/STM32F4xx_HAL_Driver/Src/stm32f4xx_hal_tim.o
LOAD ./Drivers/STM32F4xx_HAL_Driver/Src/stm32f4xx_hal_tim_ex.o
LOAD ./Drivers/STM32F4xx_HAL_Driver/Src/stm32f4xx_ll_usb.o
LOAD ./Drivers/si5351/si5351.o
LOAD ./Middlewares/ST/STM32_USB_Device_Library/Class/CDC/Src/usbd_cdc.o
LOAD ./Middlewares/ST/STM32_USB_Device_Library/Core/Src/usbd_core.o
LOAD ./Middlewares/ST/STM32_USB_Device_Library/Core/Src/usbd_ctlreq.o
LOAD ./Middlewares/ST/STM32_USB_Device_Library/Core/Src/usbd_ioreq.o
LOAD ./Middlewares/Third_Party/FreeRTOS/Source/CMSIS_RTOS_V2/cmsis_os2.o
LOAD ./Middlewares/Third_Party/FreeRTOS/Source/croutine.o
LOAD ./Middlewares/Third_Party/FreeRTOS/Source/event_groups.o
LOAD ./Middlewares/Third_Party/FreeRTOS/Source/list.o
LOAD ./Middlewares/Third_Party/FreeRTOS/Source/queue.o
LOAD ./Middlewares/Third_Party/FreeRTOS/Source/stream_buffer.o
LOAD ./Middlewares/Third_Party/FreeRTOS/Source/tasks.o
LOAD ./Middlewares/Third_Party/FreeRTOS/Source/timers.o
LOAD ./Middlewares/Third_Party/FreeRTOS/Source/portable/GCC/ARM_CM4F/port.o
LOAD ./Middlewares/Third_Party/FreeRTOS/Source/portable/MemMang/heap_4.o
LOAD ./USB_DEVICE/App/usb_device.o
LOAD ./USB_DEVICE/App/usbd_cdc_if.o
LOAD ./USB_DEVICE/App/usbd_desc.o
LOAD ./USB_DEVICE/Target/usbd_conf.o
START GROUP
LOAD c:/st/stm32cubeide_1.9.0/stm32cubeide/plugins/com.st.stm32cube.ide.mcu.externaltools.gnu-tools-for-stm32.10.3-2021.10.win32_1.0.0.202111181127/tools/bin/../lib/gcc/arm-none-eabi/10.3.1/../../../../arm-none-eabi/lib/thumb/v7e-m+fp/hard\libstdc++_nano.a
LOAD c:/st/stm32cubeide_1.9.0/stm32cubeide/plugins/com.st.stm32cube.ide.mcu.externaltools.gnu-tools-for-stm32.10.3-2021.10.win32_1.0.0.202111181127/tools/bin/../lib/gcc/arm-none-eabi/10.3.1/../../../../arm-none-eabi/lib/thumb/v7e-m+fp/hard\libsupc++_nano.a
END GROUP
LOAD c:/st/stm32cubeide_1.9.0/stm32cubeide/plugins/com.st.stm32cube.ide.mcu.externaltools.gnu-tools-for-stm32.10.3-2021.10.win32_1.0.0.202111181127/tools/bin/../lib/gcc/arm-none-eabi/10.3.1/../../../../arm-none-eabi/lib/thumb/v7e-m+fp/hard\libstdc++_nano.a
LOAD c:/st/stm32cubeide_1.9.0/stm32cubeide/plugins/com.st.stm32cube.ide.mcu.externaltools.gnu-tools-for-stm32.10.3-2021.10.win32_1.0.0.202111181127/tools/bin/../lib/gcc/arm-none-eabi/10.3.1/../../../../arm-none-eabi/lib/thumb/v7e-m+fp/hard\libm.a
LOAD c:/st/stm32cubeide_1.9.0/stm32cubeide/plugins/com.st.stm32cube.ide.mcu.externaltools.gnu-tools-for-stm32.10.3-2021.10.win32_1.0.0.202111181127/tools/bin/../lib/gcc/arm-none-eabi/10.3.1/../../../../arm-none-eabi/lib/thumb/v7e-m+fp/hard\libc_nano.a
START GROUP
LOAD c:/st/stm32cubeide_1.9.0/stm32cubeide/plugins/com.st.stm32cube.ide.mcu.externaltools.gnu-tools-for-stm32.10.3-2021.10.win32_1.0.0.202111181127/tools/bin/../lib/gcc/arm-none-eabi/10.3.1/thumb/v7e-m+fp/hard\libgcc.a
LOAD c:/st/stm32cubeide_1.9.0/stm32cubeide/plugins/com.st.stm32cube.ide.mcu.externaltools.gnu-tools-for-stm32.10.3-2021.10.win32_1.0.0.202111181127/tools/bin/../lib/gcc/arm-none-eabi/10.3.1/../../../../arm-none-eabi/lib/thumb/v7e-m+fp/hard\libc_nano.a
END GROUP
START GROUP
LOAD c:/st/stm32cubeide_1.9.0/stm32cubeide/plugins/com.st.stm32cube.ide.mcu.externaltools.gnu-tools-for-stm32.10.3-2021.10.win32_1.0.0.202111181127/tools/bin/../lib/gcc/arm-none-eabi/10.3.1/thumb/v7e-m+fp/hard\libgcc.a
LOAD c:/st/stm32cubeide_1.9.0/stm32cubeide/plugins/com.st.stm32cube.ide.mcu.externaltools.gnu-tools-for-stm32.10.3-2021.10.win32_1.0.0.202111181127/tools/bin/../lib/gcc/arm-none-eabi/10.3.1/../../../../arm-none-eabi/lib/thumb/v7e-m+fp/hard\libc_nano.a
LOAD c:/st/stm32cubeide_1.9.0/stm32cubeide/plugins/com.st.stm32cube.ide.mcu.externaltools.gnu-tools-for-stm32.10.3-2021.10.win32_1.0.0.202111181127/tools/bin/../lib/gcc/arm-none-eabi/10.3.1/../../../../arm-none-eabi/lib/thumb/v7e-m+fp/hard\libnosys.a
END GROUP
START GROUP
LOAD c:/st/stm32cubeide_1.9.0/stm32cubeide/plugins/com.st.stm32cube.ide.mcu.externaltools.gnu-tools-for-stm32.10.3-2021.10.win32_1.0.0.202111181127/tools/bin/../lib/gcc/arm-none-eabi/10.3.1/thumb/v7e-m+fp/hard\libgcc.a
LOAD c:/st/stm32cubeide_1.9.0/stm32cubeide/plugins/com.st.stm32cube.ide.mcu.externaltools.gnu-tools-for-stm32.10.3-2021.10.win32_1.0.0.202111181127/tools/bin/../lib/gcc/arm-none-eabi/10.3.1/../../../../arm-none-eabi/lib/thumb/v7e-m+fp/hard\libc_nano.a
LOAD c:/st/stm32cubeide_1.9.0/stm32cubeide/plugins/com.st.stm32cube.ide.mcu.externaltools.gnu-tools-for-stm32.10.3-2021.10.win32_1.0.0.202111181127/tools/bin/../lib/gcc/arm-none-eabi/10.3.1/../../../../arm-none-eabi/lib/thumb/v7e-m+fp/hard\libnosys.a
END GROUP
LOAD c:/st/stm32cubeide_1.9.0/stm32cubeide/plugins/com.st.stm32cube.ide.mcu.externaltools.gnu-tools-for-stm32.10.3-2021.10.win32_1.0.0.202111181127/tools/bin/../lib/gcc/arm-none-eabi/10.3.1/thumb/v7e-m+fp/hard/crtend.o
LOAD c:/st/stm32cubeide_1.9.0/stm32cubeide/plugins/com.st.stm32cube.ide.mcu.externaltools.gnu-tools-for-stm32.10.3-2021.10.win32_1.0.0.202111181127/tools/bin/../lib/gcc/arm-none-eabi/10.3.1/thumb/v7e-m+fp/hard/crtn.o
                0x0000000020020000                _estack = (ORIGIN (RAM) + LENGTH (RAM))
                0x0000000000001000                _Min_Heap_Size = 0x1000
                0x0000000000001000                _Min_Stack_Size = 0x1000

.isr_vector     0x0000000008000000      0x198
                0x0000000008000000                . = ALIGN (0x4)
 *(.isr_vector)
 .isr_vector    0x0000000008000000      0x198 ./Core/Startup/startup_stm32f411ceux.o
                0x0000000008000000                g_pfnVectors
                0x0000000008000198                . = ALIGN (0x4)

.text           0x00000000080001a0    0x1032c
                0x00000000080001a0                . = ALIGN (0x4)
 *(.text)
 .text          0x00000000080001a0       0x40 c:/st/stm32cubeide_1.9.0/stm32cubeide/plugins/com.st.stm32cube.ide.mcu.externaltools.gnu-tools-for-stm32.10.3-2021.10.win32_1.0.0.202111181127/tools/bin/../lib/gcc/arm-none-eabi/10.3.1/thumb/v7e-m+fp/hard/crtbegin.o
 .text          0x00000000080001e0       0xa0 c:/st/stm32cubeide_1.9.0/stm32cubeide/plugins/com.st.stm32cube.ide.mcu.externaltools.gnu-tools-for-stm32.10.3-2021.10.win32_1.0.0.202111181127/tools/bin/../lib/gcc/arm-none-eabi/10.3.1/../../../../arm-none-eabi/lib/thumb/v7e-m+fp/hard\libc_nano.a(lib_a-memchr.o)
                0x00000000080001e0                memchr
 .text          0x0000000008000280       0x30 c:/st/stm32cubeide_1.9.0/stm32cubeide/plugins/com.st.stm32cube.ide.mcu.externaltools.gnu-tools-for-stm32.10.3-2021.10.win32_1.0.0.202111181127/tools/bin/../lib/gcc/arm-none-eabi/10.3.1/thumb/v7e-m+fp/hard\libgcc.a(_aeabi_uldivmod.o)
                0x0000000008000280                __aeabi_uldivmod
 .text          0x00000000080002b0      0x2d0 c:/st/stm32cubeide_1.9.0/stm32cubeide/plugins/com.st.stm32cube.ide.mcu.externaltools.gnu-tools-for-stm32.10.3-2021.10.win32_1.0.0.202111181127/tools/bin/../lib/gcc/arm-none-eabi/10.3.1/thumb/v7e-m+fp/hard\libgcc.a(_udivmoddi4.o)
                0x00000000080002b0                __udivmoddi4
 .text          0x0000000008000580        0x4 c:/st/stm32cubeide_1.9.0/stm32cubeide/plugins/com.st.stm32cube.ide.mcu.externaltools.gnu-tools-for-stm32.10.3-2021.10.win32_1.0.0.202111181127/tools/bin/../lib/gcc/arm-none-eabi/10.3.1/thumb/v7e-m+fp/hard\libgcc.a(_dvmd_tls.o)
                0x0000000008000580                __aeabi_idiv0
                0x0000000008000580                __aeabi_ldiv0
 *(.text*)
 .text.displayBackgrounds
                0x0000000008000584       0xd8 ./Core/Src/display.o
                0x0000000008000584                displayBackgrounds
 .text.displayBand
                0x000000000800065c       0x3c ./Core/Src/display.o
                0x000000000800065c                displayBand
 .text.displayStep
                0x0000000008000698       0x3c ./Core/Src/display.o
                0x0000000008000698                displayStep
 .text.displayFrequency
                0x00000000080006d4       0xc8 ./Core/Src/display.o
                0x00000000080006d4                displayFrequency
 .text.blk_pwm_setvalue
                0x000000000800079c       0x28 ./Core/Src/display.o
                0x000000000800079c                blk_pwm_setvalue
 .text.setBacklight
                0x00000000080007c4       0x56 ./Core/Src/display.o
                0x00000000080007c4                setBacklight
 .text.configureTimerForRunTimeStats
                0x000000000800081a        0xe ./Core/Src/freertos.o
                0x000000000800081a                configureTimerForRunTimeStats
 .text.getRunTimeCounterValue
                0x0000000008000828       0x18 ./Core/Src/freertos.o
                0x0000000008000828                getRunTimeCounterValue
 .text.vApplicationIdleHook
                0x0000000008000840        0xe ./Core/Src/freertos.o
                0x0000000008000840                vApplicationIdleHook
 *fill*         0x000000000800084e        0x2 
 .text.MX_FREERTOS_Init
                0x0000000008000850       0x40 ./Core/Src/freertos.o
                0x0000000008000850                MX_FREERTOS_Init
 .text.StartDefaultTask
                0x0000000008000890       0x38 ./Core/Src/freertos.o
                0x0000000008000890                StartDefaultTask
 .text.StartEncoderTask
                0x00000000080008c8      0x1bc ./Core/Src/freertos.o
                0x00000000080008c8                StartEncoderTask
 .text.MX_GPIO_Init
                0x0000000008000a84      0x118 ./Core/Src/gpio.o
                0x0000000008000a84                MX_GPIO_Init
 .text.MX_I2C3_Init
                0x0000000008000b9c       0x5c ./Core/Src/i2c.o
                0x0000000008000b9c                MX_I2C3_Init
 .text.HAL_I2C_MspInit
                0x0000000008000bf8       0xd0 ./Core/Src/i2c.o
                0x0000000008000bf8                HAL_I2C_MspInit
 .text.Display_Init
                0x0000000008000cc8       0x6c ./Core/Src/main.o
                0x0000000008000cc8                Display_Init
 .text.main     0x0000000008000d34       0x84 ./Core/Src/main.o
                0x0000000008000d34                main
 .text.SystemClock_Config
                0x0000000008000db8       0xd4 ./Core/Src/main.o
                0x0000000008000db8                SystemClock_Config
 .text.HAL_TIM_PeriodElapsedCallback
                0x0000000008000e8c       0x24 ./Core/Src/main.o
                0x0000000008000e8c                HAL_TIM_PeriodElapsedCallback
 .text.Error_Handler
                0x0000000008000eb0        0xa ./Core/Src/main.o
                0x0000000008000eb0                Error_Handler
 .text.assert_failed
                0x0000000008000eba       0x16 ./Core/Src/main.o
                0x0000000008000eba                assert_failed
 .text.MX_RTC_Init
                0x0000000008000ed0       0xb4 ./Core/Src/rtc.o
                0x0000000008000ed0                MX_RTC_Init
 .text.HAL_RTC_MspInit
                0x0000000008000f84       0x58 ./Core/Src/rtc.o
                0x0000000008000f84                HAL_RTC_MspInit
 .text.MX_SPI1_Init
                0x0000000008000fdc       0x6c ./Core/Src/spi.o
                0x0000000008000fdc                MX_SPI1_Init
 .text.HAL_SPI_MspInit
                0x0000000008001048       0x90 ./Core/Src/spi.o
                0x0000000008001048                HAL_SPI_MspInit
 .text.ST7735_Select
                0x00000000080010d8       0x18 ./Core/Src/st7735.o
 .text.ST7735_Unselect
                0x00000000080010f0       0x18 ./Core/Src/st7735.o
                0x00000000080010f0                ST7735_Unselect
 .text.ST7735_Reset
                0x0000000008001108       0x28 ./Core/Src/st7735.o
 .text.ST7735_WriteCommand
                0x0000000008001130       0x34 ./Core/Src/st7735.o
 .text.ST7735_WriteData
                0x0000000008001164       0x34 ./Core/Src/st7735.o
 .text.ST7735_ExecuteCommandList
                0x0000000008001198       0x92 ./Core/Src/st7735.o
 .text.ST7735_SetAddressWindow
                0x000000000800122a       0x78 ./Core/Src/st7735.o
 *fill*         0x00000000080012a2        0x2 
 .text.ST7735_Init
                0x00000000080012a4       0x34 ./Core/Src/st7735.o
                0x00000000080012a4                ST7735_Init
 .text.ST7735_WriteChar
                0x00000000080012d8       0xee ./Core/Src/st7735.o
 .text.ST7735_WriteString
                0x00000000080013c6       0x94 ./Core/Src/st7735.o
                0x00000000080013c6                ST7735_WriteString
 *fill*         0x000000000800145a        0x2 
 .text.ST7735_FillRectangle
                0x000000000800145c       0xe4 ./Core/Src/st7735.o
                0x000000000800145c                ST7735_FillRectangle
 .text.ST7735_FillRectangleFast
                0x0000000008001540      0x108 ./Core/Src/st7735.o
                0x0000000008001540                ST7735_FillRectangleFast
 .text.ST7735_FillScreen
                0x0000000008001648       0x22 ./Core/Src/st7735.o
                0x0000000008001648                ST7735_FillScreen
 *fill*         0x000000000800166a        0x2 
 .text.HAL_MspInit
                0x000000000800166c       0x58 ./Core/Src/stm32f4xx_hal_msp.o
                0x000000000800166c                HAL_MspInit
 .text.HAL_InitTick
                0x00000000080016c4       0xb0 ./Core/Src/stm32f4xx_hal_timebase_tim.o
                0x00000000080016c4                HAL_InitTick
 .text.NMI_Handler
                0x0000000008001774        0x6 ./Core/Src/stm32f4xx_it.o
                0x0000000008001774                NMI_Handler
 .text.HardFault_Handler
                0x000000000800177a        0x6 ./Core/Src/stm32f4xx_it.o
                0x000000000800177a                HardFault_Handler
 .text.MemManage_Handler
                0x0000000008001780        0x6 ./Core/Src/stm32f4xx_it.o
                0x0000000008001780                MemManage_Handler
 .text.BusFault_Handler
                0x0000000008001786        0x6 ./Core/Src/stm32f4xx_it.o
                0x0000000008001786                BusFault_Handler
 .text.UsageFault_Handler
                0x000000000800178c        0x6 ./Core/Src/stm32f4xx_it.o
                0x000000000800178c                UsageFault_Handler
 .text.DebugMon_Handler
                0x0000000008001792        0xe ./Core/Src/stm32f4xx_it.o
                0x0000000008001792                DebugMon_Handler
 .text.EXTI0_IRQHandler
                0x00000000080017a0        0xe ./Core/Src/stm32f4xx_it.o
                0x00000000080017a0                EXTI0_IRQHandler
 *fill*         0x00000000080017ae        0x2 
 .text.TIM1_UP_TIM10_IRQHandler
                0x00000000080017b0       0x20 ./Core/Src/stm32f4xx_it.o
                0x00000000080017b0                TIM1_UP_TIM10_IRQHandler
 .text.TIM1_TRG_COM_TIM11_IRQHandler
                0x00000000080017d0       0x1c ./Core/Src/stm32f4xx_it.o
                0x00000000080017d0                TIM1_TRG_COM_TIM11_IRQHandler
 .text.TIM3_IRQHandler
                0x00000000080017ec       0x30 ./Core/Src/stm32f4xx_it.o
                0x00000000080017ec                TIM3_IRQHandler
 .text.TIM5_IRQHandler
                0x000000000800181c       0x14 ./Core/Src/stm32f4xx_it.o
                0x000000000800181c                TIM5_IRQHandler
 .text.OTG_FS_IRQHandler
                0x0000000008001830       0x14 ./Core/Src/stm32f4xx_it.o
                0x0000000008001830                OTG_FS_IRQHandler
 .text.HAL_GPIO_EXTI_Callback
                0x0000000008001844       0x58 ./Core/Src/stm32f4xx_it.o
                0x0000000008001844                HAL_GPIO_EXTI_Callback
 .text._sbrk    0x000000000800189c       0x6c ./Core/Src/sysmem.o
                0x000000000800189c                _sbrk
 .text.SystemInit
                0x0000000008001908       0x24 ./Core/Src/system_stm32f4xx.o
                0x0000000008001908                SystemInit
 .text.MX_TIM1_Init
                0x000000000800192c       0xa0 ./Core/Src/tim.o
                0x000000000800192c                MX_TIM1_Init
 .text.MX_TIM3_Init
                0x00000000080019cc       0xa8 ./Core/Src/tim.o
                0x00000000080019cc                MX_TIM3_Init
 .text.MX_TIM4_Init
                0x0000000008001a74       0x98 ./Core/Src/tim.o
                0x0000000008001a74                MX_TIM4_Init
 .text.MX_TIM5_Init
                0x0000000008001b0c       0xec ./Core/Src/tim.o
                0x0000000008001b0c                MX_TIM5_Init
 .text.HAL_TIM_Base_MspInit
                0x0000000008001bf8       0xc8 ./Core/Src/tim.o
                0x0000000008001bf8                HAL_TIM_Base_MspInit
 .text.HAL_TIM_Encoder_MspInit
                0x0000000008001cc0       0xe0 ./Core/Src/tim.o
                0x0000000008001cc0                HAL_TIM_Encoder_MspInit
 .text.HAL_TIM_MspPostInit
                0x0000000008001da0       0x74 ./Core/Src/tim.o
                0x0000000008001da0                HAL_TIM_MspPostInit
 .text.USR_TIM_PWM_OpenTim5Ch2
                0x0000000008001e14       0x14 ./Core/Src/tim.o
                0x0000000008001e14                USR_TIM_PWM_OpenTim5Ch2
 .text.USR_TIM_PWM_SetCompare
                0x0000000008001e28       0x30 ./Core/Src/tim.o
                0x0000000008001e28                USR_TIM_PWM_SetCompare
 .text.Reset_Handler
                0x0000000008001e58       0x50 ./Core/Startup/startup_stm32f411ceux.o
                0x0000000008001e58                Reset_Handler
 .text.Default_Handler
                0x0000000008001ea8        0x2 ./Core/Startup/startup_stm32f411ceux.o
                0x0000000008001ea8                RTC_Alarm_IRQHandler
                0x0000000008001ea8                EXTI2_IRQHandler
                0x0000000008001ea8                SPI4_IRQHandler
                0x0000000008001ea8                TIM1_CC_IRQHandler
                0x0000000008001ea8                DMA2_Stream5_IRQHandler
                0x0000000008001ea8                DMA1_Stream5_IRQHandler
                0x0000000008001ea8                PVD_IRQHandler
                0x0000000008001ea8                SDIO_IRQHandler
                0x0000000008001ea8                TAMP_STAMP_IRQHandler
                0x0000000008001ea8                EXTI3_IRQHandler
                0x0000000008001ea8                I2C3_ER_IRQHandler
                0x0000000008001ea8                I2C2_EV_IRQHandler
                0x0000000008001ea8                DMA1_Stream2_IRQHandler
                0x0000000008001ea8                FPU_IRQHandler
                0x0000000008001ea8                DMA2_Stream2_IRQHandler
                0x0000000008001ea8                SPI1_IRQHandler
                0x0000000008001ea8                TIM1_BRK_TIM9_IRQHandler
                0x0000000008001ea8                DMA2_Stream3_IRQHandler
                0x0000000008001ea8                USART6_IRQHandler
                0x0000000008001ea8                DMA2_Stream0_IRQHandler
                0x0000000008001ea8                TIM4_IRQHandler
                0x0000000008001ea8                I2C1_EV_IRQHandler
                0x0000000008001ea8                DMA1_Stream6_IRQHandler
                0x0000000008001ea8                DMA1_Stream1_IRQHandler
                0x0000000008001ea8                RCC_IRQHandler
                0x0000000008001ea8                Default_Handler
                0x0000000008001ea8                EXTI15_10_IRQHandler
                0x0000000008001ea8                ADC_IRQHandler
                0x0000000008001ea8                DMA1_Stream7_IRQHandler
                0x0000000008001ea8                SPI5_IRQHandler
                0x0000000008001ea8                DMA2_Stream7_IRQHandler
                0x0000000008001ea8                I2C3_EV_IRQHandler
                0x0000000008001ea8                EXTI9_5_IRQHandler
                0x0000000008001ea8                RTC_WKUP_IRQHandler
                0x0000000008001ea8                SPI2_IRQHandler
                0x0000000008001ea8                DMA1_Stream0_IRQHandler
                0x0000000008001ea8                EXTI4_IRQHandler
                0x0000000008001ea8                WWDG_IRQHandler
                0x0000000008001ea8                TIM2_IRQHandler
                0x0000000008001ea8                OTG_FS_WKUP_IRQHandler
                0x0000000008001ea8                EXTI1_IRQHandler
                0x0000000008001ea8                USART2_IRQHandler
                0x0000000008001ea8                I2C2_ER_IRQHandler
                0x0000000008001ea8                DMA2_Stream1_IRQHandler
                0x0000000008001ea8                FLASH_IRQHandler
                0x0000000008001ea8                DMA2_Stream4_IRQHandler
                0x0000000008001ea8                USART1_IRQHandler
                0x0000000008001ea8                SPI3_IRQHandler
                0x0000000008001ea8                DMA1_Stream4_IRQHandler
                0x0000000008001ea8                I2C1_ER_IRQHandler
                0x0000000008001ea8                DMA2_Stream6_IRQHandler
                0x0000000008001ea8                DMA1_Stream3_IRQHandler
 *fill*         0x0000000008001eaa        0x2 
 .text.HAL_Init
                0x0000000008001eac       0x44 ./Drivers/STM32F4xx_HAL_Driver/Src/stm32f4xx_hal.o
                0x0000000008001eac                HAL_Init
 .text.HAL_IncTick
                0x0000000008001ef0       0x28 ./Drivers/STM32F4xx_HAL_Driver/Src/stm32f4xx_hal.o
                0x0000000008001ef0                HAL_IncTick
 .text.HAL_GetTick
                0x0000000008001f18       0x18 ./Drivers/STM32F4xx_HAL_Driver/Src/stm32f4xx_hal.o
                0x0000000008001f18                HAL_GetTick
 .text.HAL_Delay
                0x0000000008001f30       0x48 ./Drivers/STM32F4xx_HAL_Driver/Src/stm32f4xx_hal.o
                0x0000000008001f30                HAL_Delay
 .text.__NVIC_SetPriorityGrouping
                0x0000000008001f78       0x48 ./Drivers/STM32F4xx_HAL_Driver/Src/stm32f4xx_hal_cortex.o
 .text.__NVIC_GetPriorityGrouping
                0x0000000008001fc0       0x1c ./Drivers/STM32F4xx_HAL_Driver/Src/stm32f4xx_hal_cortex.o
 .text.__NVIC_EnableIRQ
                0x0000000008001fdc       0x3c ./Drivers/STM32F4xx_HAL_Driver/Src/stm32f4xx_hal_cortex.o
 .text.__NVIC_SetPriority
                0x0000000008002018       0x54 ./Drivers/STM32F4xx_HAL_Driver/Src/stm32f4xx_hal_cortex.o
 .text.NVIC_EncodePriority
                0x000000000800206c       0x66 ./Drivers/STM32F4xx_HAL_Driver/Src/stm32f4xx_hal_cortex.o
 *fill*         0x00000000080020d2        0x2 
 .text.HAL_NVIC_SetPriorityGrouping
                0x00000000080020d4       0x40 ./Drivers/STM32F4xx_HAL_Driver/Src/stm32f4xx_hal_cortex.o
                0x00000000080020d4                HAL_NVIC_SetPriorityGrouping
 .text.HAL_NVIC_SetPriority
                0x0000000008002114       0x58 ./Drivers/STM32F4xx_HAL_Driver/Src/stm32f4xx_hal_cortex.o
                0x0000000008002114                HAL_NVIC_SetPriority
 .text.HAL_NVIC_EnableIRQ
                0x000000000800216c       0x30 ./Drivers/STM32F4xx_HAL_Driver/Src/stm32f4xx_hal_cortex.o
                0x000000000800216c                HAL_NVIC_EnableIRQ
 .text.HAL_GPIO_Init
                0x000000000800219c      0x534 ./Drivers/STM32F4xx_HAL_Driver/Src/stm32f4xx_hal_gpio.o
                0x000000000800219c                HAL_GPIO_Init
 .text.HAL_GPIO_WritePin
                0x00000000080026d0       0x64 ./Drivers/STM32F4xx_HAL_Driver/Src/stm32f4xx_hal_gpio.o
                0x00000000080026d0                HAL_GPIO_WritePin
 .text.HAL_GPIO_EXTI_IRQHandler
                0x0000000008002734       0x30 ./Drivers/STM32F4xx_HAL_Driver/Src/stm32f4xx_hal_gpio.o
                0x0000000008002734                HAL_GPIO_EXTI_IRQHandler
 .text.HAL_I2C_Init
                0x0000000008002764      0x398 ./Drivers/STM32F4xx_HAL_Driver/Src/stm32f4xx_hal_i2c.o
                0x0000000008002764                HAL_I2C_Init
 .text.HAL_I2C_Mem_Write
                0x0000000008002afc      0x20c ./Drivers/STM32F4xx_HAL_Driver/Src/stm32f4xx_hal_i2c.o
                0x0000000008002afc                HAL_I2C_Mem_Write
 .text.HAL_I2C_IsDeviceReady
                0x0000000008002d08      0x25c ./Drivers/STM32F4xx_HAL_Driver/Src/stm32f4xx_hal_i2c.o
                0x0000000008002d08                HAL_I2C_IsDeviceReady
 .text.I2C_RequestMemoryWrite
                0x0000000008002f64      0x12c ./Drivers/STM32F4xx_HAL_Driver/Src/stm32f4xx_hal_i2c.o
 .text.I2C_WaitOnFlagUntilTimeout
                0x0000000008003090       0xae ./Drivers/STM32F4xx_HAL_Driver/Src/stm32f4xx_hal_i2c.o
 .text.I2C_WaitOnMasterAddressFlagUntilTimeout
                0x000000000800313e       0xfe ./Drivers/STM32F4xx_HAL_Driver/Src/stm32f4xx_hal_i2c.o
 .text.I2C_WaitOnTXEFlagUntilTimeout
                0x000000000800323c       0x82 ./Drivers/STM32F4xx_HAL_Driver/Src/stm32f4xx_hal_i2c.o
 .text.I2C_WaitOnBTFFlagUntilTimeout
                0x00000000080032be       0x82 ./Drivers/STM32F4xx_HAL_Driver/Src/stm32f4xx_hal_i2c.o
 .text.I2C_IsAcknowledgeFailed
                0x0000000008003340       0x5e ./Drivers/STM32F4xx_HAL_Driver/Src/stm32f4xx_hal_i2c.o
 *fill*         0x000000000800339e        0x2 
 .text.HAL_PCD_Init
                0x00000000080033a0      0x250 ./Drivers/STM32F4xx_HAL_Driver/Src/stm32f4xx_hal_pcd.o
                0x00000000080033a0                HAL_PCD_Init
 .text.HAL_PCD_Start
                0x00000000080035f0       0x66 ./Drivers/STM32F4xx_HAL_Driver/Src/stm32f4xx_hal_pcd.o
                0x00000000080035f0                HAL_PCD_Start
 .text.HAL_PCD_IRQHandler
                0x0000000008003656      0x93e ./Drivers/STM32F4xx_HAL_Driver/Src/stm32f4xx_hal_pcd.o
                0x0000000008003656                HAL_PCD_IRQHandler
 .text.HAL_PCD_SetAddress
                0x0000000008003f94       0x4a ./Drivers/STM32F4xx_HAL_Driver/Src/stm32f4xx_hal_pcd.o
                0x0000000008003f94                HAL_PCD_SetAddress
 .text.HAL_PCD_EP_Open
                0x0000000008003fde       0xd0 ./Drivers/STM32F4xx_HAL_Driver/Src/stm32f4xx_hal_pcd.o
                0x0000000008003fde                HAL_PCD_EP_Open
 .text.HAL_PCD_EP_Close
                0x00000000080040ae       0x94 ./Drivers/STM32F4xx_HAL_Driver/Src/stm32f4xx_hal_pcd.o
                0x00000000080040ae                HAL_PCD_EP_Close
 .text.HAL_PCD_EP_Receive
                0x0000000008004142       0x96 ./Drivers/STM32F4xx_HAL_Driver/Src/stm32f4xx_hal_pcd.o
                0x0000000008004142                HAL_PCD_EP_Receive
 .text.HAL_PCD_EP_GetRxCount
                0x00000000080041d8       0x30 ./Drivers/STM32F4xx_HAL_Driver/Src/stm32f4xx_hal_pcd.o
                0x00000000080041d8                HAL_PCD_EP_GetRxCount
 .text.HAL_PCD_EP_Transmit
                0x0000000008004208       0x94 ./Drivers/STM32F4xx_HAL_Driver/Src/stm32f4xx_hal_pcd.o
                0x0000000008004208                HAL_PCD_EP_Transmit
 .text.HAL_PCD_EP_SetStall
                0x000000000800429c       0xc8 ./Drivers/STM32F4xx_HAL_Driver/Src/stm32f4xx_hal_pcd.o
                0x000000000800429c                HAL_PCD_EP_SetStall
 .text.HAL_PCD_EP_ClrStall
                0x0000000008004364       0xac ./Drivers/STM32F4xx_HAL_Driver/Src/stm32f4xx_hal_pcd.o
                0x0000000008004364                HAL_PCD_EP_ClrStall
 .text.HAL_PCD_EP_Abort
                0x0000000008004410       0x62 ./Drivers/STM32F4xx_HAL_Driver/Src/stm32f4xx_hal_pcd.o
                0x0000000008004410                HAL_PCD_EP_Abort
 .text.PCD_WriteEmptyTxFifo
                0x0000000008004472      0x11a ./Drivers/STM32F4xx_HAL_Driver/Src/stm32f4xx_hal_pcd.o
 .text.PCD_EP_OutXfrComplete_int
                0x000000000800458c      0x1d0 ./Drivers/STM32F4xx_HAL_Driver/Src/stm32f4xx_hal_pcd.o
 .text.PCD_EP_OutSetupPacket_int
                0x000000000800475c       0x8c ./Drivers/STM32F4xx_HAL_Driver/Src/stm32f4xx_hal_pcd.o
 .text.HAL_PCDEx_SetTxFiFo
                0x00000000080047e8       0x8e ./Drivers/STM32F4xx_HAL_Driver/Src/stm32f4xx_hal_pcd_ex.o
                0x00000000080047e8                HAL_PCDEx_SetTxFiFo
 .text.HAL_PCDEx_SetRxFiFo
                0x0000000008004876       0x22 ./Drivers/STM32F4xx_HAL_Driver/Src/stm32f4xx_hal_pcd_ex.o
                0x0000000008004876                HAL_PCDEx_SetRxFiFo
 .text.HAL_PCDEx_LPM_Callback
                0x0000000008004898       0x18 ./Drivers/STM32F4xx_HAL_Driver/Src/stm32f4xx_hal_pcd_ex.o
                0x0000000008004898                HAL_PCDEx_LPM_Callback
 .text.HAL_RCC_OscConfig
                0x00000000080048b0      0x650 ./Drivers/STM32F4xx_HAL_Driver/Src/stm32f4xx_hal_rcc.o
                0x00000000080048b0                HAL_RCC_OscConfig
 .text.HAL_RCC_ClockConfig
                0x0000000008004f00      0x31c ./Drivers/STM32F4xx_HAL_Driver/Src/stm32f4xx_hal_rcc.o
                0x0000000008004f00                HAL_RCC_ClockConfig
 .text.HAL_RCC_GetSysClockFreq
                0x000000000800521c      0x18c ./Drivers/STM32F4xx_HAL_Driver/Src/stm32f4xx_hal_rcc.o
                0x000000000800521c                HAL_RCC_GetSysClockFreq
 .text.HAL_RCC_GetHCLKFreq
                0x00000000080053a8       0x18 ./Drivers/STM32F4xx_HAL_Driver/Src/stm32f4xx_hal_rcc.o
                0x00000000080053a8                HAL_RCC_GetHCLKFreq
 .text.HAL_RCC_GetPCLK1Freq
                0x00000000080053c0       0x28 ./Drivers/STM32F4xx_HAL_Driver/Src/stm32f4xx_hal_rcc.o
                0x00000000080053c0                HAL_RCC_GetPCLK1Freq
 .text.HAL_RCC_GetPCLK2Freq
                0x00000000080053e8       0x28 ./Drivers/STM32F4xx_HAL_Driver/Src/stm32f4xx_hal_rcc.o
                0x00000000080053e8                HAL_RCC_GetPCLK2Freq
 .text.HAL_RCC_GetClockConfig
                0x0000000008005410       0x64 ./Drivers/STM32F4xx_HAL_Driver/Src/stm32f4xx_hal_rcc.o
                0x0000000008005410                HAL_RCC_GetClockConfig
 .text.HAL_RCCEx_PeriphCLKConfig
                0x0000000008005474      0x42c ./Drivers/STM32F4xx_HAL_Driver/Src/stm32f4xx_hal_rcc_ex.o
                0x0000000008005474                HAL_RCCEx_PeriphCLKConfig
 .text.HAL_RTC_Init
                0x00000000080058a0      0x1b0 ./Drivers/STM32F4xx_HAL_Driver/Src/stm32f4xx_hal_rtc.o
                0x00000000080058a0                HAL_RTC_Init
 .text.HAL_RTC_SetTime
                0x0000000008005a50      0x290 ./Drivers/STM32F4xx_HAL_Driver/Src/stm32f4xx_hal_rtc.o
                0x0000000008005a50                HAL_RTC_SetTime
 .text.HAL_RTC_SetDate
                0x0000000008005ce0      0x218 ./Drivers/STM32F4xx_HAL_Driver/Src/stm32f4xx_hal_rtc.o
                0x0000000008005ce0                HAL_RTC_SetDate
 .text.HAL_RTC_WaitForSynchro
                0x0000000008005ef8       0x50 ./Drivers/STM32F4xx_HAL_Driver/Src/stm32f4xx_hal_rtc.o
                0x0000000008005ef8                HAL_RTC_WaitForSynchro
 .text.RTC_EnterInitMode
                0x0000000008005f48       0x6e ./Drivers/STM32F4xx_HAL_Driver/Src/stm32f4xx_hal_rtc.o
                0x0000000008005f48                RTC_EnterInitMode
 .text.RTC_ExitInitMode
                0x0000000008005fb6       0x4a ./Drivers/STM32F4xx_HAL_Driver/Src/stm32f4xx_hal_rtc.o
                0x0000000008005fb6                RTC_ExitInitMode
 .text.RTC_ByteToBcd2
                0x0000000008006000       0x3a ./Drivers/STM32F4xx_HAL_Driver/Src/stm32f4xx_hal_rtc.o
                0x0000000008006000                RTC_ByteToBcd2
 .text.RTC_Bcd2ToByte
                0x000000000800603a       0x38 ./Drivers/STM32F4xx_HAL_Driver/Src/stm32f4xx_hal_rtc.o
                0x000000000800603a                RTC_Bcd2ToByte
 *fill*         0x0000000008006072        0x2 
 .text.HAL_SPI_Init
                0x0000000008006074      0x338 ./Drivers/STM32F4xx_HAL_Driver/Src/stm32f4xx_hal_spi.o
                0x0000000008006074                HAL_SPI_Init
 .text.HAL_SPI_Transmit
                0x00000000080063ac      0x298 ./Drivers/STM32F4xx_HAL_Driver/Src/stm32f4xx_hal_spi.o
                0x00000000080063ac                HAL_SPI_Transmit
 .text.SPI_WaitFlagStateUntilTimeout
                0x0000000008006644      0x110 ./Drivers/STM32F4xx_HAL_Driver/Src/stm32f4xx_hal_spi.o
 .text.SPI_EndRxTxTransaction
                0x0000000008006754       0x84 ./Drivers/STM32F4xx_HAL_Driver/Src/stm32f4xx_hal_spi.o
 .text.HAL_TIM_Base_Init
                0x00000000080067d8      0x18c ./Drivers/STM32F4xx_HAL_Driver/Src/stm32f4xx_hal_tim.o
                0x00000000080067d8                HAL_TIM_Base_Init
 .text.HAL_TIM_Base_Start_IT
                0x0000000008006964      0x124 ./Drivers/STM32F4xx_HAL_Driver/Src/stm32f4xx_hal_tim.o
                0x0000000008006964                HAL_TIM_Base_Start_IT
 .text.HAL_TIM_PWM_Init
                0x0000000008006a88      0x18c ./Drivers/STM32F4xx_HAL_Driver/Src/stm32f4xx_hal_tim.o
                0x0000000008006a88                HAL_TIM_PWM_Init
 .text.HAL_TIM_PWM_MspInit
                0x0000000008006c14       0x14 ./Drivers/STM32F4xx_HAL_Driver/Src/stm32f4xx_hal_tim.o
                0x0000000008006c14                HAL_TIM_PWM_MspInit
 .text.HAL_TIM_PWM_Start
                0x0000000008006c28      0x258 ./Drivers/STM32F4xx_HAL_Driver/Src/stm32f4xx_hal_tim.o
                0x0000000008006c28                HAL_TIM_PWM_Start
 .text.HAL_TIM_Encoder_Init
                0x0000000008006e80      0x334 ./Drivers/STM32F4xx_HAL_Driver/Src/stm32f4xx_hal_tim.o
                0x0000000008006e80                HAL_TIM_Encoder_Init
 .text.HAL_TIM_Encoder_Start
                0x00000000080071b4      0x17c ./Drivers/STM32F4xx_HAL_Driver/Src/stm32f4xx_hal_tim.o
                0x00000000080071b4                HAL_TIM_Encoder_Start
 .text.HAL_TIM_IRQHandler
                0x0000000008007330      0x210 ./Drivers/STM32F4xx_HAL_Driver/Src/stm32f4xx_hal_tim.o
                0x0000000008007330                HAL_TIM_IRQHandler
 .text.HAL_TIM_PWM_ConfigChannel
                0x0000000008007540      0x34c ./Drivers/STM32F4xx_HAL_Driver/Src/stm32f4xx_hal_tim.o
                0x0000000008007540                HAL_TIM_PWM_ConfigChannel
 .text.HAL_TIM_ConfigClockSource
                0x000000000800788c      0x620 ./Drivers/STM32F4xx_HAL_Driver/Src/stm32f4xx_hal_tim.o
                0x000000000800788c                HAL_TIM_ConfigClockSource
 .text.HAL_TIM_OC_DelayElapsedCallback
                0x0000000008007eac       0x14 ./Drivers/STM32F4xx_HAL_Driver/Src/stm32f4xx_hal_tim.o
                0x0000000008007eac                HAL_TIM_OC_DelayElapsedCallback
 .text.HAL_TIM_IC_CaptureCallback
                0x0000000008007ec0       0x14 ./Drivers/STM32F4xx_HAL_Driver/Src/stm32f4xx_hal_tim.o
                0x0000000008007ec0                HAL_TIM_IC_CaptureCallback
 .text.HAL_TIM_PWM_PulseFinishedCallback
                0x0000000008007ed4       0x14 ./Drivers/STM32F4xx_HAL_Driver/Src/stm32f4xx_hal_tim.o
                0x0000000008007ed4                HAL_TIM_PWM_PulseFinishedCallback
 .text.HAL_TIM_TriggerCallback
                0x0000000008007ee8       0x14 ./Drivers/STM32F4xx_HAL_Driver/Src/stm32f4xx_hal_tim.o
                0x0000000008007ee8                HAL_TIM_TriggerCallback
 .text.TIM_Base_SetConfig
                0x0000000008007efc      0x100 ./Drivers/STM32F4xx_HAL_Driver/Src/stm32f4xx_hal_tim.o
                0x0000000008007efc                TIM_Base_SetConfig
 .text.TIM_OC1_SetConfig
                0x0000000008007ffc      0x120 ./Drivers/STM32F4xx_HAL_Driver/Src/stm32f4xx_hal_tim.o
 .text.TIM_OC2_SetConfig
                0x000000000800811c      0x128 ./Drivers/STM32F4xx_HAL_Driver/Src/stm32f4xx_hal_tim.o
                0x000000000800811c                TIM_OC2_SetConfig
 .text.TIM_OC3_SetConfig
                0x0000000008008244      0x128 ./Drivers/STM32F4xx_HAL_Driver/Src/stm32f4xx_hal_tim.o
 .text.TIM_OC4_SetConfig
                0x000000000800836c       0xbc ./Drivers/STM32F4xx_HAL_Driver/Src/stm32f4xx_hal_tim.o
 .text.TIM_TI1_ConfigInputStage
                0x0000000008008428       0x5e ./Drivers/STM32F4xx_HAL_Driver/Src/stm32f4xx_hal_tim.o
 .text.TIM_TI2_ConfigInputStage
                0x0000000008008486       0x60 ./Drivers/STM32F4xx_HAL_Driver/Src/stm32f4xx_hal_tim.o
 .text.TIM_ITRx_SetConfig
                0x00000000080084e6       0x36 ./Drivers/STM32F4xx_HAL_Driver/Src/stm32f4xx_hal_tim.o
 .text.TIM_ETR_SetConfig
                0x000000000800851c       0x40 ./Drivers/STM32F4xx_HAL_Driver/Src/stm32f4xx_hal_tim.o
                0x000000000800851c                TIM_ETR_SetConfig
 .text.TIM_CCxChannelCmd
                0x000000000800855c       0xd8 ./Drivers/STM32F4xx_HAL_Driver/Src/stm32f4xx_hal_tim.o
                0x000000000800855c                TIM_CCxChannelCmd
 .text.HAL_TIMEx_MasterConfigSynchronization
                0x0000000008008634      0x17c ./Drivers/STM32F4xx_HAL_Driver/Src/stm32f4xx_hal_tim_ex.o
                0x0000000008008634                HAL_TIMEx_MasterConfigSynchronization
 .text.HAL_TIMEx_CommutCallback
                0x00000000080087b0       0x14 ./Drivers/STM32F4xx_HAL_Driver/Src/stm32f4xx_hal_tim_ex.o
                0x00000000080087b0                HAL_TIMEx_CommutCallback
 .text.HAL_TIMEx_BreakCallback
                0x00000000080087c4       0x14 ./Drivers/STM32F4xx_HAL_Driver/Src/stm32f4xx_hal_tim_ex.o
                0x00000000080087c4                HAL_TIMEx_BreakCallback
 .text.USB_CoreInit
                0x00000000080087d8       0xc2 ./Drivers/STM32F4xx_HAL_Driver/Src/stm32f4xx_ll_usb.o
                0x00000000080087d8                USB_CoreInit
 *fill*         0x000000000800889a        0x2 
 .text.USB_SetTurnaroundTime
                0x000000000800889c      0x144 ./Drivers/STM32F4xx_HAL_Driver/Src/stm32f4xx_ll_usb.o
                0x000000000800889c                USB_SetTurnaroundTime
 .text.USB_EnableGlobalInt
                0x00000000080089e0       0x22 ./Drivers/STM32F4xx_HAL_Driver/Src/stm32f4xx_ll_usb.o
                0x00000000080089e0                USB_EnableGlobalInt
 .text.USB_DisableGlobalInt
                0x0000000008008a02       0x22 ./Drivers/STM32F4xx_HAL_Driver/Src/stm32f4xx_ll_usb.o
                0x0000000008008a02                USB_DisableGlobalInt
 .text.USB_SetCurrentMode
                0x0000000008008a24       0x98 ./Drivers/STM32F4xx_HAL_Driver/Src/stm32f4xx_ll_usb.o
                0x0000000008008a24                USB_SetCurrentMode
 .text.USB_DevInit
                0x0000000008008abc      0x2c8 ./Drivers/STM32F4xx_HAL_Driver/Src/stm32f4xx_ll_usb.o
                0x0000000008008abc                USB_DevInit
 .text.USB_FlushTxFifo
                0x0000000008008d84       0x68 ./Drivers/STM32F4xx_HAL_Driver/Src/stm32f4xx_ll_usb.o
                0x0000000008008d84                USB_FlushTxFifo
 .text.USB_FlushRxFifo
                0x0000000008008dec       0x60 ./Drivers/STM32F4xx_HAL_Driver/Src/stm32f4xx_ll_usb.o
                0x0000000008008dec                USB_FlushRxFifo
 .text.USB_SetDevSpeed
                0x0000000008008e4c       0x32 ./Drivers/STM32F4xx_HAL_Driver/Src/stm32f4xx_ll_usb.o
                0x0000000008008e4c                USB_SetDevSpeed
 .text.USB_GetDevSpeed
                0x0000000008008e7e       0x4a ./Drivers/STM32F4xx_HAL_Driver/Src/stm32f4xx_ll_usb.o
                0x0000000008008e7e                USB_GetDevSpeed
 .text.USB_ActivateEndpoint
                0x0000000008008ec8      0x10e ./Drivers/STM32F4xx_HAL_Driver/Src/stm32f4xx_ll_usb.o
                0x0000000008008ec8                USB_ActivateEndpoint
 *fill*         0x0000000008008fd6        0x2 
 .text.USB_DeactivateEndpoint
                0x0000000008008fd8      0x1b8 ./Drivers/STM32F4xx_HAL_Driver/Src/stm32f4xx_ll_usb.o
                0x0000000008008fd8                USB_DeactivateEndpoint
 .text.USB_EPStartXfer
                0x0000000008009190      0x490 ./Drivers/STM32F4xx_HAL_Driver/Src/stm32f4xx_ll_usb.o
                0x0000000008009190                USB_EPStartXfer
 .text.USB_EP0StartXfer
                0x0000000008009620      0x2b0 ./Drivers/STM32F4xx_HAL_Driver/Src/stm32f4xx_ll_usb.o
                0x0000000008009620                USB_EP0StartXfer
 .text.USB_EPStopXfer
                0x00000000080098d0      0x154 ./Drivers/STM32F4xx_HAL_Driver/Src/stm32f4xx_ll_usb.o
                0x00000000080098d0                USB_EPStopXfer
 .text.USB_WritePacket
                0x0000000008009a24       0x7c ./Drivers/STM32F4xx_HAL_Driver/Src/stm32f4xx_ll_usb.o
                0x0000000008009a24                USB_WritePacket
 .text.USB_ReadPacket
                0x0000000008009aa0       0xb0 ./Drivers/STM32F4xx_HAL_Driver/Src/stm32f4xx_ll_usb.o
                0x0000000008009aa0                USB_ReadPacket
 .text.USB_EPSetStall
                0x0000000008009b50       0xdc ./Drivers/STM32F4xx_HAL_Driver/Src/stm32f4xx_ll_usb.o
                0x0000000008009b50                USB_EPSetStall
 .text.USB_EPClearStall
                0x0000000008009c2c       0xcc ./Drivers/STM32F4xx_HAL_Driver/Src/stm32f4xx_ll_usb.o
                0x0000000008009c2c                USB_EPClearStall
 .text.USB_SetDevAddress
                0x0000000008009cf8       0x4c ./Drivers/STM32F4xx_HAL_Driver/Src/stm32f4xx_ll_usb.o
                0x0000000008009cf8                USB_SetDevAddress
 .text.USB_DevConnect
                0x0000000008009d44       0x42 ./Drivers/STM32F4xx_HAL_Driver/Src/stm32f4xx_ll_usb.o
                0x0000000008009d44                USB_DevConnect
 .text.USB_DevDisconnect
                0x0000000008009d86       0x42 ./Drivers/STM32F4xx_HAL_Driver/Src/stm32f4xx_ll_usb.o
                0x0000000008009d86                USB_DevDisconnect
 .text.USB_ReadInterrupts
                0x0000000008009dc8       0x26 ./Drivers/STM32F4xx_HAL_Driver/Src/stm32f4xx_ll_usb.o
                0x0000000008009dc8                USB_ReadInterrupts
 .text.USB_ReadDevAllOutEpInterrupt
                0x0000000008009dee       0x34 ./Drivers/STM32F4xx_HAL_Driver/Src/stm32f4xx_ll_usb.o
                0x0000000008009dee                USB_ReadDevAllOutEpInterrupt
 .text.USB_ReadDevAllInEpInterrupt
                0x0000000008009e22       0x34 ./Drivers/STM32F4xx_HAL_Driver/Src/stm32f4xx_ll_usb.o
                0x0000000008009e22                USB_ReadDevAllInEpInterrupt
 .text.USB_ReadDevOutEPInterrupt
                0x0000000008009e56       0x3c ./Drivers/STM32F4xx_HAL_Driver/Src/stm32f4xx_ll_usb.o
                0x0000000008009e56                USB_ReadDevOutEPInterrupt
 .text.USB_ReadDevInEPInterrupt
                0x0000000008009e92       0x5c ./Drivers/STM32F4xx_HAL_Driver/Src/stm32f4xx_ll_usb.o
                0x0000000008009e92                USB_ReadDevInEPInterrupt
 .text.USB_GetMode
                0x0000000008009eee       0x1c ./Drivers/STM32F4xx_HAL_Driver/Src/stm32f4xx_ll_usb.o
                0x0000000008009eee                USB_GetMode
 .text.USB_ActivateSetup
                0x0000000008009f0a       0x46 ./Drivers/STM32F4xx_HAL_Driver/Src/stm32f4xx_ll_usb.o
                0x0000000008009f0a                USB_ActivateSetup
 .text.USB_EP0_OutStart
                0x0000000008009f50       0xbc ./Drivers/STM32F4xx_HAL_Driver/Src/stm32f4xx_ll_usb.o
                0x0000000008009f50                USB_EP0_OutStart
 .text.USB_CoreReset
                0x000000000800a00c       0x68 ./Drivers/STM32F4xx_HAL_Driver/Src/stm32f4xx_ll_usb.o
 .text.si5351_Init
                0x000000000800a074       0x70 ./Drivers/si5351/si5351.o
                0x000000000800a074                si5351_Init
 .text.si5351_SetupPLL
                0x000000000800a0e4       0x7e ./Drivers/si5351/si5351.o
                0x000000000800a0e4                si5351_SetupPLL
 .text.si5351_SetupOutput
                0x000000000800a162      0x15a ./Drivers/si5351/si5351.o
                0x000000000800a162                si5351_SetupOutput
 .text.si5351_Calc
                0x000000000800a2bc      0x184 ./Drivers/si5351/si5351.o
                0x000000000800a2bc                si5351_Calc
 .text.si5351_SetupCLK0
                0x000000000800a440       0x42 ./Drivers/si5351/si5351.o
                0x000000000800a440                si5351_SetupCLK0
 .text.si5351_EnableOutputs
                0x000000000800a482       0x20 ./Drivers/si5351/si5351.o
                0x000000000800a482                si5351_EnableOutputs
 *fill*         0x000000000800a4a2        0x2 
 .text.si5351_write
                0x000000000800a4a4       0x50 ./Drivers/si5351/si5351.o
                0x000000000800a4a4                si5351_write
 .text.si5351_writeBulk
                0x000000000800a4f4       0xea ./Drivers/si5351/si5351.o
                0x000000000800a4f4                si5351_writeBulk
 *fill*         0x000000000800a5de        0x2 
 .text.USBD_CDC_Init
                0x000000000800a5e0      0x1f0 ./Middlewares/ST/STM32_USB_Device_Library/Class/CDC/Src/usbd_cdc.o
 .text.USBD_CDC_DeInit
                0x000000000800a7d0      0x104 ./Middlewares/ST/STM32_USB_Device_Library/Class/CDC/Src/usbd_cdc.o
 .text.USBD_CDC_Setup
                0x000000000800a8d4      0x1b8 ./Middlewares/ST/STM32_USB_Device_Library/Class/CDC/Src/usbd_cdc.o
 .text.USBD_CDC_DataIn
                0x000000000800aa8c       0xfe ./Middlewares/ST/STM32_USB_Device_Library/Class/CDC/Src/usbd_cdc.o
 .text.USBD_CDC_DataOut
                0x000000000800ab8a       0x70 ./Middlewares/ST/STM32_USB_Device_Library/Class/CDC/Src/usbd_cdc.o
 .text.USBD_CDC_EP0_RxReady
                0x000000000800abfa       0x76 ./Middlewares/ST/STM32_USB_Device_Library/Class/CDC/Src/usbd_cdc.o
 .text.USBD_CDC_GetFSCfgDesc
                0x000000000800ac70       0x70 ./Middlewares/ST/STM32_USB_Device_Library/Class/CDC/Src/usbd_cdc.o
 .text.USBD_CDC_GetHSCfgDesc
                0x000000000800ace0       0x70 ./Middlewares/ST/STM32_USB_Device_Library/Class/CDC/Src/usbd_cdc.o
 .text.USBD_CDC_GetOtherSpeedCfgDesc
                0x000000000800ad50       0x70 ./Middlewares/ST/STM32_USB_Device_Library/Class/CDC/Src/usbd_cdc.o
 .text.USBD_CDC_GetDeviceQualifierDescriptor
                0x000000000800adc0       0x20 ./Middlewares/ST/STM32_USB_Device_Library/Class/CDC/Src/usbd_cdc.o
                0x000000000800adc0                USBD_CDC_GetDeviceQualifierDescriptor
 .text.USBD_CDC_RegisterInterface
                0x000000000800ade0       0x34 ./Middlewares/ST/STM32_USB_Device_Library/Class/CDC/Src/usbd_cdc.o
                0x000000000800ade0                USBD_CDC_RegisterInterface
 .text.USBD_CDC_SetTxBuffer
                0x000000000800ae14       0x44 ./Middlewares/ST/STM32_USB_Device_Library/Class/CDC/Src/usbd_cdc.o
                0x000000000800ae14                USBD_CDC_SetTxBuffer
 .text.USBD_CDC_SetRxBuffer
                0x000000000800ae58       0x3a ./Middlewares/ST/STM32_USB_Device_Library/Class/CDC/Src/usbd_cdc.o
                0x000000000800ae58                USBD_CDC_SetRxBuffer
 *fill*         0x000000000800ae92        0x2 
 .text.USBD_CDC_ReceivePacket
                0x000000000800ae94       0x6c ./Middlewares/ST/STM32_USB_Device_Library/Class/CDC/Src/usbd_cdc.o
                0x000000000800ae94                USBD_CDC_ReceivePacket
 .text.USBD_Init
                0x000000000800af00       0x60 ./Middlewares/ST/STM32_USB_Device_Library/Core/Src/usbd_core.o
                0x000000000800af00                USBD_Init
 .text.USBD_RegisterClass
                0x000000000800af60       0x6c ./Middlewares/ST/STM32_USB_Device_Library/Core/Src/usbd_core.o
                0x000000000800af60                USBD_RegisterClass
 .text.USBD_Start
                0x000000000800afcc       0x18 ./Middlewares/ST/STM32_USB_Device_Library/Core/Src/usbd_core.o
                0x000000000800afcc                USBD_Start
 .text.USBD_RunTestMode
                0x000000000800afe4       0x16 ./Middlewares/ST/STM32_USB_Device_Library/Core/Src/usbd_core.o
                0x000000000800afe4                USBD_RunTestMode
 .text.USBD_SetClassConfig
                0x000000000800affa       0x38 ./Middlewares/ST/STM32_USB_Device_Library/Core/Src/usbd_core.o
                0x000000000800affa                USBD_SetClassConfig
 .text.USBD_ClrClassConfig
                0x000000000800b032       0x34 ./Middlewares/ST/STM32_USB_Device_Library/Core/Src/usbd_core.o
                0x000000000800b032                USBD_ClrClassConfig
 .text.USBD_LL_SetupStage
                0x000000000800b066       0xaa ./Middlewares/ST/STM32_USB_Device_Library/Core/Src/usbd_core.o
                0x000000000800b066                USBD_LL_SetupStage
 .text.USBD_LL_DataOutStage
                0x000000000800b110      0x166 ./Middlewares/ST/STM32_USB_Device_Library/Core/Src/usbd_core.o
                0x000000000800b110                USBD_LL_DataOutStage
 .text.USBD_LL_DataInStage
                0x000000000800b276      0x164 ./Middlewares/ST/STM32_USB_Device_Library/Core/Src/usbd_core.o
                0x000000000800b276                USBD_LL_DataInStage
 .text.USBD_LL_Reset
                0x000000000800b3da       0xa4 ./Middlewares/ST/STM32_USB_Device_Library/Core/Src/usbd_core.o
                0x000000000800b3da                USBD_LL_Reset
 .text.USBD_LL_SetSpeed
                0x000000000800b47e       0x20 ./Middlewares/ST/STM32_USB_Device_Library/Core/Src/usbd_core.o
                0x000000000800b47e                USBD_LL_SetSpeed
 .text.USBD_LL_Suspend
                0x000000000800b49e       0x2c ./Middlewares/ST/STM32_USB_Device_Library/Core/Src/usbd_core.o
                0x000000000800b49e                USBD_LL_Suspend
 .text.USBD_LL_Resume
                0x000000000800b4ca       0x30 ./Middlewares/ST/STM32_USB_Device_Library/Core/Src/usbd_core.o
                0x000000000800b4ca                USBD_LL_Resume
 .text.USBD_LL_SOF
                0x000000000800b4fa       0x40 ./Middlewares/ST/STM32_USB_Device_Library/Core/Src/usbd_core.o
                0x000000000800b4fa                USBD_LL_SOF
 .text.USBD_LL_IsoINIncomplete
                0x000000000800b53a       0x64 ./Middlewares/ST/STM32_USB_Device_Library/Core/Src/usbd_core.o
                0x000000000800b53a                USBD_LL_IsoINIncomplete
 .text.USBD_LL_IsoOUTIncomplete
                0x000000000800b59e       0x64 ./Middlewares/ST/STM32_USB_Device_Library/Core/Src/usbd_core.o
                0x000000000800b59e                USBD_LL_IsoOUTIncomplete
 .text.USBD_LL_DevConnected
                0x000000000800b602       0x16 ./Middlewares/ST/STM32_USB_Device_Library/Core/Src/usbd_core.o
                0x000000000800b602                USBD_LL_DevConnected
 .text.USBD_LL_DevDisconnected
                0x000000000800b618       0x46 ./Middlewares/ST/STM32_USB_Device_Library/Core/Src/usbd_core.o
                0x000000000800b618                USBD_LL_DevDisconnected
 .text.USBD_CoreFindIF
                0x000000000800b65e       0x1a ./Middlewares/ST/STM32_USB_Device_Library/Core/Src/usbd_core.o
                0x000000000800b65e                USBD_CoreFindIF
 .text.USBD_CoreFindEP
                0x000000000800b678       0x1a ./Middlewares/ST/STM32_USB_Device_Library/Core/Src/usbd_core.o
                0x000000000800b678                USBD_CoreFindEP
 .text.USBD_GetEpDesc
                0x000000000800b692       0x74 ./Middlewares/ST/STM32_USB_Device_Library/Core/Src/usbd_core.o
                0x000000000800b692                USBD_GetEpDesc
 .text.USBD_GetNextDesc
                0x000000000800b706       0x3a ./Middlewares/ST/STM32_USB_Device_Library/Core/Src/usbd_core.o
                0x000000000800b706                USBD_GetNextDesc
 .text.SWAPBYTE
                0x000000000800b740       0x3c ./Middlewares/ST/STM32_USB_Device_Library/Core/Src/usbd_ctlreq.o
 .text.USBD_StdDevReq
                0x000000000800b77c       0xe4 ./Middlewares/ST/STM32_USB_Device_Library/Core/Src/usbd_ctlreq.o
                0x000000000800b77c                USBD_StdDevReq
 .text.USBD_StdItfReq
                0x000000000800b860       0xd8 ./Middlewares/ST/STM32_USB_Device_Library/Core/Src/usbd_ctlreq.o
                0x000000000800b860                USBD_StdItfReq
 .text.USBD_StdEPReq
                0x000000000800b938      0x33a ./Middlewares/ST/STM32_USB_Device_Library/Core/Src/usbd_ctlreq.o
                0x000000000800b938                USBD_StdEPReq
 *fill*         0x000000000800bc72        0x2 
 .text.USBD_GetDescriptor
                0x000000000800bc74      0x2d4 ./Middlewares/ST/STM32_USB_Device_Library/Core/Src/usbd_ctlreq.o
 .text.USBD_SetAddress
                0x000000000800bf48       0x88 ./Middlewares/ST/STM32_USB_Device_Library/Core/Src/usbd_ctlreq.o
 .text.USBD_SetConfig
                0x000000000800bfd0      0x154 ./Middlewares/ST/STM32_USB_Device_Library/Core/Src/usbd_ctlreq.o
 .text.USBD_GetConfig
                0x000000000800c124       0x6c ./Middlewares/ST/STM32_USB_Device_Library/Core/Src/usbd_ctlreq.o
 .text.USBD_GetStatus
                0x000000000800c190       0x68 ./Middlewares/ST/STM32_USB_Device_Library/Core/Src/usbd_ctlreq.o
 .text.USBD_SetFeature
                0x000000000800c1f8       0x52 ./Middlewares/ST/STM32_USB_Device_Library/Core/Src/usbd_ctlreq.o
 .text.USBD_ClrFeature
                0x000000000800c24a       0x44 ./Middlewares/ST/STM32_USB_Device_Library/Core/Src/usbd_ctlreq.o
 .text.USBD_ParseSetupRequest
                0x000000000800c28e       0x74 ./Middlewares/ST/STM32_USB_Device_Library/Core/Src/usbd_ctlreq.o
                0x000000000800c28e                USBD_ParseSetupRequest
 .text.USBD_CtlError
                0x000000000800c302       0x22 ./Middlewares/ST/STM32_USB_Device_Library/Core/Src/usbd_ctlreq.o
                0x000000000800c302                USBD_CtlError
 .text.USBD_GetString
                0x000000000800c324       0x8c ./Middlewares/ST/STM32_USB_Device_Library/Core/Src/usbd_ctlreq.o
                0x000000000800c324                USBD_GetString
 .text.USBD_GetLen
                0x000000000800c3b0       0x34 ./Middlewares/ST/STM32_USB_Device_Library/Core/Src/usbd_ctlreq.o
 .text.USBD_CtlSendData
                0x000000000800c3e4       0x36 ./Middlewares/ST/STM32_USB_Device_Library/Core/Src/usbd_ioreq.o
                0x000000000800c3e4                USBD_CtlSendData
 .text.USBD_CtlContinueSendData
                0x000000000800c41a       0x22 ./Middlewares/ST/STM32_USB_Device_Library/Core/Src/usbd_ioreq.o
                0x000000000800c41a                USBD_CtlContinueSendData
 .text.USBD_CtlPrepareRx
                0x000000000800c43c       0x3a ./Middlewares/ST/STM32_USB_Device_Library/Core/Src/usbd_ioreq.o
                0x000000000800c43c                USBD_CtlPrepareRx
 .text.USBD_CtlContinueRx
                0x000000000800c476       0x22 ./Middlewares/ST/STM32_USB_Device_Library/Core/Src/usbd_ioreq.o
                0x000000000800c476                USBD_CtlContinueRx
 .text.USBD_CtlSendStatus
                0x000000000800c498       0x26 ./Middlewares/ST/STM32_USB_Device_Library/Core/Src/usbd_ioreq.o
                0x000000000800c498                USBD_CtlSendStatus
 .text.USBD_CtlReceiveStatus
                0x000000000800c4be       0x26 ./Middlewares/ST/STM32_USB_Device_Library/Core/Src/usbd_ioreq.o
                0x000000000800c4be                USBD_CtlReceiveStatus
 .text.__NVIC_SetPriority
                0x000000000800c4e4       0x54 ./Middlewares/Third_Party/FreeRTOS/Source/CMSIS_RTOS_V2/cmsis_os2.o
 .text.SysTick_Handler
                0x000000000800c538       0x20 ./Middlewares/Third_Party/FreeRTOS/Source/CMSIS_RTOS_V2/cmsis_os2.o
                0x000000000800c538                SysTick_Handler
 .text.SVC_Setup
                0x000000000800c558       0x12 ./Middlewares/Third_Party/FreeRTOS/Source/CMSIS_RTOS_V2/cmsis_os2.o
 *fill*         0x000000000800c56a        0x2 
 .text.osKernelInitialize
                0x000000000800c56c       0x48 ./Middlewares/Third_Party/FreeRTOS/Source/CMSIS_RTOS_V2/cmsis_os2.o
                0x000000000800c56c                osKernelInitialize
 .text.osKernelStart
                0x000000000800c5b4       0x4c ./Middlewares/Third_Party/FreeRTOS/Source/CMSIS_RTOS_V2/cmsis_os2.o
                0x000000000800c5b4                osKernelStart
 .text.osThreadNew
                0x000000000800c600      0x124 ./Middlewares/Third_Party/FreeRTOS/Source/CMSIS_RTOS_V2/cmsis_os2.o
                0x000000000800c600                osThreadNew
 .text.osDelay  0x000000000800c724       0x36 ./Middlewares/Third_Party/FreeRTOS/Source/CMSIS_RTOS_V2/cmsis_os2.o
                0x000000000800c724                osDelay
 *fill*         0x000000000800c75a        0x2 
 .text.vApplicationGetIdleTaskMemory
                0x000000000800c75c       0x34 ./Middlewares/Third_Party/FreeRTOS/Source/CMSIS_RTOS_V2/cmsis_os2.o
                0x000000000800c75c                vApplicationGetIdleTaskMemory
 .text.vApplicationGetTimerTaskMemory
                0x000000000800c790       0x34 ./Middlewares/Third_Party/FreeRTOS/Source/CMSIS_RTOS_V2/cmsis_os2.o
                0x000000000800c790                vApplicationGetTimerTaskMemory
 .text.vListInitialise
                0x000000000800c7c4       0x40 ./Middlewares/Third_Party/FreeRTOS/Source/list.o
                0x000000000800c7c4                vListInitialise
 .text.vListInitialiseItem
                0x000000000800c804       0x1a ./Middlewares/Third_Party/FreeRTOS/Source/list.o
                0x000000000800c804                vListInitialiseItem
 .text.vListInsertEnd
                0x000000000800c81e       0x48 ./Middlewares/Third_Party/FreeRTOS/Source/list.o
                0x000000000800c81e                vListInsertEnd
 .text.vListInsert
                0x000000000800c866       0x72 ./Middlewares/Third_Party/FreeRTOS/Source/list.o
                0x000000000800c866                vListInsert
 .text.uxListRemove
                0x000000000800c8d8       0x54 ./Middlewares/Third_Party/FreeRTOS/Source/list.o
                0x000000000800c8d8                uxListRemove
 .text.xQueueGenericReset
                0x000000000800c92c       0xd0 ./Middlewares/Third_Party/FreeRTOS/Source/queue.o
                0x000000000800c92c                xQueueGenericReset
 .text.xQueueGenericCreateStatic
                0x000000000800c9fc       0xf0 ./Middlewares/Third_Party/FreeRTOS/Source/queue.o
                0x000000000800c9fc                xQueueGenericCreateStatic
 .text.prvInitialiseNewQueue
                0x000000000800caec       0x46 ./Middlewares/Third_Party/FreeRTOS/Source/queue.o
 *fill*         0x000000000800cb32        0x2 
 .text.xQueueGenericSend
                0x000000000800cb34      0x1fc ./Middlewares/Third_Party/FreeRTOS/Source/queue.o
                0x000000000800cb34                xQueueGenericSend
 .text.xQueueGenericSendFromISR
                0x000000000800cd30      0x136 ./Middlewares/Third_Party/FreeRTOS/Source/queue.o
                0x000000000800cd30                xQueueGenericSendFromISR
 *fill*         0x000000000800ce66        0x2 
 .text.xQueueReceive
                0x000000000800ce68      0x1c0 ./Middlewares/Third_Party/FreeRTOS/Source/queue.o
                0x000000000800ce68                xQueueReceive
 .text.prvCopyDataToQueue
                0x000000000800d028       0xd4 ./Middlewares/Third_Party/FreeRTOS/Source/queue.o
 .text.prvCopyDataFromQueue
                0x000000000800d0fc       0x4c ./Middlewares/Third_Party/FreeRTOS/Source/queue.o
 .text.prvUnlockQueue
                0x000000000800d148       0xa4 ./Middlewares/Third_Party/FreeRTOS/Source/queue.o
 .text.prvIsQueueEmpty
                0x000000000800d1ec       0x2c ./Middlewares/Third_Party/FreeRTOS/Source/queue.o
 .text.prvIsQueueFull
                0x000000000800d218       0x30 ./Middlewares/Third_Party/FreeRTOS/Source/queue.o
 .text.vQueueAddToRegistry
                0x000000000800d248       0x54 ./Middlewares/Third_Party/FreeRTOS/Source/queue.o
                0x000000000800d248                vQueueAddToRegistry
 .text.vQueueWaitForMessageRestricted
                0x000000000800d29c       0x68 ./Middlewares/Third_Party/FreeRTOS/Source/queue.o
                0x000000000800d29c                vQueueWaitForMessageRestricted
 .text.xTaskCreateStatic
                0x000000000800d304       0xba ./Middlewares/Third_Party/FreeRTOS/Source/tasks.o
                0x000000000800d304                xTaskCreateStatic
 .text.xTaskCreate
                0x000000000800d3be       0x8a ./Middlewares/Third_Party/FreeRTOS/Source/tasks.o
                0x000000000800d3be                xTaskCreate
 .text.prvInitialiseNewTask
                0x000000000800d448      0x154 ./Middlewares/Third_Party/FreeRTOS/Source/tasks.o
 .text.prvAddNewTaskToReadyList
                0x000000000800d59c       0xe0 ./Middlewares/Third_Party/FreeRTOS/Source/tasks.o
 .text.vTaskDelay
                0x000000000800d67c       0x68 ./Middlewares/Third_Party/FreeRTOS/Source/tasks.o
                0x000000000800d67c                vTaskDelay
 .text.vTaskStartScheduler
                0x000000000800d6e4       0xe4 ./Middlewares/Third_Party/FreeRTOS/Source/tasks.o
                0x000000000800d6e4                vTaskStartScheduler
 .text.vTaskSuspendAll
                0x000000000800d7c8       0x1c ./Middlewares/Third_Party/FreeRTOS/Source/tasks.o
                0x000000000800d7c8                vTaskSuspendAll
 .text.xTaskResumeAll
                0x000000000800d7e4      0x13c ./Middlewares/Third_Party/FreeRTOS/Source/tasks.o
                0x000000000800d7e4                xTaskResumeAll
 .text.xTaskGetTickCount
                0x000000000800d920       0x20 ./Middlewares/Third_Party/FreeRTOS/Source/tasks.o
                0x000000000800d920                xTaskGetTickCount
 .text.xTaskIncrementTick
                0x000000000800d940      0x174 ./Middlewares/Third_Party/FreeRTOS/Source/tasks.o
                0x000000000800d940                xTaskIncrementTick
 .text.vTaskSwitchContext
                0x000000000800dab4      0x100 ./Middlewares/Third_Party/FreeRTOS/Source/tasks.o
                0x000000000800dab4                vTaskSwitchContext
 .text.vTaskPlaceOnEventList
                0x000000000800dbb4       0x48 ./Middlewares/Third_Party/FreeRTOS/Source/tasks.o
                0x000000000800dbb4                vTaskPlaceOnEventList
 .text.vTaskPlaceOnEventListRestricted
                0x000000000800dbfc       0x58 ./Middlewares/Third_Party/FreeRTOS/Source/tasks.o
                0x000000000800dbfc                vTaskPlaceOnEventListRestricted
 .text.xTaskRemoveFromEventList
                0x000000000800dc54       0xc8 ./Middlewares/Third_Party/FreeRTOS/Source/tasks.o
                0x000000000800dc54                xTaskRemoveFromEventList
 .text.vTaskInternalSetTimeOutState
                0x000000000800dd1c       0x2c ./Middlewares/Third_Party/FreeRTOS/Source/tasks.o
                0x000000000800dd1c                vTaskInternalSetTimeOutState
 .text.xTaskCheckForTimeOut
                0x000000000800dd48       0xc4 ./Middlewares/Third_Party/FreeRTOS/Source/tasks.o
                0x000000000800dd48                xTaskCheckForTimeOut
 .text.vTaskMissedYield
                0x000000000800de0c       0x18 ./Middlewares/Third_Party/FreeRTOS/Source/tasks.o
                0x000000000800de0c                vTaskMissedYield
 .text.prvIdleTask
                0x000000000800de24       0x34 ./Middlewares/Third_Party/FreeRTOS/Source/tasks.o
 .text.prvInitialiseTaskLists
                0x000000000800de58       0x80 ./Middlewares/Third_Party/FreeRTOS/Source/tasks.o
 .text.prvCheckTasksWaitingTermination
                0x000000000800ded8       0x5c ./Middlewares/Third_Party/FreeRTOS/Source/tasks.o
 .text.prvDeleteTCB
                0x000000000800df34       0x68 ./Middlewares/Third_Party/FreeRTOS/Source/tasks.o
 .text.prvResetNextTaskUnblockTime
                0x000000000800df9c       0x40 ./Middlewares/Third_Party/FreeRTOS/Source/tasks.o
 .text.xTaskGetSchedulerState
                0x000000000800dfdc       0x3c ./Middlewares/Third_Party/FreeRTOS/Source/tasks.o
                0x000000000800dfdc                xTaskGetSchedulerState
 .text.xTaskPriorityDisinherit
                0x000000000800e018       0xdc ./Middlewares/Third_Party/FreeRTOS/Source/tasks.o
                0x000000000800e018                xTaskPriorityDisinherit
 .text.prvAddCurrentTaskToDelayedList
                0x000000000800e0f4       0xa8 ./Middlewares/Third_Party/FreeRTOS/Source/tasks.o
 .text.xTimerCreateTimerTask
                0x000000000800e19c       0x90 ./Middlewares/Third_Party/FreeRTOS/Source/timers.o
                0x000000000800e19c                xTimerCreateTimerTask
 .text.xTimerGenericCommand
                0x000000000800e22c       0x9c ./Middlewares/Third_Party/FreeRTOS/Source/timers.o
                0x000000000800e22c                xTimerGenericCommand
 .text.prvProcessExpiredTimer
                0x000000000800e2c8       0x98 ./Middlewares/Third_Party/FreeRTOS/Source/timers.o
 .text.prvTimerTask
                0x000000000800e360       0x24 ./Middlewares/Third_Party/FreeRTOS/Source/timers.o
 .text.prvProcessTimerOrBlockTask
                0x000000000800e384       0x9c ./Middlewares/Third_Party/FreeRTOS/Source/timers.o
 .text.prvGetNextExpireTime
                0x000000000800e420       0x48 ./Middlewares/Third_Party/FreeRTOS/Source/timers.o
 .text.prvSampleTimeNow
                0x000000000800e468       0x40 ./Middlewares/Third_Party/FreeRTOS/Source/timers.o
 .text.prvInsertTimerInActiveList
                0x000000000800e4a8       0x84 ./Middlewares/Third_Party/FreeRTOS/Source/timers.o
 .text.prvProcessReceivedCommands
                0x000000000800e52c      0x1c4 ./Middlewares/Third_Party/FreeRTOS/Source/timers.o
 .text.prvSwitchTimerLists
                0x000000000800e6f0       0xc8 ./Middlewares/Third_Party/FreeRTOS/Source/timers.o
 .text.prvCheckForValidListAndQueue
                0x000000000800e7b8       0x80 ./Middlewares/Third_Party/FreeRTOS/Source/timers.o
 .text.pxPortInitialiseStack
                0x000000000800e838       0x68 ./Middlewares/Third_Party/FreeRTOS/Source/portable/GCC/ARM_CM4F/port.o
                0x000000000800e838                pxPortInitialiseStack
 .text.prvTaskExitError
                0x000000000800e8a0       0x58 ./Middlewares/Third_Party/FreeRTOS/Source/portable/GCC/ARM_CM4F/port.o
 *fill*         0x000000000800e8f8        0x8 
 .text.SVC_Handler
                0x000000000800e900       0x28 ./Middlewares/Third_Party/FreeRTOS/Source/portable/GCC/ARM_CM4F/port.o
                0x000000000800e900                SVC_Handler
 .text.prvPortStartFirstTask
                0x000000000800e928       0x28 ./Middlewares/Third_Party/FreeRTOS/Source/portable/GCC/ARM_CM4F/port.o
 .text.xPortStartScheduler
                0x000000000800e950      0x144 ./Middlewares/Third_Party/FreeRTOS/Source/portable/GCC/ARM_CM4F/port.o
                0x000000000800e950                xPortStartScheduler
 .text.vPortEnterCritical
                0x000000000800ea94       0x60 ./Middlewares/Third_Party/FreeRTOS/Source/portable/GCC/ARM_CM4F/port.o
                0x000000000800ea94                vPortEnterCritical
 .text.vPortExitCritical
                0x000000000800eaf4       0x54 ./Middlewares/Third_Party/FreeRTOS/Source/portable/GCC/ARM_CM4F/port.o
                0x000000000800eaf4                vPortExitCritical
 *fill*         0x000000000800eb48        0x8 
 .text.PendSV_Handler
                0x000000000800eb50       0x68 ./Middlewares/Third_Party/FreeRTOS/Source/portable/GCC/ARM_CM4F/port.o
                0x000000000800eb50                PendSV_Handler
 .text.xPortSysTickHandler
                0x000000000800ebb8       0x44 ./Middlewares/Third_Party/FreeRTOS/Source/portable/GCC/ARM_CM4F/port.o
                0x000000000800ebb8                xPortSysTickHandler
 .text.vPortSetupTimerInterrupt
                0x000000000800ebfc       0x48 ./Middlewares/Third_Party/FreeRTOS/Source/portable/GCC/ARM_CM4F/port.o
                0x000000000800ebfc                vPortSetupTimerInterrupt
 .text.vPortEnableVFP
                0x000000000800ec44       0x14 ./Middlewares/Third_Party/FreeRTOS/Source/portable/GCC/ARM_CM4F/port.o
 .text.vPortValidateInterruptPriority
                0x000000000800ec58       0x80 ./Middlewares/Third_Party/FreeRTOS/Source/portable/GCC/ARM_CM4F/port.o
                0x000000000800ec58                vPortValidateInterruptPriority
 .text.pvPortMalloc
                0x000000000800ecd8      0x198 ./Middlewares/Third_Party/FreeRTOS/Source/portable/MemMang/heap_4.o
                0x000000000800ecd8                pvPortMalloc
 .text.vPortFree
                0x000000000800ee70       0xc4 ./Middlewares/Third_Party/FreeRTOS/Source/portable/MemMang/heap_4.o
                0x000000000800ee70                vPortFree
 .text.prvHeapInit
                0x000000000800ef34       0xc4 ./Middlewares/Third_Party/FreeRTOS/Source/portable/MemMang/heap_4.o
 .text.prvInsertBlockIntoFreeList
                0x000000000800eff8       0xb4 ./Middlewares/Third_Party/FreeRTOS/Source/portable/MemMang/heap_4.o
 .text.MX_USB_DEVICE_Init
                0x000000000800f0ac       0x60 ./USB_DEVICE/App/usb_device.o
                0x000000000800f0ac                MX_USB_DEVICE_Init
 .text.CDC_Init_FS
                0x000000000800f10c       0x28 ./USB_DEVICE/App/usbd_cdc_if.o
 .text.CDC_DeInit_FS
                0x000000000800f134       0x10 ./USB_DEVICE/App/usbd_cdc_if.o
 .text.CDC_Control_FS
                0x000000000800f144       0xbc ./USB_DEVICE/App/usbd_cdc_if.o
 .text.CDC_Receive_FS
                0x000000000800f200       0x28 ./USB_DEVICE/App/usbd_cdc_if.o
 .text.CDC_TransmitCplt_FS
                0x000000000800f228       0x22 ./USB_DEVICE/App/usbd_cdc_if.o
 *fill*         0x000000000800f24a        0x2 
 .text.USBD_FS_DeviceDescriptor
                0x000000000800f24c       0x24 ./USB_DEVICE/App/usbd_desc.o
                0x000000000800f24c                USBD_FS_DeviceDescriptor
 .text.USBD_FS_LangIDStrDescriptor
                0x000000000800f270       0x24 ./USB_DEVICE/App/usbd_desc.o
                0x000000000800f270                USBD_FS_LangIDStrDescriptor
 .text.USBD_FS_ProductStrDescriptor
                0x000000000800f294       0x3c ./USB_DEVICE/App/usbd_desc.o
                0x000000000800f294                USBD_FS_ProductStrDescriptor
 .text.USBD_FS_ManufacturerStrDescriptor
                0x000000000800f2d0       0x28 ./USB_DEVICE/App/usbd_desc.o
                0x000000000800f2d0                USBD_FS_ManufacturerStrDescriptor
 .text.USBD_FS_SerialStrDescriptor
                0x000000000800f2f8       0x24 ./USB_DEVICE/App/usbd_desc.o
                0x000000000800f2f8                USBD_FS_SerialStrDescriptor
 .text.USBD_FS_ConfigStrDescriptor
                0x000000000800f31c       0x3c ./USB_DEVICE/App/usbd_desc.o
                0x000000000800f31c                USBD_FS_ConfigStrDescriptor
 .text.USBD_FS_InterfaceStrDescriptor
                0x000000000800f358       0x3c ./USB_DEVICE/App/usbd_desc.o
                0x000000000800f358                USBD_FS_InterfaceStrDescriptor
 .text.Get_SerialNum
                0x000000000800f394       0x58 ./USB_DEVICE/App/usbd_desc.o
 .text.IntToUnicode
                0x000000000800f3ec       0x7e ./USB_DEVICE/App/usbd_desc.o
 *fill*         0x000000000800f46a        0x2 
 .text.HAL_PCD_MspInit
                0x000000000800f46c       0xa8 ./USB_DEVICE/Target/usbd_conf.o
                0x000000000800f46c                HAL_PCD_MspInit
 .text.HAL_PCD_SetupStageCallback
                0x000000000800f514       0x24 ./USB_DEVICE/Target/usbd_conf.o
                0x000000000800f514                HAL_PCD_SetupStageCallback
 .text.HAL_PCD_DataOutStageCallback
                0x000000000800f538       0x36 ./USB_DEVICE/Target/usbd_conf.o
                0x000000000800f538                HAL_PCD_DataOutStageCallback
 .text.HAL_PCD_DataInStageCallback
                0x000000000800f56e       0x34 ./USB_DEVICE/Target/usbd_conf.o
                0x000000000800f56e                HAL_PCD_DataInStageCallback
 .text.HAL_PCD_SOFCallback
                0x000000000800f5a2       0x1c ./USB_DEVICE/Target/usbd_conf.o
                0x000000000800f5a2                HAL_PCD_SOFCallback
 .text.HAL_PCD_ResetCallback
                0x000000000800f5be       0x3c ./USB_DEVICE/Target/usbd_conf.o
                0x000000000800f5be                HAL_PCD_ResetCallback
 *fill*         0x000000000800f5fa        0x2 
 .text.HAL_PCD_SuspendCallback
                0x000000000800f5fc       0x4c ./USB_DEVICE/Target/usbd_conf.o
                0x000000000800f5fc                HAL_PCD_SuspendCallback
 .text.HAL_PCD_ResumeCallback
                0x000000000800f648       0x1c ./USB_DEVICE/Target/usbd_conf.o
                0x000000000800f648                HAL_PCD_ResumeCallback
 .text.HAL_PCD_ISOOUTIncompleteCallback
                0x000000000800f664       0x24 ./USB_DEVICE/Target/usbd_conf.o
                0x000000000800f664                HAL_PCD_ISOOUTIncompleteCallback
 .text.HAL_PCD_ISOINIncompleteCallback
                0x000000000800f688       0x24 ./USB_DEVICE/Target/usbd_conf.o
                0x000000000800f688                HAL_PCD_ISOINIncompleteCallback
 .text.HAL_PCD_ConnectCallback
                0x000000000800f6ac       0x1c ./USB_DEVICE/Target/usbd_conf.o
                0x000000000800f6ac                HAL_PCD_ConnectCallback
 .text.HAL_PCD_DisconnectCallback
                0x000000000800f6c8       0x1c ./USB_DEVICE/Target/usbd_conf.o
                0x000000000800f6c8                HAL_PCD_DisconnectCallback
 .text.USBD_LL_Init
                0x000000000800f6e4       0x98 ./USB_DEVICE/Target/usbd_conf.o
                0x000000000800f6e4                USBD_LL_Init
 .text.USBD_LL_Start
                0x000000000800f77c       0x36 ./USB_DEVICE/Target/usbd_conf.o
                0x000000000800f77c                USBD_LL_Start
 .text.USBD_LL_OpenEP
                0x000000000800f7b2       0x4c ./USB_DEVICE/Target/usbd_conf.o
                0x000000000800f7b2                USBD_LL_OpenEP
 .text.USBD_LL_CloseEP
                0x000000000800f7fe       0x3e ./USB_DEVICE/Target/usbd_conf.o
                0x000000000800f7fe                USBD_LL_CloseEP
 .text.USBD_LL_StallEP
                0x000000000800f83c       0x3e ./USB_DEVICE/Target/usbd_conf.o
                0x000000000800f83c                USBD_LL_StallEP
 .text.USBD_LL_ClearStallEP
                0x000000000800f87a       0x3e ./USB_DEVICE/Target/usbd_conf.o
                0x000000000800f87a                USBD_LL_ClearStallEP
 .text.USBD_LL_IsStallEP
                0x000000000800f8b8       0x58 ./USB_DEVICE/Target/usbd_conf.o
                0x000000000800f8b8                USBD_LL_IsStallEP
 .text.USBD_LL_SetUSBAddress
                0x000000000800f910       0x3e ./USB_DEVICE/Target/usbd_conf.o
                0x000000000800f910                USBD_LL_SetUSBAddress
 .text.USBD_LL_Transmit
                0x000000000800f94e       0x42 ./USB_DEVICE/Target/usbd_conf.o
                0x000000000800f94e                USBD_LL_Transmit
 .text.USBD_LL_PrepareReceive
                0x000000000800f990       0x42 ./USB_DEVICE/Target/usbd_conf.o
                0x000000000800f990                USBD_LL_PrepareReceive
 .text.USBD_LL_GetRxDataSize
                0x000000000800f9d2       0x26 ./USB_DEVICE/Target/usbd_conf.o
                0x000000000800f9d2                USBD_LL_GetRxDataSize
 .text.USBD_static_malloc
                0x000000000800f9f8       0x1c ./USB_DEVICE/Target/usbd_conf.o
                0x000000000800f9f8                USBD_static_malloc
 .text.USBD_static_free
                0x000000000800fa14       0x14 ./USB_DEVICE/Target/usbd_conf.o
                0x000000000800fa14                USBD_static_free
 .text.USBD_Get_USB_Status
                0x000000000800fa28       0x58 ./USB_DEVICE/Target/usbd_conf.o
                0x000000000800fa28                USBD_Get_USB_Status
 .text.__errno  0x000000000800fa80        0xc c:/st/stm32cubeide_1.9.0/stm32cubeide/plugins/com.st.stm32cube.ide.mcu.externaltools.gnu-tools-for-stm32.10.3-2021.10.win32_1.0.0.202111181127/tools/bin/../lib/gcc/arm-none-eabi/10.3.1/../../../../arm-none-eabi/lib/thumb/v7e-m+fp/hard\libc_nano.a(lib_a-errno.o)
                0x000000000800fa80                __errno
 .text.__libc_init_array
                0x000000000800fa8c       0x48 c:/st/stm32cubeide_1.9.0/stm32cubeide/plugins/com.st.stm32cube.ide.mcu.externaltools.gnu-tools-for-stm32.10.3-2021.10.win32_1.0.0.202111181127/tools/bin/../lib/gcc/arm-none-eabi/10.3.1/../../../../arm-none-eabi/lib/thumb/v7e-m+fp/hard\libc_nano.a(lib_a-init.o)
                0x000000000800fa8c                __libc_init_array
 .text.__retarget_lock_acquire_recursive
                0x000000000800fad4        0x2 c:/st/stm32cubeide_1.9.0/stm32cubeide/plugins/com.st.stm32cube.ide.mcu.externaltools.gnu-tools-for-stm32.10.3-2021.10.win32_1.0.0.202111181127/tools/bin/../lib/gcc/arm-none-eabi/10.3.1/../../../../arm-none-eabi/lib/thumb/v7e-m+fp/hard\libc_nano.a(lib_a-lock.o)
                0x000000000800fad4                __retarget_lock_acquire_recursive
 .text.__retarget_lock_release_recursive
                0x000000000800fad6        0x2 c:/st/stm32cubeide_1.9.0/stm32cubeide/plugins/com.st.stm32cube.ide.mcu.externaltools.gnu-tools-for-stm32.10.3-2021.10.win32_1.0.0.202111181127/tools/bin/../lib/gcc/arm-none-eabi/10.3.1/../../../../arm-none-eabi/lib/thumb/v7e-m+fp/hard\libc_nano.a(lib_a-lock.o)
                0x000000000800fad6                __retarget_lock_release_recursive
 .text.malloc   0x000000000800fad8       0x10 c:/st/stm32cubeide_1.9.0/stm32cubeide/plugins/com.st.stm32cube.ide.mcu.externaltools.gnu-tools-for-stm32.10.3-2021.10.win32_1.0.0.202111181127/tools/bin/../lib/gcc/arm-none-eabi/10.3.1/../../../../arm-none-eabi/lib/thumb/v7e-m+fp/hard\libc_nano.a(lib_a-malloc.o)
                0x000000000800fad8                malloc
 .text.free     0x000000000800fae8       0x10 c:/st/stm32cubeide_1.9.0/stm32cubeide/plugins/com.st.stm32cube.ide.mcu.externaltools.gnu-tools-for-stm32.10.3-2021.10.win32_1.0.0.202111181127/tools/bin/../lib/gcc/arm-none-eabi/10.3.1/../../../../arm-none-eabi/lib/thumb/v7e-m+fp/hard\libc_nano.a(lib_a-malloc.o)
                0x000000000800fae8                free
 .text.memcpy   0x000000000800faf8       0x1c c:/st/stm32cubeide_1.9.0/stm32cubeide/plugins/com.st.stm32cube.ide.mcu.externaltools.gnu-tools-for-stm32.10.3-2021.10.win32_1.0.0.202111181127/tools/bin/../lib/gcc/arm-none-eabi/10.3.1/../../../../arm-none-eabi/lib/thumb/v7e-m+fp/hard\libc_nano.a(lib_a-memcpy-stub.o)
                0x000000000800faf8                memcpy
 .text.memset   0x000000000800fb14       0x10 c:/st/stm32cubeide_1.9.0/stm32cubeide/plugins/com.st.stm32cube.ide.mcu.externaltools.gnu-tools-for-stm32.10.3-2021.10.win32_1.0.0.202111181127/tools/bin/../lib/gcc/arm-none-eabi/10.3.1/../../../../arm-none-eabi/lib/thumb/v7e-m+fp/hard\libc_nano.a(lib_a-memset.o)
                0x000000000800fb14                memset
 .text._free_r  0x000000000800fb24       0x98 c:/st/stm32cubeide_1.9.0/stm32cubeide/plugins/com.st.stm32cube.ide.mcu.externaltools.gnu-tools-for-stm32.10.3-2021.10.win32_1.0.0.202111181127/tools/bin/../lib/gcc/arm-none-eabi/10.3.1/../../../../arm-none-eabi/lib/thumb/v7e-m+fp/hard\libc_nano.a(lib_a-nano-freer.o)
                0x000000000800fb24                _free_r
 .text.sbrk_aligned
                0x000000000800fbbc       0x40 c:/st/stm32cubeide_1.9.0/stm32cubeide/plugins/com.st.stm32cube.ide.mcu.externaltools.gnu-tools-for-stm32.10.3-2021.10.win32_1.0.0.202111181127/tools/bin/../lib/gcc/arm-none-eabi/10.3.1/../../../../arm-none-eabi/lib/thumb/v7e-m+fp/hard\libc_nano.a(lib_a-nano-mallocr.o)
 .text._malloc_r
                0x000000000800fbfc       0xe8 c:/st/stm32cubeide_1.9.0/stm32cubeide/plugins/com.st.stm32cube.ide.mcu.externaltools.gnu-tools-for-stm32.10.3-2021.10.win32_1.0.0.202111181127/tools/bin/../lib/gcc/arm-none-eabi/10.3.1/../../../../arm-none-eabi/lib/thumb/v7e-m+fp/hard\libc_nano.a(lib_a-nano-mallocr.o)
                0x000000000800fbfc                _malloc_r
 .text.cleanup_glue
                0x000000000800fce4       0x1a c:/st/stm32cubeide_1.9.0/stm32cubeide/plugins/com.st.stm32cube.ide.mcu.externaltools.gnu-tools-for-stm32.10.3-2021.10.win32_1.0.0.202111181127/tools/bin/../lib/gcc/arm-none-eabi/10.3.1/../../../../arm-none-eabi/lib/thumb/v7e-m+fp/hard\libc_nano.a(lib_a-reent.o)
                0x000000000800fce4                cleanup_glue
 *fill*         0x000000000800fcfe        0x2 
 .text._reclaim_reent
                0x000000000800fd00       0xb8 c:/st/stm32cubeide_1.9.0/stm32cubeide/plugins/com.st.stm32cube.ide.mcu.externaltools.gnu-tools-for-stm32.10.3-2021.10.win32_1.0.0.202111181127/tools/bin/../lib/gcc/arm-none-eabi/10.3.1/../../../../arm-none-eabi/lib/thumb/v7e-m+fp/hard\libc_nano.a(lib_a-reent.o)
                0x000000000800fd00                _reclaim_reent
 .text._sbrk_r  0x000000000800fdb8       0x20 c:/st/stm32cubeide_1.9.0/stm32cubeide/plugins/com.st.stm32cube.ide.mcu.externaltools.gnu-tools-for-stm32.10.3-2021.10.win32_1.0.0.202111181127/tools/bin/../lib/gcc/arm-none-eabi/10.3.1/../../../../arm-none-eabi/lib/thumb/v7e-m+fp/hard\libc_nano.a(lib_a-sbrkr.o)
                0x000000000800fdb8                _sbrk_r
 .text.sprintf  0x000000000800fdd8       0x40 c:/st/stm32cubeide_1.9.0/stm32cubeide/plugins/com.st.stm32cube.ide.mcu.externaltools.gnu-tools-for-stm32.10.3-2021.10.win32_1.0.0.202111181127/tools/bin/../lib/gcc/arm-none-eabi/10.3.1/../../../../arm-none-eabi/lib/thumb/v7e-m+fp/hard\libc_nano.a(lib_a-sprintf.o)
                0x000000000800fdd8                siprintf
                0x000000000800fdd8                sprintf
 .text.__malloc_lock
                0x000000000800fe18        0xc c:/st/stm32cubeide_1.9.0/stm32cubeide/plugins/com.st.stm32cube.ide.mcu.externaltools.gnu-tools-for-stm32.10.3-2021.10.win32_1.0.0.202111181127/tools/bin/../lib/gcc/arm-none-eabi/10.3.1/../../../../arm-none-eabi/lib/thumb/v7e-m+fp/hard\libc_nano.a(lib_a-mlock.o)
                0x000000000800fe18                __malloc_lock
 .text.__malloc_unlock
                0x000000000800fe24        0xc c:/st/stm32cubeide_1.9.0/stm32cubeide/plugins/com.st.stm32cube.ide.mcu.externaltools.gnu-tools-for-stm32.10.3-2021.10.win32_1.0.0.202111181127/tools/bin/../lib/gcc/arm-none-eabi/10.3.1/../../../../arm-none-eabi/lib/thumb/v7e-m+fp/hard\libc_nano.a(lib_a-mlock.o)
                0x000000000800fe24                __malloc_unlock
 .text.__ssputs_r
                0x000000000800fe30       0xb6 c:/st/stm32cubeide_1.9.0/stm32cubeide/plugins/com.st.stm32cube.ide.mcu.externaltools.gnu-tools-for-stm32.10.3-2021.10.win32_1.0.0.202111181127/tools/bin/../lib/gcc/arm-none-eabi/10.3.1/../../../../arm-none-eabi/lib/thumb/v7e-m+fp/hard\libc_nano.a(lib_a-nano-svfprintf.o)
                0x000000000800fe30                __ssputs_r
 *fill*         0x000000000800fee6        0x2 
 .text._svfprintf_r
                0x000000000800fee8      0x200 c:/st/stm32cubeide_1.9.0/stm32cubeide/plugins/com.st.stm32cube.ide.mcu.externaltools.gnu-tools-for-stm32.10.3-2021.10.win32_1.0.0.202111181127/tools/bin/../lib/gcc/arm-none-eabi/10.3.1/../../../../arm-none-eabi/lib/thumb/v7e-m+fp/hard\libc_nano.a(lib_a-nano-svfprintf.o)
                0x000000000800fee8                _svfiprintf_r
                0x000000000800fee8                _svfprintf_r
 .text._printf_common
                0x00000000080100e8       0xda c:/st/stm32cubeide_1.9.0/stm32cubeide/plugins/com.st.stm32cube.ide.mcu.externaltools.gnu-tools-for-stm32.10.3-2021.10.win32_1.0.0.202111181127/tools/bin/../lib/gcc/arm-none-eabi/10.3.1/../../../../arm-none-eabi/lib/thumb/v7e-m+fp/hard\libc_nano.a(lib_a-nano-vfprintf_i.o)
                0x00000000080100e8                _printf_common
 *fill*         0x00000000080101c2        0x2 
 .text._printf_i
                0x00000000080101c4      0x24c c:/st/stm32cubeide_1.9.0/stm32cubeide/plugins/com.st.stm32cube.ide.mcu.externaltools.gnu-tools-for-stm32.10.3-2021.10.win32_1.0.0.202111181127/tools/bin/../lib/gcc/arm-none-eabi/10.3.1/../../../../arm-none-eabi/lib/thumb/v7e-m+fp/hard\libc_nano.a(lib_a-nano-vfprintf_i.o)
                0x00000000080101c4                _printf_i
 .text.memmove  0x0000000008010410       0x34 c:/st/stm32cubeide_1.9.0/stm32cubeide/plugins/com.st.stm32cube.ide.mcu.externaltools.gnu-tools-for-stm32.10.3-2021.10.win32_1.0.0.202111181127/tools/bin/../lib/gcc/arm-none-eabi/10.3.1/../../../../arm-none-eabi/lib/thumb/v7e-m+fp/hard\libc_nano.a(lib_a-memmove.o)
                0x0000000008010410                memmove
 .text._realloc_r
                0x0000000008010444       0x5e c:/st/stm32cubeide_1.9.0/stm32cubeide/plugins/com.st.stm32cube.ide.mcu.externaltools.gnu-tools-for-stm32.10.3-2021.10.win32_1.0.0.202111181127/tools/bin/../lib/gcc/arm-none-eabi/10.3.1/../../../../arm-none-eabi/lib/thumb/v7e-m+fp/hard\libc_nano.a(lib_a-nano-reallocr.o)
                0x0000000008010444                _realloc_r
 .text._malloc_usable_size_r
                0x00000000080104a2       0x10 c:/st/stm32cubeide_1.9.0/stm32cubeide/plugins/com.st.stm32cube.ide.mcu.externaltools.gnu-tools-for-stm32.10.3-2021.10.win32_1.0.0.202111181127/tools/bin/../lib/gcc/arm-none-eabi/10.3.1/../../../../arm-none-eabi/lib/thumb/v7e-m+fp/hard\libc_nano.a(lib_a-nano-msizer.o)
                0x00000000080104a2                _malloc_usable_size_r
 *(.glue_7)
 .glue_7        0x00000000080104b2        0x0 linker stubs
 *(.glue_7t)
 .glue_7t       0x00000000080104b2        0x0 linker stubs
 *(.eh_frame)
 *fill*         0x00000000080104b2        0x2 
 .eh_frame      0x00000000080104b4        0x0 c:/st/stm32cubeide_1.9.0/stm32cubeide/plugins/com.st.stm32cube.ide.mcu.externaltools.gnu-tools-for-stm32.10.3-2021.10.win32_1.0.0.202111181127/tools/bin/../lib/gcc/arm-none-eabi/10.3.1/thumb/v7e-m+fp/hard/crtbegin.o
 *(.init)
 .init          0x00000000080104b4        0x4 c:/st/stm32cubeide_1.9.0/stm32cubeide/plugins/com.st.stm32cube.ide.mcu.externaltools.gnu-tools-for-stm32.10.3-2021.10.win32_1.0.0.202111181127/tools/bin/../lib/gcc/arm-none-eabi/10.3.1/thumb/v7e-m+fp/hard/crti.o
                0x00000000080104b4                _init
 .init          0x00000000080104b8        0x8 c:/st/stm32cubeide_1.9.0/stm32cubeide/plugins/com.st.stm32cube.ide.mcu.externaltools.gnu-tools-for-stm32.10.3-2021.10.win32_1.0.0.202111181127/tools/bin/../lib/gcc/arm-none-eabi/10.3.1/thumb/v7e-m+fp/hard/crtn.o
 *(.fini)
 .fini          0x00000000080104c0        0x4 c:/st/stm32cubeide_1.9.0/stm32cubeide/plugins/com.st.stm32cube.ide.mcu.externaltools.gnu-tools-for-stm32.10.3-2021.10.win32_1.0.0.202111181127/tools/bin/../lib/gcc/arm-none-eabi/10.3.1/thumb/v7e-m+fp/hard/crti.o
                0x00000000080104c0                _fini
 .fini          0x00000000080104c4        0x8 c:/st/stm32cubeide_1.9.0/stm32cubeide/plugins/com.st.stm32cube.ide.mcu.externaltools.gnu-tools-for-stm32.10.3-2021.10.win32_1.0.0.202111181127/tools/bin/../lib/gcc/arm-none-eabi/10.3.1/thumb/v7e-m+fp/hard/crtn.o
                0x00000000080104cc                . = ALIGN (0x4)
                0x00000000080104cc                _etext = .

.vfp11_veneer   0x00000000080104cc        0x0
 .vfp11_veneer  0x00000000080104cc        0x0 linker stubs

.v4_bx          0x00000000080104cc        0x0
 .v4_bx         0x00000000080104cc        0x0 linker stubs

.iplt           0x00000000080104cc        0x0
 .iplt          0x00000000080104cc        0x0 c:/st/stm32cubeide_1.9.0/stm32cubeide/plugins/com.st.stm32cube.ide.mcu.externaltools.gnu-tools-for-stm32.10.3-2021.10.win32_1.0.0.202111181127/tools/bin/../lib/gcc/arm-none-eabi/10.3.1/thumb/v7e-m+fp/hard/crtbegin.o

.rodata         0x00000000080104cc     0x2ce4
                0x00000000080104cc                . = ALIGN (0x4)
 *(.rodata)
 .rodata        0x00000000080104cc       0x29 ./Core/Src/display.o
 *fill*         0x00000000080104f5        0x3 
 .rodata        0x00000000080104f8       0x58 ./Core/Src/freertos.o
 .rodata        0x0000000008010550       0x15 ./Core/Src/main.o
 *fill*         0x0000000008010565        0x3 
 .rodata        0x0000000008010568       0x3b ./Drivers/STM32F4xx_HAL_Driver/Src/stm32f4xx_hal_cortex.o
 *fill*         0x00000000080105a3        0x1 
 .rodata        0x00000000080105a4       0x39 ./Drivers/STM32F4xx_HAL_Driver/Src/stm32f4xx_hal_gpio.o
 *fill*         0x00000000080105dd        0x3 
 .rodata        0x00000000080105e0       0x38 ./Drivers/STM32F4xx_HAL_Driver/Src/stm32f4xx_hal_i2c.o
 .rodata        0x0000000008010618       0x38 ./Drivers/STM32F4xx_HAL_Driver/Src/stm32f4xx_hal_pcd.o
 .rodata        0x0000000008010650       0x38 ./Drivers/STM32F4xx_HAL_Driver/Src/stm32f4xx_hal_rcc.o
 .rodata        0x0000000008010688       0x3b ./Drivers/STM32F4xx_HAL_Driver/Src/stm32f4xx_hal_rcc_ex.o
 *fill*         0x00000000080106c3        0x1 
 .rodata        0x00000000080106c4       0x38 ./Drivers/STM32F4xx_HAL_Driver/Src/stm32f4xx_hal_rtc.o
 .rodata        0x00000000080106fc       0x38 ./Drivers/STM32F4xx_HAL_Driver/Src/stm32f4xx_hal_spi.o
 .rodata        0x0000000008010734       0x38 ./Drivers/STM32F4xx_HAL_Driver/Src/stm32f4xx_hal_tim.o
 .rodata        0x000000000801076c       0x3b ./Drivers/STM32F4xx_HAL_Driver/Src/stm32f4xx_hal_tim_ex.o
 *fill*         0x00000000080107a7        0x1 
 .rodata        0x00000000080107a8       0x30 ./Middlewares/Third_Party/FreeRTOS/Source/tasks.o
 .rodata        0x00000000080107d8        0xd ./Middlewares/Third_Party/FreeRTOS/Source/timers.o
 *fill*         0x00000000080107e5        0x3 
 .rodata        0x00000000080107e8       0x46 ./USB_DEVICE/App/usbd_desc.o
 *(.rodata*)
 *fill*         0x000000000801082e        0x2 
 .rodata.Font7x10
                0x0000000008010830      0x76c ./Core/Src/fonts.o
 .rodata.Font11x18
                0x0000000008010f9c      0xd5c ./Core/Src/fonts.o
 .rodata.Font16x26
                0x0000000008011cf8     0x134c ./Core/Src/fonts.o
 .rodata.defaultTask_attributes
                0x0000000008013044       0x24 ./Core/Src/freertos.o
                0x0000000008013044                defaultTask_attributes
 .rodata.encoderTask_attributes
                0x0000000008013068       0x24 ./Core/Src/freertos.o
                0x0000000008013068                encoderTask_attributes
 .rodata.init_cmds1
                0x000000000801308c       0x3b ./Core/Src/st7735.o
 *fill*         0x00000000080130c7        0x1 
 .rodata.init_cmds2
                0x00000000080130c8        0xf ./Core/Src/st7735.o
 *fill*         0x00000000080130d7        0x1 
 .rodata.init_cmds3
                0x00000000080130d8       0x2b ./Core/Src/st7735.o
 *fill*         0x0000000008013103        0x1 
 .rodata.AHBPrescTable
                0x0000000008013104       0x10 ./Core/Src/system_stm32f4xx.o
                0x0000000008013104                AHBPrescTable
 .rodata.APBPrescTable
                0x0000000008013114        0x8 ./Core/Src/system_stm32f4xx.o
                0x0000000008013114                APBPrescTable
 .rodata.__sf_fake_stderr
                0x000000000801311c       0x20 c:/st/stm32cubeide_1.9.0/stm32cubeide/plugins/com.st.stm32cube.ide.mcu.externaltools.gnu-tools-for-stm32.10.3-2021.10.win32_1.0.0.202111181127/tools/bin/../lib/gcc/arm-none-eabi/10.3.1/../../../../arm-none-eabi/lib/thumb/v7e-m+fp/hard\libc_nano.a(lib_a-findfp.o)
                0x000000000801311c                __sf_fake_stderr
 .rodata.__sf_fake_stdin
                0x000000000801313c       0x20 c:/st/stm32cubeide_1.9.0/stm32cubeide/plugins/com.st.stm32cube.ide.mcu.externaltools.gnu-tools-for-stm32.10.3-2021.10.win32_1.0.0.202111181127/tools/bin/../lib/gcc/arm-none-eabi/10.3.1/../../../../arm-none-eabi/lib/thumb/v7e-m+fp/hard\libc_nano.a(lib_a-findfp.o)
                0x000000000801313c                __sf_fake_stdin
 .rodata.__sf_fake_stdout