../Core/Src/stm32f4xx_it.c:76:6:NMI_Handler	4	static
../Core/Src/stm32f4xx_it.c:91:6:HardFault_Handler	4	static
../Core/Src/stm32f4xx_it.c:106:6:MemManage_Handler	4	static
../Core/Src/stm32f4xx_it.c:121:6:BusFault_Handler	4	static
../Core/Src/stm32f4xx_it.c:136:6:UsageFault_Handler	4	static
../Core/Src/stm32f4xx_it.c:151:6:DebugMon_Handler	4	static
../Core/Src/stm32f4xx_it.c:171:6:RCC_IRQHandler	4	static
../Core/Src/stm32f4xx_it.c:184:6:EXTI0_IRQHandler	8	static
../Core/Src/stm32f4xx_it.c:198:6:TIM1_UP_TIM10_IRQHandler	8	static
../Core/Src/stm32f4xx_it.c:212:6:TIM2_IRQHandler	8	static
../Core/Src/stm32f4xx_it.c:226:6:TIM3_IRQHandler	8	static
../Core/Src/stm32f4xx_it.c:246:6:TIM4_IRQHandler	8	static
../Core/Src/stm32f4xx_it.c:260:6:DMA1_Stream7_IRQHandler	8	static
../Core/Src/stm32f4xx_it.c:274:6:OTG_FS_IRQHandler	8	static
../Core/Src/stm32f4xx_it.c:286:6:HAL_GPIO_EXTI_Callback	24	static
