../Core/Src/stm32f4xx_it.c:75:6:NMI_Handler	4	static
../Core/Src/stm32f4xx_it.c:90:6:HardFault_Handler	4	static
../Core/Src/stm32f4xx_it.c:105:6:MemManage_Handler	4	static
../Core/Src/stm32f4xx_it.c:120:6:BusFault_Handler	4	static
../Core/Src/stm32f4xx_it.c:135:6:UsageFault_Handler	4	static
../Core/Src/stm32f4xx_it.c:150:6:DebugMon_Handler	4	static
../Core/Src/stm32f4xx_it.c:170:6:EXTI0_IRQHandler	8	static
../Core/Src/stm32f4xx_it.c:184:6:TIM1_UP_TIM10_IRQHandler	8	static
../Core/Src/stm32f4xx_it.c:201:6:TIM1_TRG_COM_TIM11_IRQHandler	8	static
../Core/Src/stm32f4xx_it.c:216:6:TIM3_IRQHandler	8	static
../Core/Src/stm32f4xx_it.c:236:6:TIM5_IRQHandler	8	static
../Core/Src/stm32f4xx_it.c:250:6:OTG_FS_IRQHandler	8	static
../Core/Src/stm32f4xx_it.c:262:6:HAL_GPIO_EXTI_Callback	24	static
