../Core/Src/tim.c:33:6:MX_TIM1_Init	32	static
../Core/Src/tim.c:74:6:MX_TIM3_Init	56	static
../Core/Src/tim.c:118:6:MX_TIM4_Init	32	static
../Core/Src/tim.c:158:6:MX_TIM5_Init	64	static
../Core/Src/tim.c:212:6:HAL_TIM_Base_MspInit	32	static
../Core/Src/tim.c:260:6:HAL_TIM_Encoder_MspInit	48	static
../Core/Src/tim.c:300:6:HAL_TIM_MspPostInit	40	static
../Core/Src/tim.c:328:6:HAL_TIM_Base_MspDeInit	16	static
../Core/Src/tim.c:373:6:HAL_TIM_Encoder_MspDeInit	16	static
../Core/Src/tim.c:401:6:USR_TIM_PWM_OpenTim5Ch2	8	static
../Core/Src/tim.c:406:6:USR_TIM_PWM_CloseTim5Ch2	8	static
../Core/Src/tim.c:412:6:USR_TIM_PWM_SetCompare	16	static
